проверочные песни: ['BN1-147-Gb', 'Funk1-114-Ab', 'Funk3-98-A', 'Jazz3-137-Eb', 'Rock2-85-F', 'SS2-107-Ab']
обучение: GuitarSet 288, синтетика 0, AAM 450; проверка: GuitarSet 36, AAM 50
доли качеств: {'maj': np.float64(0.596), 'min': np.float64(0.352), '7': np.float64(0.042), 'maj7': np.float64(0.0), 'min7': np.float64(0.0), 'N': np.float64(0.01)} | веса: {'maj': np.float64(0.53), 'min': np.float64(0.69), '7': np.float64(2.0), 'maj7': np.float64(3.0), 'min7': np.float64(3.0), 'N': np.float64(3.0)}
шаг 250/16000: потери 3.646, 123 с
шаг 500/16000: потери 1.656, 245 с
шаг 750/16000: потери 2.232, 367 с
шаг 1000/16000: потери 2.010, 490 с
шаг 1250/16000: потери 1.258, 612 с
шаг 1500/16000: потери 1.238, 733 с
шаг 1750/16000: потери 2.106, 855 с
шаг 2000/16000: потери 1.189, 977 с
шаг 2250/16000: потери 1.317, 1098 с
шаг 2500/16000: потери 1.198, 1220 с
шаг 2750/16000: потери 1.398, 1341 с
шаг 3000/16000: потери 1.145, 1463 с
шаг 3250/16000: потери 1.195, 1584 с
шаг 3500/16000: потери 1.281, 1706 с
шаг 3750/16000: потери 1.212, 1827 с
шаг 4000/16000: потери 1.204, 1948 с
шаг 4250/16000: потери 1.133, 2069 с
шаг 4500/16000: потери 1.111, 2190 с
шаг 4750/16000: потери 1.238, 2311 с
шаг 5000/16000: потери 1.377, 2432 с
шаг 5250/16000: потери 1.222, 2553 с
шаг 5500/16000: потери 1.179, 2673 с
шаг 5750/16000: потери 1.101, 2794 с
шаг 6000/16000: потери 1.293, 2915 с
шаг 6250/16000: потери 1.141, 3036 с
шаг 6500/16000: потери 1.160, 3158 с
шаг 6750/16000: потери 1.182, 3279 с
шаг 7000/16000: потери 1.187, 3400 с
шаг 7250/16000: потери 1.068, 3521 с
шаг 7500/16000: потери 1.224, 3641 с
шаг 7750/16000: потери 1.183, 3762 с
шаг 8000/16000: потери 1.081, 3883 с
шаг 8250/16000: потери 1.082, 4003 с
шаг 8500/16000: потери 1.108, 4124 с
шаг 8750/16000: потери 1.080, 4244 с
шаг 9000/16000: потери 1.177, 4365 с
шаг 9250/16000: потери 1.128, 4486 с
шаг 9500/16000: потери 0.942, 4609 с
шаг 9750/16000: потери 1.035, 4731 с
шаг 10000/16000: потери 1.082, 4852 с
шаг 10250/16000: потери 1.131, 4973 с
шаг 10500/16000: потери 1.084, 5093 с
шаг 10750/16000: потери 1.079, 5214 с
шаг 11000/16000: потери 1.155, 5334 с
шаг 11250/16000: потери 1.078, 5455 с
шаг 11500/16000: потери 1.011, 5576 с
шаг 11750/16000: потери 1.110, 5697 с
шаг 12000/16000: потери 1.118, 5817 с
шаг 12250/16000: потери 0.973, 5937 с
шаг 12500/16000: потери 1.144, 6058 с
шаг 12750/16000: потери 1.110, 6178 с
шаг 13000/16000: потери 1.096, 6299 с
шаг 13250/16000: потери 1.144, 6419 с
шаг 13500/16000: потери 1.023, 6540 с
шаг 13750/16000: потери 1.063, 6660 с
шаг 14000/16000: потери 1.162, 6781 с
шаг 14250/16000: потери 1.066, 6901 с
шаг 14500/16000: потери 1.092, 7021 с
шаг 14750/16000: потери 1.003, 7141 с
шаг 15000/16000: потери 1.051, 7262 с
шаг 15250/16000: потери 1.074, 7382 с
шаг 15500/16000: потери 1.128, 7502 с
шаг 15750/16000: потери 1.030, 7623 с
шаг 16000/16000: потери 1.076, 7744 с
{"file": "00_BN1-147-Gb_comp_mic", "duration": 19.5856, "net_0.0": 0.9375356710775153, "net_1.0": 0.9517624221488286, "net_2.0": 0.9517624221488286, "net_3.0": 0.9517624221488286, "net_5.0": 0.9517624221488286, "net_8.0": 0.9517624221488286}
{"file": "00_Funk1-114-Ab_comp_mic", "duration": 25.25840000000005, "net_0.0": 0.8737524894474933, "net_1.0": 0.8737524894474933, "net_2.0": 0.8921384162271199, "net_3.0": 0.8921384162271199, "net_5.0": 0.8921384162271199, "net_8.0": 0.8921384162271199}
{"file": "00_Funk3-98-A_comp_mic", "duration": 39.17879999999991, "net_0.0": 0.9080388632595457, "net_1.0": 0.9080388632595457, "net_2.0": 0.9080388632595457, "net_3.0": 0.9080388632595457, "net_5.0": 0.9147301353013185, "net_8.0": 0.8975057707987613}
{"file": "00_Jazz3-137-Eb_comp_mic", "duration": 28.023199999999974, "net_0.0": 0.8276305426427513, "net_1.0": 0.8276305426427513, "net_2.0": 0.8077442016265707, "net_3.0": 0.8077442016265707, "net_5.0": 0.8077442016265707, "net_8.0": 0.8077442016265707}
{"file": "00_Rock2-85-F_comp_mic", "duration": 45.173199999999994, "net_0.0": 0.9741647990606005, "net_1.0": 0.9741647990606005, "net_2.0": 0.9741647990606005, "net_3.0": 0.9741647990606005, "net_5.0": 0.9741647990606005, "net_8.0": 0.9741647990606005}
{"file": "00_SS2-107-Ab_comp_mic", "duration": 35.88639999999998, "net_0.0": 0.9926596328702251, "net_1.0": 0.9926596328702251, "net_2.0": 0.9926596328702251, "net_3.0": 0.9926596328702251, "net_5.0": 0.9926596328702251, "net_8.0": 0.9926596328702251}
{"file": "01_BN1-147-Gb_comp_mic", "duration": 19.5856, "net_0.0": 0.9922197455078755, "net_1.0": 0.9922197455078755, "net_2.0": 0.9922197455078755, "net_3.0": 0.9922197455078755, "net_5.0": 0.9922197455078755, "net_8.0": 0.9922197455078755}
{"file": "01_Funk1-114-Ab_comp_mic", "duration": 25.25840000000005, "net_0.0": 0.30520789654235936, "net_1.0": 0.30520789654235936, "net_2.0": 0.30520789654235936, "net_3.0": 0.30520789654235936, "net_5.0": 0.30520789654235936, "net_8.0": 0.30520789654235936}
{"file": "01_Funk3-98-A_comp_mic", "duration": 39.17879999999991, "net_0.0": 0.9684775608781158, "net_1.0": 0.9684775608781158, "net_2.0": 0.9684775608781158, "net_3.0": 0.9684775608781158, "net_5.0": 0.9684775608781158, "net_8.0": 0.9684775608781158}
{"file": "01_Jazz3-137-Eb_comp_mic", "duration": 28.023199999999974, "net_0.0": 0.9688633304915071, "net_1.0": 0.9688633304915071, "net_2.0": 0.9688633304915071, "net_3.0": 0.9688633304915071, "net_5.0": 0.9688633304915071, "net_8.0": 0.9688633304915071}
{"file": "01_Rock2-85-F_comp_mic", "duration": 45.173199999999994, "net_0.0": 0.9868599429430439, "net_1.0": 0.9868599429430439, "net_2.0": 0.9868599429430439, "net_3.0": 0.9868599429430439, "net_5.0": 0.9868599429430439, "net_8.0": 0.9868599429430439}
{"file": "01_SS2-107-Ab_comp_mic", "duration": 35.88639999999998, "net_0.0": 0.8548543257785264, "net_1.0": 0.8548543257785264, "net_2.0": 0.8548543257785264, "net_3.0": 0.8755597417331515, "net_5.0": 0.8755597417331515, "net_8.0": 0.8755597417331515}
{"file": "02_BN1-147-Gb_comp_mic", "duration": 19.5856, "net_0.0": 0.9732507440794578, "net_1.0": 0.9732507440794578, "net_2.0": 0.9732507440794578, "net_3.0": 0.9732507440794578, "net_5.0": 0.9732507440794578, "net_8.0": 0.9732507440794578}
{"file": "02_Funk1-114-Ab_comp_mic", "duration": 25.25840000000005, "net_0.0": 0.17895131398650707, "net_1.0": 0.1568882018509551, "net_2.0": 0.1568882018509551, "net_3.0": 0.1568882018509551, "net_5.0": 0.1568882018509551, "net_8.0": 0.1568882018509551}
{"file": "02_Funk3-98-A_comp_mic", "duration": 39.17879999999991, "net_0.0": 0.9414742023353966, "net_1.0": 0.9414742023353966, "net_2.0": 0.9414742023353966, "net_3.0": 0.9414742023353966, "net_5.0": 0.9414742023353966, "net_8.0": 0.9414742023353966}
{"file": "02_Jazz3-137-Eb_comp_mic", "duration": 28.023199999999974, "net_0.0": 0.9427141226498233, "net_1.0": 0.9427141226498233, "net_2.0": 0.9427141226498233, "net_3.0": 0.9427141226498233, "net_5.0": 0.9427141226498233, "net_8.0": 0.9427141226498233}
{"file": "02_Rock2-85-F_comp_mic", "duration": 45.173199999999994, "net_0.0": 0.9304272422788101, "net_1.0": 0.9304272422788101, "net_2.0": 0.9304272422788101, "net_3.0": 0.9304272422788101, "net_5.0": 0.9393557425867416, "net_8.0": 0.9299650509227629}
{"file": "02_SS2-107-Ab_comp_mic", "duration": 35.88639999999998, "net_0.0": 0.9412308206789944, "net_1.0": 0.9353149875491017, "net_2.0": 0.9541704346708606, "net_3.0": 0.9541704346708606, "net_5.0": 0.977833767190432, "net_8.0": 0.9790241903874228}
{"file": "03_BN1-147-Gb_comp_mic", "duration": 19.5856, "net_0.0": 0.986588323208814, "net_1.0": 0.986588323208814, "net_2.0": 0.986588323208814, "net_3.0": 0.986588323208814, "net_5.0": 0.986588323208814, "net_8.0": 0.986588323208814}
{"file": "03_Funk1-114-Ab_comp_mic", "duration": 25.25840000000005, "net_0.0": 0.610420329086391, "net_1.0": 0.6030659583745404, "net_2.0": 0.6030659583745404, "net_3.0": 0.6251290705100924, "net_5.0": 0.6655781094252708, "net_8.0": 0.7170587044082254}
{"file": "03_Funk3-98-A_comp_mic", "duration": 39.17879999999991, "net_0.0": 0.7515246514340772, "net_1.0": 0.7515246514340772, "net_2.0": 0.7515246514340772, "net_3.0": 0.7515246514340772, "net_5.0": 0.7515246514340772, "net_8.0": 0.7664709548250059}
{"file": "03_Jazz3-137-Eb_comp_mic", "duration": 28.023199999999974, "net_0.0": 0.19876928571470404, "net_1.0": 0.18513522724885106, "net_2.0": 0.14886518428005335, "net_3.0": 0.12778697827710261, "net_5.0": 0.1900863494133844, "net_8.0": 0.1900863494133844}
{"file": "03_Rock2-85-F_comp_mic", "duration": 45.173199999999994, "net_0.0": 0.9422131218580023, "net_1.0": 0.9516124526127477, "net_2.0": 0.9516124526127477, "net_3.0": 0.9516124526127477, "net_5.0": 0.9516124526127477, "net_8.0": 0.9516124526127477}
{"file": "03_SS2-107-Ab_comp_mic", "duration": 35.88639999999998, "net_0.0": 0.9779063329005537, "net_1.0": 0.9779063329005537, "net_2.0": 0.9779063329005537, "net_3.0": 0.9779063329005537, "net_5.0": 0.9779063329005537, "net_8.0": 0.9779063329005537}
{"file": "04_BN1-147-Gb_comp_mic", "duration": 19.5856, "net_0.0": 0.974436306668734, "net_1.0": 0.974436306668734, "net_2.0": 0.974436306668734, "net_3.0": 0.974436306668734, "net_5.0": 0.974436306668734, "net_8.0": 0.974436306668734}
{"file": "04_Funk1-114-Ab_comp_mic", "duration": 25.25840000000005, "net_0.0": 0.9597408418948359, "net_1.0": 0.9450411724744798, "net_2.0": 0.9450411724744798, "net_3.0": 0.9450411724744798, "net_5.0": 0.9450411724744798, "net_8.0": 0.9779414238661206}
{"file": "04_Funk3-98-A_comp_mic", "duration": 39.17879999999991, "net_0.0": 0.6903688970389759, "net_1.0": 0.6974808927045479, "net_2.0": 0.6903688970389759, "net_3.0": 0.6903688970389759, "net_5.0": 0.6903688970389759, "net_8.0": 0.7075006574313043}
{"file": "04_Jazz3-137-Eb_comp_mic", "duration": 28.023199999999974, "net_0.0": 0.9220853703320201, "net_1.0": 0.9320285408401102, "net_2.0": 0.9320285408401102, "net_3.0": 0.9320285408401102, "net_5.0": 0.9320285408401102, "net_8.0": 0.9320285408401102}
{"file": "04_Rock2-85-F_comp_mic", "duration": 45.173199999999994, "net_0.0": 0.9830673820962307, "net_1.0": 0.9830673820962307, "net_2.0": 0.9830673820962307, "net_3.0": 0.9830673820962307, "net_5.0": 0.9830673820962307, "net_8.0": 0.9830673820962307}
{"file": "04_SS2-107-Ab_comp_mic", "duration": 35.88639999999998, "net_0.0": 0.8933435239778911, "net_1.0": 0.8933435239778911, "net_2.0": 0.8933435239778911, "net_3.0": 0.8933435239778911, "net_5.0": 0.8933435239778911, "net_8.0": 0.8933435239778911}
{"file": "05_BN1-147-Gb_comp_mic", "duration": 19.5856, "net_0.0": 0.5642316507792017, "net_1.0": 0.5642316507792017, "net_2.0": 0.5642316507792017, "net_3.0": 0.5642316507792017, "net_5.0": 0.5689739011363061, "net_8.0": 0.5689739011363061}
{"file": "05_Funk1-114-Ab_comp_mic", "duration": 25.25840000000005, "net_0.0": 0.9460624041110511, "net_1.0": 0.9460624041110511, "net_2.0": 0.9460624041110511, "net_3.0": 0.9460624041110511, "net_5.0": 0.9632175624368441, "net_8.0": 0.9632175624368441}
{"file": "05_Funk3-98-A_comp_mic", "duration": 39.17879999999991, "net_0.0": 0.7611925205419642, "net_1.0": 0.7611925205419642, "net_2.0": 0.7611925205419642, "net_3.0": 0.7611925205419642, "net_5.0": 0.7601738753294474, "net_8.0": 0.7601738753294474}
{"file": "05_Jazz3-137-Eb_comp_mic", "duration": 28.023199999999974, "net_0.0": 0.9598402359040636, "net_1.0": 0.9598402359040636, "net_2.0": 0.9797265769202441, "net_3.0": 0.9797265769202441, "net_5.0": 0.9797265769202441, "net_8.0": 0.9797265769202441}
{"file": "05_Rock2-85-F_comp_mic", "duration": 45.173199999999994, "net_0.0": 0.9840263211713928, "net_1.0": 0.9840263211713928, "net_2.0": 0.9840263211713928, "net_3.0": 0.9840263211713928, "net_5.0": 0.9840263211713928, "net_8.0": 0.9840263211713928}
{"file": "05_SS2-107-Ab_comp_mic", "duration": 35.88639999999998, "net_0.0": 0.9012708958698985, "net_1.0": 0.9012708958698985, "net_2.0": 0.9219763118245237, "net_3.0": 0.9397238112142019, "net_5.0": 0.9485975609090413, "net_8.0": 0.9485975609090413}

ИТОГ AAM majmin: {0.0: 0.977, 1.0: 0.977, 2.0: 0.977, 3.0: 0.977, 5.0: 0.977, 8.0: 0.977}

ИТОГ majmin: {0.0: 0.861, 1.0: 0.861, 2.0: 0.861, 3.0: 0.862, 5.0: 0.867, 8.0: 0.869} | старый разбор: -

ИТОГ sevenths: {0.0: 0.856, 1.0: 0.856, 2.0: 0.857, 3.0: 0.858, 5.0: 0.863, 8.0: 0.864} | старый разбор: -
/home/runner/work/midi_to_tab/midi_to_tab/scripts/chordnet/train.py:306: DeprecationWarning: You are using the legacy TorchScript-based ONNX export. Starting in PyTorch 2.9, the new torch.export-based ONNX exporter has become the default. Learn more about the new export logic: https://docs.pytorch.org/docs/stable/onnx_export.html. For exporting control flow: https://pytorch.org/tutorials/beginner/onnx/export_control_flow_model_to_onnx_tutorial.html
  torch.onnx.export(model, torch.zeros(1, 200, common.WINDOW), args.export,
/opt/hostedtoolcache/Python/3.11.16/x64/lib/python3.11/site-packages/torch/onnx/_internal/torchscript_exporter/symbolic_opset9.py:4604: UserWarning: Exporting a model to ONNX with a batch_size other than 1, with a variable length with GRU can cause an error when running the ONNX model with a different batch size. Make sure to save the model with a batch size of 1, or define the initial states (h0/c0) as inputs of the model. 
  return _generic_rnn(
модель: results/chordnet.onnx 2.05 МБ
