проверочные песни: ['BN1-129-Eb', 'BN3-154-E', 'Funk3-112-C#', 'Jazz2-187-F#', 'Rock2-142-D', 'SS1-68-E']
обучение: GuitarSet 288, синтетика 0, AAM 450; проверка: GuitarSet 36, AAM 50
доли качеств: {'maj': np.float64(0.584), 'min': np.float64(0.359), '7': np.float64(0.046), 'maj7': np.float64(0.0), 'min7': np.float64(0.0), 'N': np.float64(0.01)} | веса: {'maj': np.float64(0.53), 'min': np.float64(0.68), '7': np.float64(1.89), 'maj7': np.float64(3.0), 'min7': np.float64(3.0), 'N': np.float64(3.0)}
шаг 250/16000: потери 3.681, 125 с
шаг 500/16000: потери 1.614, 249 с
шаг 750/16000: потери 1.354, 372 с
шаг 1000/16000: потери 1.400, 496 с
шаг 1250/16000: потери 1.199, 620 с
шаг 1500/16000: потери 1.267, 743 с
шаг 1750/16000: потери 1.189, 866 с
шаг 2000/16000: потери 1.117, 988 с
шаг 2250/16000: потери 1.115, 1110 с
шаг 2500/16000: потери 1.173, 1233 с
шаг 2750/16000: потери 1.261, 1355 с
шаг 3000/16000: потери 1.186, 1477 с
шаг 3250/16000: потери 1.163, 1599 с
шаг 3500/16000: потери 1.250, 1720 с
шаг 3750/16000: потери 1.357, 1842 с
шаг 4000/16000: потери 1.329, 1963 с
шаг 4250/16000: потери 1.148, 2084 с
шаг 4500/16000: потери 1.133, 2206 с
шаг 4750/16000: потери 1.136, 2330 с
шаг 5000/16000: потери 1.242, 2453 с
шаг 5250/16000: потери 1.140, 2577 с
шаг 5500/16000: потери 1.103, 2703 с
шаг 5750/16000: потери 1.345, 2827 с
шаг 6000/16000: потери 1.229, 2949 с
шаг 6250/16000: потери 1.312, 3071 с
шаг 6500/16000: потери 1.122, 3193 с
шаг 6750/16000: потери 1.067, 3317 с
шаг 7000/16000: потери 1.089, 3441 с
шаг 7250/16000: потери 1.059, 3565 с
шаг 7500/16000: потери 1.270, 3687 с
шаг 7750/16000: потери 1.160, 3810 с
шаг 8000/16000: потери 1.185, 3933 с
шаг 8250/16000: потери 1.137, 4057 с
шаг 8500/16000: потери 1.080, 4178 с
шаг 8750/16000: потери 1.101, 4299 с
шаг 9000/16000: потери 1.111, 4422 с
шаг 9250/16000: потери 1.137, 4543 с
шаг 9500/16000: потери 0.979, 4664 с
шаг 9750/16000: потери 1.199, 4786 с
шаг 10000/16000: потери 1.085, 4910 с
шаг 10250/16000: потери 1.130, 5034 с
шаг 10500/16000: потери 1.158, 5156 с
шаг 10750/16000: потери 1.161, 5276 с
шаг 11000/16000: потери 1.058, 5396 с
шаг 11250/16000: потери 1.189, 5516 с
шаг 11500/16000: потери 1.193, 5637 с
шаг 11750/16000: потери 1.005, 5757 с
шаг 12000/16000: потери 1.100, 5878 с
шаг 12250/16000: потери 1.074, 5998 с
шаг 12500/16000: потери 1.027, 6118 с
шаг 12750/16000: потери 1.051, 6238 с
шаг 13000/16000: потери 1.054, 6358 с
шаг 13250/16000: потери 1.152, 6479 с
шаг 13500/16000: потери 1.075, 6599 с
шаг 13750/16000: потери 1.029, 6719 с
шаг 14000/16000: потери 1.143, 6842 с
шаг 14250/16000: потери 1.116, 6963 с
шаг 14500/16000: потери 1.099, 7084 с
шаг 14750/16000: потери 1.064, 7204 с
шаг 15000/16000: потери 1.013, 7326 с
шаг 15250/16000: потери 1.049, 7447 с
шаг 15500/16000: потери 1.044, 7568 с
шаг 15750/16000: потери 0.928, 7688 с
шаг 16000/16000: потери 1.105, 7809 с
{"file": "00_BN1-129-Eb_comp_mic", "duration": 22.32439999999997, "net_0.0": 0.8525092086954392, "net_1.0": 0.8525092086954392, "net_2.0": 0.8525092086954392, "net_3.0": 0.8872820171994872, "net_5.0": 0.9330470995548987, "net_8.0": 0.9330470995548987}
{"file": "00_BN3-154-E_comp_mic", "duration": 24.932000000000016, "net_0.0": 0.9408287056977207, "net_1.0": 0.9408287056977207, "net_2.0": 0.9408287056977207, "net_3.0": 0.9408287056977207, "net_5.0": 0.9408287056977207, "net_8.0": 0.9408287056977207}
{"file": "00_Funk3-112-C#_comp_mic", "duration": 34.284400000000005, "net_0.0": 0.8993876775858419, "net_1.0": 0.8993876775858419, "net_2.0": 0.8993876775858419, "net_3.0": 0.8993876775858419, "net_5.0": 0.8993876775858419, "net_8.0": 0.8993876775858419}
{"file": "00_Jazz2-187-F#_comp_mic", "duration": 20.53200000000004, "net_0.0": 0.8853148571345094, "net_1.0": 0.8806126988873426, "net_2.0": 0.8806126988873426, "net_3.0": 0.8806126988873426, "net_5.0": 0.8806126988873426, "net_8.0": 0.8806126988873426}
{"file": "00_Rock2-142-D_comp_mic", "duration": 27.041600000000003, "net_0.0": 0.9507469389970906, "net_1.0": 0.9507469389970906, "net_2.0": 0.9507469389970906, "net_3.0": 0.9507469389970906, "net_5.0": 0.9507469389970906, "net_8.0": 0.9507469389970906}
{"file": "00_SS1-68-E_comp_mic", "duration": 42.34640000000002, "net_0.0": 0.9846380910313483, "net_1.0": 0.9846380910313483, "net_2.0": 0.9846380910313483, "net_3.0": 0.9846380910313483, "net_5.0": 0.9846380910313483, "net_8.0": 0.9977980978221173}
{"file": "01_BN1-129-Eb_comp_mic", "duration": 22.32439999999997, "net_0.0": 0.9684352155622808, "net_1.0": 0.9684352155622808, "net_2.0": 0.9684352155622808, "net_3.0": 0.9684352155622808, "net_5.0": 0.9684352155622808, "net_8.0": 0.9684352155622808}
{"file": "01_BN3-154-E_comp_mic", "duration": 24.932000000000016, "net_0.0": 0.9436861997885122, "net_1.0": 0.9436861997885122, "net_2.0": 0.9436861997885122, "net_3.0": 0.9436861997885122, "net_5.0": 0.9436861997885122, "net_8.0": 0.9436861997885122}
{"file": "01_Funk3-112-C#_comp_mic", "duration": 34.284400000000005, "net_0.0": 0.9361033707350312, "net_1.0": 0.9361033707350312, "net_2.0": 0.9361033707350312, "net_3.0": 0.9361033707350312, "net_5.0": 0.9361033707350312, "net_8.0": 0.9361033707350312}
{"file": "01_Jazz2-187-F#_comp_mic", "duration": 20.53200000000004, "net_0.0": 0.9689895147513896, "net_1.0": 0.9689895147513896, "net_2.0": 0.9844995092122331, "net_3.0": 0.9844995092122331, "net_5.0": 0.9844995092122331, "net_8.0": 0.9859077807681138}
{"file": "01_Rock2-142-D_comp_mic", "duration": 27.041600000000003, "net_0.0": 0.9821768104075761, "net_1.0": 0.9861021968707387, "net_2.0": 0.9861021968707387, "net_3.0": 0.9861021968707389, "net_5.0": 0.9861021968707389, "net_8.0": 0.9861021968707389}
{"file": "01_SS1-68-E_comp_mic", "duration": 42.34640000000002, "net_0.0": 0.9912180944267326, "net_1.0": 0.9912180944267326, "net_2.0": 0.9912180944267326, "net_3.0": 0.9912180944267326, "net_5.0": 0.9912180944267326, "net_8.0": 0.9912180944267326}
{"file": "02_BN1-129-Eb_comp_mic", "duration": 22.32439999999997, "net_0.0": 0.8731028910370556, "net_1.0": 0.8731028910370556, "net_2.0": 0.9037152375087933, "net_3.0": 0.9037152375087933, "net_5.0": 0.9037152375087933, "net_8.0": 0.9037152375087933}
{"file": "02_BN3-154-E_comp_mic", "duration": 24.932000000000016, "net_0.0": 0.9599792077617478, "net_1.0": 0.9599792077617478, "net_2.0": 0.9599792077617478, "net_3.0": 0.9599792077617478, "net_5.0": 0.9599792077617478, "net_8.0": 0.9599792077617478}
{"file": "02_Funk3-112-C#_comp_mic", "duration": 34.284400000000005, "net_0.0": 0.8601467289050315, "net_1.0": 0.8601467289050315, "net_2.0": 0.8736922216938954, "net_3.0": 0.8736922216938954, "net_5.0": 0.8736922216938954, "net_8.0": 0.8736922216938954}
{"file": "02_Jazz2-187-F#_comp_mic", "duration": 20.53200000000004, "net_0.0": 0.9290330492418162, "net_1.0": 0.9290330492418162, "net_2.0": 0.9290330492418162, "net_3.0": 0.9290330492418162, "net_5.0": 0.9290330492418162, "net_8.0": 0.9600530381635028}
{"file": "02_Rock2-142-D_comp_mic", "duration": 27.041600000000003, "net_0.0": 0.9454160499424741, "net_1.0": 0.9650429822582876, "net_2.0": 0.9650429822582876, "net_3.0": 0.9650429822582876, "net_5.0": 0.9650429822582876, "net_8.0": 0.9759881069256008}
{"file": "02_SS1-68-E_comp_mic", "duration": 42.34640000000002, "net_0.0": 0.9977880181600535, "net_1.0": 0.9977880181600535, "net_2.0": 0.9977880181600535, "net_3.0": 0.9977880181600535, "net_5.0": 0.9977880181600535, "net_8.0": 0.9977880181600535}
{"file": "03_BN1-129-Eb_comp_mic", "duration": 22.32439999999997, "net_0.0": 0.9869244781549962, "net_1.0": 0.9869244781549962, "net_2.0": 0.9869244781549962, "net_3.0": 0.9869244781549962, "net_5.0": 0.9869244781549962, "net_8.0": 0.9869244781549962}
{"file": "03_BN3-154-E_comp_mic", "duration": 24.932000000000016, "net_0.0": 0.9436861997885124, "net_1.0": 0.9436861997885124, "net_2.0": 0.9436861997885124, "net_3.0": 0.9436861997885124, "net_5.0": 0.9436861997885124, "net_8.0": 0.9436861997885124}
{"file": "03_Funk3-112-C#_comp_mic", "duration": 34.284400000000005, "net_0.0": 0.5651817446652915, "net_1.0": 0.5651817446652915, "net_2.0": 0.5651817446652915, "net_3.0": 0.5651817446652915, "net_5.0": 0.5512936196945749, "net_8.0": 0.5512936196945749}
{"file": "03_Jazz2-187-F#_comp_mic", "duration": 20.53200000000004, "net_0.0": 0.9031688029641289, "net_1.0": 0.9186787974249725, "net_2.0": 0.9186787974249725, "net_3.0": 0.9186787974249725, "net_5.0": 0.9186787974249725, "net_8.0": 0.9186787974249725}
{"file": "03_Rock2-142-D_comp_mic", "duration": 27.041600000000003, "net_0.0": 0.9444433419412595, "net_1.0": 0.9444433419412595, "net_2.0": 0.9444433419412595, "net_3.0": 0.9444433419412595, "net_5.0": 0.9444433419412595, "net_8.0": 0.9444433419412595}
{"file": "03_SS1-68-E_comp_mic", "duration": 42.34640000000002, "net_0.0": 0.7411850211655643, "net_1.0": 0.7521516934912055, "net_2.0": 0.7521516934912055, "net_3.0": 0.7521516934912055, "net_5.0": 0.7894383793983846, "net_8.0": 0.80698505511941}
{"file": "04_BN1-129-Eb_comp_mic", "duration": 22.32439999999997, "net_0.0": 0.982764016122686, "net_1.0": 0.982764016122686, "net_2.0": 0.982764016122686, "net_3.0": 0.982764016122686, "net_5.0": 0.982764016122686, "net_8.0": 0.982764016122686}
{"file": "04_BN3-154-E_comp_mic", "duration": 24.932000000000016, "net_0.0": 0.8909178089118959, "net_1.0": 0.8909178089118959, "net_2.0": 0.8909178089118959, "net_3.0": 0.8909178089118959, "net_5.0": 0.8909178089118959, "net_8.0": 0.8909178089118959}
{"file": "04_Funk3-112-C#_comp_mic", "duration": 34.284400000000005, "net_0.0": 0.805160494115237, "net_1.0": 0.80786959267301, "net_2.0": 0.80786959267301, "net_3.0": 0.80786959267301, "net_5.0": 0.785424287825213, "net_8.0": 0.785424287825213}
{"file": "04_Jazz2-187-F#_comp_mic", "duration": 20.53200000000004, "net_0.0": 0.8242343182867214, "net_1.0": 0.8242343182867214, "net_2.0": 0.8242343182867214, "net_3.0": 0.8242343182867214, "net_5.0": 0.8242343182867214, "net_8.0": 0.8242343182867214}
{"file": "04_Rock2-142-D_comp_mic", "duration": 27.041600000000003, "net_0.0": 0.9233841273288077, "net_1.0": 0.9233841273288077, "net_2.0": 0.8959064220866688, "net_3.0": 0.8959064220866688, "net_5.0": 0.8959064220866688, "net_8.0": 0.8959064220866688}
{"file": "04_SS1-68-E_comp_mic", "duration": 42.34640000000002, "net_0.0": 0.9385886509088235, "net_1.0": 0.9385886509088235, "net_2.0": 0.9385886509088235, "net_3.0": 0.9385886509088235, "net_5.0": 0.9385886509088235, "net_8.0": 0.9385886509088235}
{"file": "05_BN1-129-Eb_comp_mic", "duration": 22.32439999999997, "net_0.0": 0.46039775651658166, "net_1.0": 0.46039775651658166, "net_2.0": 0.46039775651658166, "net_3.0": 0.46039775651658166, "net_5.0": 0.46039775651658166, "net_8.0": 0.46039775651658166}
{"file": "05_BN3-154-E_comp_mic", "duration": 24.932000000000016, "net_0.0": 0.7114592425266029, "net_1.0": 0.7114592425266029, "net_2.0": 0.7114592425266029, "net_3.0": 0.7114592425266029, "net_5.0": 0.708945706057851, "net_8.0": 0.6828684266515166}
{"file": "05_Funk3-112-C#_comp_mic", "duration": 34.284400000000005, "net_0.0": 0.6236231383578699, "net_1.0": 0.6371686311467335, "net_2.0": 0.6371686311467335, "net_3.0": 0.6371686311467335, "net_5.0": 0.6371686311467335, "net_8.0": 0.6267290775246913}
{"file": "05_Jazz2-187-F#_comp_mic", "duration": 20.53200000000004, "net_0.0": 0.6202271760712121, "net_1.0": 0.6409071686856702, "net_2.0": 0.6409071686856702, "net_3.0": 0.6409071686856702, "net_5.0": 0.6409071686856702, "net_8.0": 0.6409071686856702}
{"file": "05_Rock2-142-D_comp_mic", "duration": 27.041600000000003, "net_0.0": 0.9725797415447891, "net_1.0": 0.9725797415447891, "net_2.0": 0.9725797415447891, "net_3.0": 0.9725797415447891, "net_5.0": 0.9725797415447891, "net_8.0": 0.9725797415447891}
{"file": "05_SS1-68-E_comp_mic", "duration": 42.34640000000002, "net_0.0": 0.9912221262915587, "net_1.0": 0.9912221262915587, "net_2.0": 0.9912221262915587, "net_3.0": 0.9912221262915587, "net_5.0": 0.9912221262915587, "net_8.0": 0.9912221262915587}

ИТОГ AAM majmin: {0.0: 0.981, 1.0: 0.981, 2.0: 0.981, 3.0: 0.981, 5.0: 0.981, 8.0: 0.981}

ИТОГ majmin: {0.0: 0.883, 1.0: 0.885, 2.0: 0.886, 3.0: 0.887, 5.0: 0.888, 8.0: 0.889} | старый разбор: -

ИТОГ sevenths: {0.0: 0.873, 1.0: 0.875, 2.0: 0.876, 3.0: 0.878, 5.0: 0.879, 8.0: 0.88} | старый разбор: -
/home/runner/work/midi_to_tab/midi_to_tab/scripts/chordnet/train.py:306: DeprecationWarning: You are using the legacy TorchScript-based ONNX export. Starting in PyTorch 2.9, the new torch.export-based ONNX exporter has become the default. Learn more about the new export logic: https://docs.pytorch.org/docs/stable/onnx_export.html. For exporting control flow: https://pytorch.org/tutorials/beginner/onnx/export_control_flow_model_to_onnx_tutorial.html
  torch.onnx.export(model, torch.zeros(1, 200, common.WINDOW), args.export,
/opt/hostedtoolcache/Python/3.11.16/x64/lib/python3.11/site-packages/torch/onnx/_internal/torchscript_exporter/symbolic_opset9.py:4604: UserWarning: Exporting a model to ONNX with a batch_size other than 1, with a variable length with GRU can cause an error when running the ONNX model with a different batch size. Make sure to save the model with a batch size of 1, or define the initial states (h0/c0) as inputs of the model. 
  return _generic_rnn(
модель: results/chordnet.onnx 2.05 МБ
