обучение: GuitarSet 300, синтетика 0; проверка: 30
шаг 250/8000: потери 1.448, 124 с
шаг 500/8000: потери 0.650, 247 с
шаг 750/8000: потери 0.416, 370 с
шаг 1000/8000: потери 0.235, 493 с
шаг 1250/8000: потери 0.289, 616 с
шаг 1500/8000: потери 0.147, 739 с
шаг 1750/8000: потери 0.290, 861 с
шаг 2000/8000: потери 0.206, 982 с
шаг 2250/8000: потери 0.278, 1103 с
шаг 2500/8000: потери 0.173, 1223 с
шаг 2750/8000: потери 0.119, 1343 с
шаг 3000/8000: потери 0.147, 1463 с
шаг 3250/8000: потери 0.161, 1582 с
шаг 3500/8000: потери 0.164, 1703 с
шаг 3750/8000: потери 0.097, 1823 с
шаг 4000/8000: потери 0.105, 1943 с
шаг 4250/8000: потери 0.096, 2064 с
шаг 4500/8000: потери 0.142, 2184 с
шаг 4750/8000: потери 0.091, 2304 с
шаг 5000/8000: потери 0.077, 2423 с
шаг 5250/8000: потери 0.060, 2543 с
шаг 5500/8000: потери 0.064, 2662 с
шаг 5750/8000: потери 0.046, 2781 с
шаг 6000/8000: потери 0.048, 2899 с
шаг 6250/8000: потери 0.087, 3018 с
шаг 6500/8000: потери 0.056, 3137 с
шаг 6750/8000: потери 0.076, 3256 с
шаг 7000/8000: потери 0.033, 3375 с
шаг 7250/8000: потери 0.044, 3493 с
шаг 7500/8000: потери 0.054, 3611 с
шаг 7750/8000: потери 0.045, 3730 с
шаг 8000/8000: потери 0.026, 3848 с
{"file": "05_BN1-129-Eb_comp_mic", "duration": 22.32439999999997, "net_0.0": 0.5143824660041314, "net_1.0": 0.5310243141333719, "net_2.0": 0.5310243141333719, "net_3.0": 0.5310243141333719, "net_5.0": 0.5435057002303023, "net_8.0": 0.5809498585210937, "old": 0.18471876941054305}
{"file": "05_BN1-147-Gb_comp_mic", "duration": 19.5856, "net_0.0": 0.22710933350820378, "net_1.0": 0.22710933350820378, "net_2.0": 0.22710933350820375, "net_3.0": 0.22710933350820375, "net_5.0": 0.22710933350820375, "net_8.0": 0.22710933350820375, "old": 0.16494139523303808}
{"file": "05_BN2-131-B_comp_mic", "duration": 29.306400000000053, "net_0.0": 0.7671601166545314, "net_1.0": 0.7883459833944673, "net_2.0": 0.7883459833944673, "net_3.0": 0.7883459833944673, "net_5.0": 0.770596479965626, "net_8.0": 0.770596479965626, "old": 0.38321628941754204}
{"file": "05_BN2-166-Ab_comp_mic", "duration": 23.129999999999995, "net_0.0": 0.890396406450709, "net_1.0": 0.890396406450709, "net_2.0": 0.890396406450709, "net_3.0": 0.890396406450709, "net_5.0": 0.8627161971534101, "net_8.0": 0.8627161971534101, "old": 0.3687963424971369}
{"file": "05_BN3-119-G_comp_mic", "duration": 32.26319999999998, "net_0.0": 0.7582059099189944, "net_1.0": 0.7582059099189944, "net_2.0": 0.7582059099189944, "net_3.0": 0.7582059099189944, "net_5.0": 0.7582059099189944, "net_8.0": 0.7582059099189944, "old": 0.2891252130961406}
{"file": "05_BN3-154-E_comp_mic", "duration": 24.932000000000016, "net_0.0": 0.8094104357999296, "net_1.0": 0.8094104357999296, "net_2.0": 0.8094104357999296, "net_3.0": 0.8094104357999296, "net_5.0": 0.8094104357999296, "net_8.0": 0.8094104357999296, "old": 0.3497837349914996}
{"file": "05_Funk1-114-Ab_comp_mic", "duration": 25.25840000000005, "net_0.0": 0.9068441336497062, "net_1.0": 0.9215528750734074, "net_2.0": 0.9215528750734074, "net_3.0": 0.9215528750734074, "net_5.0": 0.9215528750734074, "net_8.0": 0.9215528750734074, "old": 0.0}
{"file": "05_Funk1-97-C_comp_mic", "duration": 29.6884, "net_0.0": 0.26601273823402843, "net_1.0": 0.2660127382340284, "net_2.0": 0.26601273823402843, "net_3.0": 0.26601273823402843, "net_5.0": 0.26601273823402843, "net_8.0": 0.26601273823402843, "old": 0.08333985004660775}
{"file": "05_Funk2-108-Eb_comp_mic", "duration": 35.5483999999999, "net_0.0": 0.6876599402119037, "net_1.0": 0.6876599402119037, "net_2.0": 0.6876599402119037, "net_3.0": 0.6876599402119037, "net_5.0": 0.6876599402119037, "net_8.0": 0.6792615071145653, "old": 0.07794212493946516}
{"file": "05_Funk2-119-G_comp_mic", "duration": 32.2632000000001, "net_0.0": 0.5908163302836633, "net_1.0": 0.5842360129691048, "net_2.0": 0.532524879660763, "net_3.0": 0.532524879660763, "net_5.0": 0.532524879660763, "net_8.0": 0.532524879660763, "old": 0.0}
{"file": "05_Funk3-112-C#_comp_mic", "duration": 34.284400000000005, "net_0.0": 0.7650756506512647, "net_1.0": 0.7650756506512647, "net_2.0": 0.7677847492090376, "net_3.0": 0.7677847492090376, "net_5.0": 0.7677847492090376, "net_8.0": 0.7677847492090376, "old": 0.0}
{"file": "05_Funk3-98-A_comp_mic", "duration": 39.17879999999991, "net_0.0": 0.6534516434185222, "net_1.0": 0.6407834011392219, "net_2.0": 0.6437837743106352, "net_3.0": 0.6437837743106352, "net_5.0": 0.6437837743106352, "net_8.0": 0.6437837743106352, "old": 0.06150765001397063}
{"file": "05_Jazz1-130-D_comp_mic", "duration": 22.147199999999998, "net_0.0": 0.43706467949455124, "net_1.0": 0.43937091432292386, "net_2.0": 0.4370646794945513, "net_3.0": 0.4370646794945513, "net_5.0": 0.48319592879627554, "net_8.0": 0.48319592879627554, "old": 0.0}
{"file": "05_Jazz1-200-B_comp_mic", "duration": 14.399999999999977, "net_0.0": 0.5748173343411446, "net_1.0": 0.5748173343411446, "net_2.0": 0.5748173343411446, "net_3.0": 0.5748173343411446, "net_5.0": 0.5748173343411446, "net_8.0": 0.49741748551272424, "old": 0.0}
{"file": "05_Jazz2-110-Bb_comp_mic", "duration": 34.90319999999997, "net_0.0": 0.8173220794838647, "net_1.0": 0.8568589129534055, "net_2.0": 0.859900207835678, "net_3.0": 0.8720653873647675, "net_5.0": 0.8720653873647675, "net_8.0": 0.8872718617761293, "old": 0.0}
{"file": "05_Jazz2-187-F#_comp_mic", "duration": 20.53200000000004, "net_0.0": 0.5296837630374553, "net_1.0": 0.5296837630374553, "net_2.0": 0.48832377780853936, "net_3.0": 0.48832377780853936, "net_5.0": 0.48832377780853936, "net_8.0": 0.48832377780853936, "old": 0.14287908500233934}
{"file": "05_Jazz3-137-Eb_comp_mic", "duration": 28.023199999999974, "net_0.0": 0.9548845270627825, "net_1.0": 0.9548845270627825, "net_2.0": 0.9548845270627825, "net_3.0": 0.9548845270627825, "net_5.0": 0.9548845270627825, "net_8.0": 0.9548845270627825, "old": 0.0}
{"file": "05_Jazz3-150-C_comp_mic", "duration": 25.600000000000023, "net_0.0": 0.7617063492063496, "net_1.0": 0.7363095238095243, "net_2.0": 0.7363095238095243, "net_3.0": 0.7363095238095243, "net_5.0": 0.7363095238095243, "net_8.0": 0.7145408163265312, "old": 0.12499999999999997}
{"file": "05_Rock1-130-A_comp_mic", "duration": 22.1472, "net_0.0": 0.9263020780761819, "net_1.0": 0.9263020780761819, "net_2.0": 0.9263020780761819, "net_3.0": 0.9263020780761819, "net_5.0": 0.9263020780761819, "net_8.0": 0.9263020780761819, "old": 0.5099816667096374}
{"file": "05_Rock1-90-C#_comp_mic", "duration": 31.999999999999993, "net_0.0": 0.9836961451247167, "net_1.0": 0.9836961451247167, "net_2.0": 0.9836961451247167, "net_3.0": 0.9836961451247167, "net_5.0": 0.9836961451247167, "net_8.0": 0.9836961451247167, "old": 0.33185941043083894}
{"file": "05_Rock2-142-D_comp_mic", "duration": 27.041600000000003, "net_0.0": 0.9699142970174809, "net_1.0": 0.9699142970174809, "net_2.0": 0.9699142970174809, "net_3.0": 0.9699142970174809, "net_5.0": 0.9699142970174809, "net_8.0": 0.9699142970174809, "old": 0.2092125593767884}
{"file": "05_Rock2-85-F_comp_mic", "duration": 45.173199999999994, "net_0.0": 0.9774476535521476, "net_1.0": 0.9774476535521476, "net_2.0": 0.9821473189295203, "net_3.0": 0.9821473189295203, "net_5.0": 0.9821473189295203, "net_8.0": 0.9821473189295203, "old": 0.2839755526095987}
{"file": "05_Rock3-117-Bb_comp_mic", "duration": 32.816400000000016, "net_0.0": 0.9704588831628103, "net_1.0": 0.9704588831628103, "net_2.0": 0.9704588831628103, "net_3.0": 0.9704588831628103, "net_5.0": 0.9704588831628103, "net_8.0": 0.9704588831628103, "old": 0.31048448581842136}
{"file": "05_Rock3-148-C_comp_mic", "duration": 25.940799999999996, "net_0.0": 0.7045687681949587, "net_1.0": 0.7045687681949587, "net_2.0": 0.7045687681949587, "net_3.0": 0.6902469556688834, "net_5.0": 0.6902469556688834, "net_8.0": 0.6616033306167325, "old": 0.43076873133882093}
{"file": "05_SS1-100-C#_comp_mic", "duration": 28.80000000000001, "net_0.0": 0.9894305870496349, "net_1.0": 0.9894305870496349, "net_2.0": 0.9894305870496349, "net_3.0": 0.9894305870496349, "net_5.0": 0.9894305870496349, "net_8.0": 0.9894305870496349, "old": 0.7260770975056687}
{"file": "05_SS1-68-E_comp_mic", "duration": 42.34640000000002, "net_0.0": 0.9868294095640638, "net_1.0": 0.9846360750989357, "net_2.0": 0.9846360750989357, "net_3.0": 0.9846360750989357, "net_5.0": 0.9846360750989357, "net_8.0": 0.9846360750989357, "old": 0.7781000170142173}
{"file": "05_SS2-107-Ab_comp_mic", "duration": 35.88639999999998, "net_0.0": 0.9870141933982846, "net_1.0": 0.9870141933982846, "net_2.0": 0.9870141933982846, "net_3.0": 0.9870141933982846, "net_5.0": 0.9870141933982846, "net_8.0": 0.9870141933982846, "old": 0.3549137049385123}
{"file": "05_SS2-88-F_comp_mic", "duration": 43.629200000000026, "net_0.0": 0.9834086137353104, "net_1.0": 0.9834086137353104, "net_2.0": 0.9834086137353104, "net_3.0": 0.9834086137353104, "net_5.0": 0.9834086137353104, "net_8.0": 0.9834086137353104, "old": 0.40328309259310063}
{"file": "05_SS3-84-Bb_comp_mic", "duration": 45.70760000000001, "net_0.0": 0.9779015300035248, "net_1.0": 0.9779015300035248, "net_2.0": 0.9779015300035248, "net_3.0": 0.9779015300035248, "net_5.0": 0.9779015300035248, "net_8.0": 0.9779015300035248, "old": 0.34693169114078154}
{"file": "05_SS3-98-C_comp_mic", "duration": 39.17879999999997, "net_0.0": 0.9839980097524632, "net_1.0": 0.9839980097524632, "net_2.0": 0.9839980097524632, "net_3.0": 0.9839980097524632, "net_5.0": 0.9839980097524632, "net_8.0": 0.9839980097524632, "old": 0.3665085474635541}

ИТОГ majmin: {0.0: 0.807, 1.0: 0.809, 2.0: 0.806, 3.0: 0.806, 5.0: 0.807, 8.0: 0.805} | старый разбор: 0.257
/home/runner/work/midi_to_tab/midi_to_tab/scripts/chordnet/train.py:197: DeprecationWarning: You are using the legacy TorchScript-based ONNX export. Starting in PyTorch 2.9, the new torch.export-based ONNX exporter has become the default. Learn more about the new export logic: https://docs.pytorch.org/docs/stable/onnx_export.html. For exporting control flow: https://pytorch.org/tutorials/beginner/onnx/export_control_flow_model_to_onnx_tutorial.html
  torch.onnx.export(model, torch.zeros(1, 200, common.WINDOW), args.export,
/opt/hostedtoolcache/Python/3.11.16/x64/lib/python3.11/site-packages/torch/onnx/_internal/torchscript_exporter/symbolic_opset9.py:4604: UserWarning: Exporting a model to ONNX with a batch_size other than 1, with a variable length with GRU can cause an error when running the ONNX model with a different batch size. Make sure to save the model with a batch size of 1, or define the initial states (h0/c0) as inputs of the model. 
  return _generic_rnn(
модель: results/chordnet.onnx 2.01 МБ
