проверочные песни: ['BN1-129-Eb', 'BN3-154-E', 'Funk3-112-C#', 'Jazz2-187-F#', 'Rock2-142-D', 'SS1-68-E']
обучение: GuitarSet 288, синтетика 2400, AAM 450; проверка: GuitarSet 36, AAM 50
доли качеств: {'maj': np.float64(0.481), 'min': np.float64(0.3), '7': np.float64(0.057), 'maj7': np.float64(0.011), 'min7': np.float64(0.024), 'sus4': np.float64(0.018), 'sus2': np.float64(0.013), 'dim': np.float64(0.026), 'aug': np.float64(0.005), 'maj6': np.float64(0.005), 'N': np.float64(0.06)} | веса: {'maj': np.float64(0.5), 'min': np.float64(0.55), '7': np.float64(1.26), 'maj7': np.float64(2.9), 'min7': np.float64(1.95), 'sus4': np.float64(2.23), 'sus2': np.float64(2.61), 'dim': np.float64(1.86), 'aug': np.float64(3.0), 'maj6': np.float64(3.0), 'N': np.float64(1.23)}
шаг 250/16000: потери 4.468, 122 с
шаг 500/16000: потери 4.061, 244 с
шаг 750/16000: потери 1.867, 366 с
шаг 1000/16000: потери 1.966, 488 с
шаг 1250/16000: потери 2.302, 609 с
шаг 1500/16000: потери 2.522, 731 с
шаг 1750/16000: потери 2.284, 853 с
шаг 2000/16000: потери 1.961, 974 с
шаг 2250/16000: потери 2.077, 1095 с
шаг 2500/16000: потери 1.682, 1217 с
шаг 2750/16000: потери 1.796, 1339 с
шаг 3000/16000: потери 1.791, 1460 с
шаг 3250/16000: потери 1.706, 1581 с
шаг 3500/16000: потери 1.742, 1702 с
шаг 3750/16000: потери 1.183, 1823 с
шаг 4000/16000: потери 1.589, 1944 с
шаг 4250/16000: потери 1.602, 2065 с
шаг 4500/16000: потери 1.657, 2186 с
шаг 4750/16000: потери 1.656, 2307 с
шаг 5000/16000: потери 1.355, 2428 с
шаг 5250/16000: потери 1.533, 2549 с
шаг 5500/16000: потери 1.795, 2669 с
шаг 5750/16000: потери 1.605, 2790 с
шаг 6000/16000: потери 1.142, 2911 с
шаг 6250/16000: потери 1.511, 3031 с
шаг 6500/16000: потери 1.502, 3152 с
шаг 6750/16000: потери 1.539, 3272 с
шаг 7000/16000: потери 1.326, 3392 с
шаг 7250/16000: потери 1.360, 3513 с
шаг 7500/16000: потери 1.542, 3633 с
шаг 7750/16000: потери 1.471, 3754 с
шаг 8000/16000: потери 1.547, 3874 с
шаг 8250/16000: потери 1.605, 3994 с
шаг 8500/16000: потери 1.357, 4115 с
шаг 8750/16000: потери 1.436, 4235 с
шаг 9000/16000: потери 1.347, 4355 с
шаг 9250/16000: потери 1.318, 4475 с
шаг 9500/16000: потери 1.380, 4595 с
шаг 9750/16000: потери 1.040, 4716 с
шаг 10000/16000: потери 1.471, 4837 с
шаг 10250/16000: потери 1.494, 4958 с
шаг 10500/16000: потери 1.406, 5079 с
шаг 10750/16000: потери 1.398, 5199 с
шаг 11000/16000: потери 1.538, 5320 с
шаг 11250/16000: потери 1.431, 5441 с
шаг 11500/16000: потери 1.565, 5562 с
шаг 11750/16000: потери 1.119, 5683 с
шаг 12000/16000: потери 1.334, 5803 с
шаг 12250/16000: потери 1.449, 5924 с
шаг 12500/16000: потери 1.281, 6045 с
шаг 12750/16000: потери 1.574, 6165 с
шаг 13000/16000: потери 1.378, 6285 с
шаг 13250/16000: потери 1.284, 6406 с
шаг 13500/16000: потери 1.444, 6526 с
шаг 13750/16000: потери 1.501, 6647 с
шаг 14000/16000: потери 1.689, 6767 с
шаг 14250/16000: потери 1.528, 6888 с
шаг 14500/16000: потери 0.832, 7008 с
шаг 14750/16000: потери 1.264, 7129 с
шаг 15000/16000: потери 1.493, 7249 с
шаг 15250/16000: потери 1.524, 7370 с
шаг 15500/16000: потери 1.377, 7490 с
шаг 15750/16000: потери 1.232, 7610 с
шаг 16000/16000: потери 0.923, 7731 с
{"file": "00_BN1-129-Eb_comp_mic", "duration": 22.32439999999997, "net_0.0": 0.5779187145629702, "net_1.0": 0.5820791765952804, "net_2.0": 0.5654373284660399, "net_3.0": 0.5612768664337296, "net_5.0": 0.5612768664337296, "net_8.0": 0.627844258950692}
{"file": "00_BN3-154-E_comp_mic", "duration": 24.932000000000016, "net_0.0": 0.7280512290482265, "net_1.0": 0.7280512290482265, "net_2.0": 0.7280512290482265, "net_3.0": 0.7280512290482265, "net_5.0": 0.7280512290482265, "net_8.0": 0.7094246009008449}
{"file": "00_Funk3-112-C#_comp_mic", "duration": 34.284400000000005, "net_0.0": 0.7573994040141909, "net_1.0": 0.7790721924763728, "net_2.0": 0.7902895536921506, "net_3.0": 0.7902895536921506, "net_5.0": 0.7775165772889017, "net_8.0": 0.7775165772889017}
{"file": "00_Jazz2-187-F#_comp_mic", "duration": 20.53200000000004, "net_0.0": 0.8406752407239219, "net_1.0": 0.8251652462630783, "net_2.0": 0.8251652462630783, "net_3.0": 0.8251652462630783, "net_5.0": 0.8251652462630783, "net_8.0": 0.8054256852980539}
{"file": "00_Rock2-142-D_comp_mic", "duration": 27.041600000000003, "net_0.0": 0.9421800249224462, "net_1.0": 0.9421800249224462, "net_2.0": 0.9421800249224462, "net_3.0": 0.9421800249224462, "net_5.0": 0.9421800249224462, "net_8.0": 0.9421800249224462}
{"file": "00_SS1-68-E_comp_mic", "duration": 42.34640000000002, "net_0.0": 0.971478084240579, "net_1.0": 0.9890247599616045, "net_2.0": 0.9890247599616045, "net_3.0": 0.9890247599616045, "net_5.0": 0.9977980978221173, "net_8.0": 0.9977980978221173}
{"file": "01_BN1-129-Eb_comp_mic", "duration": 22.32439999999997, "net_0.0": 0.9684352155622808, "net_1.0": 0.9684352155622808, "net_2.0": 0.9684352155622808, "net_3.0": 0.9684352155622808, "net_5.0": 0.9684352155622808, "net_8.0": 0.9684352155622808}
{"file": "01_BN3-154-E_comp_mic", "duration": 24.932000000000016, "net_0.0": 0.9262713608018548, "net_1.0": 0.9262713608018548, "net_2.0": 0.9262713608018548, "net_3.0": 0.9262713608018548, "net_5.0": 0.9262713608018548, "net_8.0": 0.9262713608018548}
{"file": "01_Funk3-112-C#_comp_mic", "duration": 34.284400000000005, "net_0.0": 0.9461778309967488, "net_1.0": 0.9461778309967488, "net_2.0": 0.9461778309967488, "net_3.0": 0.9461778309967488, "net_5.0": 0.9461778309967488, "net_8.0": 0.9461778309967488}
{"file": "01_Jazz2-187-F#_comp_mic", "duration": 20.53200000000004, "net_0.0": 0.8956691089513529, "net_1.0": 0.8956691089513529, "net_2.0": 0.8956691089513529, "net_3.0": 0.8956691089513529, "net_5.0": 0.8956691089513529, "net_8.0": 0.8956691089513529}
{"file": "01_Rock2-142-D_comp_mic", "duration": 27.041600000000003, "net_0.0": 0.9602865610729496, "net_1.0": 0.9759881069256005, "net_2.0": 0.9759881069256005, "net_3.0": 0.9759881069256005, "net_5.0": 0.9759881069256005, "net_8.0": 0.9759881069256005}
{"file": "01_SS1-68-E_comp_mic", "duration": 42.34640000000002, "net_0.0": 0.98244475656622, "net_1.0": 0.98244475656622, "net_2.0": 0.9934114288918608, "net_3.0": 0.9934114288918608, "net_5.0": 0.9934114288918608, "net_8.0": 0.9934114288918608}
{"file": "02_BN1-129-Eb_comp_mic", "duration": 22.32439999999997, "net_0.0": 0.4916254104916534, "net_1.0": 0.5124277206532042, "net_2.0": 0.5124277206532042, "net_3.0": 0.5124277206532042, "net_5.0": 0.5124277206532042, "net_8.0": 0.5540323409763056}
{"file": "02_BN3-154-E_comp_mic", "duration": 24.932000000000016, "net_0.0": 0.8798026860642889, "net_1.0": 0.8798026860642889, "net_2.0": 0.8947039885821945, "net_3.0": 0.8947039885821945, "net_5.0": 0.8842159269378447, "net_8.0": 0.8842159269378447}
{"file": "02_Funk3-112-C#_comp_mic", "duration": 34.284400000000005, "net_0.0": 0.43306951105083374, "net_1.0": 0.4392602245519942, "net_2.0": 0.47429066791475705, "net_3.0": 0.4255268938748475, "net_5.0": 0.4255268938748475, "net_8.0": 0.4363632881059385}
{"file": "02_Jazz2-187-F#_comp_mic", "duration": 20.53200000000004, "net_0.0": 0.8721583177155183, "net_1.0": 0.9083483047908198, "net_2.0": 0.9083483047908198, "net_3.0": 0.9238582992516632, "net_5.0": 0.9238582992516632, "net_8.0": 0.9238582992516632}
{"file": "02_Rock2-142-D_comp_mic", "duration": 27.041600000000003, "net_0.0": 0.5663156324600442, "net_1.0": 0.5506140866073936, "net_2.0": 0.5545394730705564, "net_3.0": 0.6228756656017437, "net_5.0": 0.6110995062122557, "net_8.0": 0.6110995062122557}
{"file": "02_SS1-68-E_comp_mic", "duration": 42.34640000000002, "net_0.0": 0.9802453743038535, "net_1.0": 0.9802453743038535, "net_2.0": 0.9802453743038535, "net_3.0": 0.9802453743038535, "net_5.0": 0.9802453743038535, "net_8.0": 0.9934053810946227}
{"file": "03_BN1-129-Eb_comp_mic", "duration": 22.32439999999997, "net_0.0": 0.9764991343414748, "net_1.0": 0.9786035540903759, "net_2.0": 0.9786035540903759, "net_3.0": 0.9786035540903759, "net_5.0": 0.9786035540903759, "net_8.0": 0.9702826300257557}
{"file": "03_BN3-154-E_comp_mic", "duration": 24.932000000000016, "net_0.0": 0.9042183855733855, "net_1.0": 0.9191196880912909, "net_2.0": 0.9046972804163794, "net_3.0": 0.9009719547869031, "net_5.0": 0.8935213035279503, "net_8.0": 0.8935213035279503}
{"file": "03_Funk3-112-C#_comp_mic", "duration": 34.284400000000005, "net_0.0": 0.5745167321361075, "net_1.0": 0.5663894364627893, "net_2.0": 0.558262140789471, "net_3.0": 0.558262140789471, "net_5.0": 0.5528439436739255, "net_8.0": 0.5040801696340158}
{"file": "03_Jazz2-187-F#_comp_mic", "duration": 20.53200000000004, "net_0.0": 0.857111411324584, "net_1.0": 0.8557031397687029, "net_2.0": 0.8453631434614739, "net_3.0": 0.8608683860857791, "net_5.0": 0.8608683860857791, "net_8.0": 0.8608683860857791}
{"file": "03_Rock2-142-D_comp_mic", "duration": 27.041600000000003, "net_0.0": 0.9200025416531803, "net_1.0": 0.9200025416531803, "net_2.0": 0.9200025416531803, "net_3.0": 0.9200025416531803, "net_5.0": 0.9200025416531803, "net_8.0": 0.9200025416531803}
{"file": "03_SS1-68-E_comp_mic", "duration": 42.34640000000002, "net_0.0": 0.6205526335497206, "net_1.0": 0.603005957828695, "net_2.0": 0.6051992922938233, "net_3.0": 0.6227459680148487, "net_5.0": 0.6227459680148487, "net_8.0": 0.6359059748056177}
{"file": "04_BN1-129-Eb_comp_mic", "duration": 22.32439999999997, "net_0.0": 0.9744430920580659, "net_1.0": 0.9744430920580659, "net_2.0": 0.9744430920580658, "net_3.0": 0.9744430920580658, "net_5.0": 0.982764016122686, "net_8.0": 0.982764016122686}
{"file": "04_BN3-154-E_comp_mic", "duration": 24.932000000000016, "net_0.0": 0.8942092187720299, "net_1.0": 0.8867585675130771, "net_2.0": 0.9091105212899351, "net_3.0": 0.9091105212899351, "net_5.0": 0.9091105212899351, "net_8.0": 0.9102323523033568}
{"file": "04_Funk3-112-C#_comp_mic", "duration": 34.284400000000005, "net_0.0": 0.6434082618669694, "net_1.0": 0.6434082618669694, "net_2.0": 0.6434082618669692, "net_3.0": 0.6325718676358782, "net_5.0": 0.6271536705203328, "net_8.0": 0.6542446560980605}
{"file": "04_Jazz2-187-F#_comp_mic", "duration": 20.53200000000004, "net_0.0": 0.7076778157954404, "net_1.0": 0.7076778157954404, "net_2.0": 0.733527806563513, "net_3.0": 0.733527806563513, "net_5.0": 0.723187810256284, "net_8.0": 0.723187810256284}
{"file": "04_Rock2-142-D_comp_mic", "duration": 27.041600000000003, "net_0.0": 0.8829277675482543, "net_1.0": 0.8694895387144165, "net_2.0": 0.8694895387144165, "net_3.0": 0.8694895387144166, "net_5.0": 0.8694895387144166, "net_8.0": 0.8694895387144166}
{"file": "04_SS1-68-E_comp_mic", "duration": 42.34640000000002, "net_0.0": 0.6644258746326257, "net_1.0": 0.6644258746326257, "net_2.0": 0.6644258746326257, "net_3.0": 0.6644258746326257, "net_5.0": 0.6644258746326257, "net_8.0": 0.6644258746326257}
{"file": "05_BN1-129-Eb_comp_mic", "duration": 22.32439999999997, "net_0.0": 0.21493049661028346, "net_1.0": 0.16084449019025168, "net_2.0": 0.16084449019025165, "net_3.0": 0.14055619059955324, "net_5.0": 0.14471665263186337, "net_8.0": 0.14471665263186337}
{"file": "05_BN3-154-E_comp_mic", "duration": 24.932000000000016, "net_0.0": 0.6634639251127528, "net_1.0": 0.6468269595174776, "net_2.0": 0.6662314610562414, "net_3.0": 0.680608889657502, "net_5.0": 0.680608889657502, "net_8.0": 0.5940585686408612}
{"file": "05_Funk3-112-C#_comp_mic", "duration": 34.284400000000005, "net_0.0": 0.4308855913550762, "net_1.0": 0.4308855913550761, "net_2.0": 0.4363037884706217, "net_3.0": 0.4308855913550762, "net_5.0": 0.4308855913550762, "net_8.0": 0.4335946899128489}
{"file": "05_Jazz2-187-F#_comp_mic", "duration": 20.53200000000004, "net_0.0": 0.47704810168841527, "net_1.0": 0.4615381072275717, "net_2.0": 0.4615381072275717, "net_3.0": 0.46670810538118634, "net_5.0": 0.46670810538118623, "net_8.0": 0.46670810538118623}
{"file": "05_Rock2-142-D_comp_mic", "duration": 27.041600000000003, "net_0.0": 0.8925248364110414, "net_1.0": 0.8885994499478788, "net_2.0": 0.8964502228742041, "net_3.0": 0.921549717523674, "net_5.0": 0.921549717523674, "net_8.0": 0.921549717523674}
{"file": "05_SS1-68-E_comp_mic", "duration": 42.34640000000002, "net_0.0": 0.9714740523757536, "net_1.0": 0.9714740523757536, "net_2.0": 0.9714740523757536, "net_3.0": 0.9714740523757536, "net_5.0": 0.9714740523757536, "net_8.0": 0.9890207280967792}

ИТОГ AAM majmin: {0.0: 0.965, 1.0: 0.967, 2.0: 0.968, 3.0: 0.967, 5.0: 0.968, 8.0: 0.97}

ИТОГ majmin: {0.0: 0.781, 1.0: 0.78, 2.0: 0.783, 3.0: 0.785, 5.0: 0.784, 8.0: 0.785} | старый разбор: -

ИТОГ sevenths: {0.0: 0.666, 1.0: 0.669, 2.0: 0.677, 3.0: 0.677, 5.0: 0.681, 8.0: 0.682} | старый разбор: -

ИТОГ mirex: {0.0: 0.78, 1.0: 0.779, 2.0: 0.782, 3.0: 0.784, 5.0: 0.783, 8.0: 0.784} | старый разбор: -
/home/runner/work/midi_to_tab/midi_to_tab/scripts/chordnet/train.py:308: DeprecationWarning: You are using the legacy TorchScript-based ONNX export. Starting in PyTorch 2.9, the new torch.export-based ONNX exporter has become the default. Learn more about the new export logic: https://docs.pytorch.org/docs/stable/onnx_export.html. For exporting control flow: https://pytorch.org/tutorials/beginner/onnx/export_control_flow_model_to_onnx_tutorial.html
  torch.onnx.export(model, torch.zeros(1, 200, common.WINDOW), args.export,
/opt/hostedtoolcache/Python/3.11.16/x64/lib/python3.11/site-packages/torch/onnx/_internal/torchscript_exporter/symbolic_opset9.py:4604: UserWarning: Exporting a model to ONNX with a batch_size other than 1, with a variable length with GRU can cause an error when running the ONNX model with a different batch size. Make sure to save the model with a batch size of 1, or define the initial states (h0/c0) as inputs of the model. 
  return _generic_rnn(
модель: results/chordnet.onnx 2.11 МБ
