проверочные песни: ['BN1-129-Eb', 'BN3-154-E', 'Funk3-112-C#', 'Jazz2-187-F#', 'Rock2-142-D', 'SS1-68-E']
обучение: GuitarSet 288, синтетика 2400, AAM 450; проверка: GuitarSet 36, AAM 50
доли качеств: {'maj': np.float64(0.553), 'min': np.float64(0.325), '7': np.float64(0.054), 'maj7': np.float64(0.003), 'min7': np.float64(0.006), 'sus4': np.float64(0.005), 'sus2': np.float64(0.004), 'dim': np.float64(0.026), 'aug': np.float64(0.001), 'maj6': np.float64(0.001), 'N': np.float64(0.022)} | веса: {'maj': np.float64(0.5), 'min': np.float64(0.53), '7': np.float64(1.3), 'maj7': np.float64(3.0), 'min7': np.float64(3.0), 'sus4': np.float64(3.0), 'sus2': np.float64(3.0), 'dim': np.float64(1.87), 'aug': np.float64(3.0), 'maj6': np.float64(3.0), 'N': np.float64(2.02)}
шаг 250/16000: потери 4.330, 94 с
шаг 500/16000: потери 2.274, 187 с
шаг 750/16000: потери 2.048, 278 с
шаг 1000/16000: потери 2.710, 370 с
шаг 1250/16000: потери 2.467, 463 с
шаг 1500/16000: потери 2.148, 555 с
шаг 1750/16000: потери 2.236, 647 с
шаг 2000/16000: потери 1.800, 739 с
шаг 2250/16000: потери 2.306, 831 с
шаг 2500/16000: потери 1.754, 922 с
шаг 2750/16000: потери 1.828, 1014 с
шаг 3000/16000: потери 1.822, 1105 с
шаг 3250/16000: потери 1.729, 1196 с
шаг 3500/16000: потери 1.591, 1285 с
шаг 3750/16000: потери 3.851, 1374 с
шаг 4000/16000: потери 1.772, 1464 с
шаг 4250/16000: потери 4.279, 1554 с
шаг 4500/16000: потери 1.763, 1644 с
шаг 4750/16000: потери 3.223, 1735 с
шаг 5000/16000: потери 1.659, 1826 с
шаг 5250/16000: потери 1.570, 1918 с
шаг 5500/16000: потери 1.723, 2009 с
шаг 5750/16000: потери 1.446, 2099 с
шаг 6000/16000: потери 1.680, 2189 с
шаг 6250/16000: потери 1.432, 2278 с
шаг 6500/16000: потери 1.610, 2367 с
шаг 6750/16000: потери 1.479, 2458 с
шаг 7000/16000: потери 1.749, 2547 с
шаг 7250/16000: потери 1.714, 2638 с
шаг 7500/16000: потери 1.731, 2728 с
шаг 7750/16000: потери 1.628, 2819 с
шаг 8000/16000: потери 1.668, 2909 с
шаг 8250/16000: потери 1.405, 2998 с
шаг 8500/16000: потери 1.401, 3087 с
шаг 8750/16000: потери 1.869, 3175 с
шаг 9000/16000: потери 2.101, 3264 с
шаг 9250/16000: потери 1.450, 3352 с
шаг 9500/16000: потери 1.374, 3441 с
шаг 9750/16000: потери 1.277, 3529 с
шаг 10000/16000: потери 1.473, 3617 с
шаг 10250/16000: потери 1.294, 3706 с
шаг 10500/16000: потери 1.297, 3794 с
шаг 10750/16000: потери 1.699, 3882 с
шаг 11000/16000: потери 1.862, 3971 с
шаг 11250/16000: потери 1.351, 4060 с
шаг 11500/16000: потери 1.323, 4151 с
шаг 11750/16000: потери 1.450, 4241 с
шаг 12000/16000: потери 1.388, 4330 с
шаг 12250/16000: потери 1.574, 4420 с
шаг 12500/16000: потери 1.550, 4508 с
шаг 12750/16000: потери 1.536, 4597 с
шаг 13000/16000: потери 1.649, 4686 с
шаг 13250/16000: потери 1.626, 4774 с
шаг 13500/16000: потери 1.572, 4863 с
шаг 13750/16000: потери 1.636, 4953 с
шаг 14000/16000: потери 1.628, 5044 с
шаг 14250/16000: потери 1.506, 5134 с
шаг 14500/16000: потери 1.324, 5224 с
шаг 14750/16000: потери 1.651, 5314 с
шаг 15000/16000: потери 1.587, 5403 с
шаг 15250/16000: потери 1.280, 5491 с
шаг 15500/16000: потери 1.419, 5581 с
шаг 15750/16000: потери 1.624, 5671 с
шаг 16000/16000: потери 1.596, 5761 с
{"file": "00_BN1-129-Eb_comp_mic", "duration": 22.32439999999997, "net_0.0": 0.7734604300815464, "net_1.0": 0.7734604300815464, "net_2.0": 0.7734604300815464, "net_3.0": 0.7734604300815464, "net_5.0": 0.8025836643077173, "net_8.0": 0.8025836643077173}
{"file": "00_BN3-154-E_comp_mic", "duration": 24.932000000000016, "net_0.0": 0.9466336520266064, "net_1.0": 0.9466336520266064, "net_2.0": 0.9466336520266064, "net_3.0": 0.9466336520266064, "net_5.0": 0.9466336520266064, "net_8.0": 0.9466336520266064}
{"file": "00_Funk3-112-C#_comp_mic", "duration": 34.284400000000005, "net_0.0": 0.8777148891236597, "net_1.0": 0.8777148891236597, "net_2.0": 0.8939694804702963, "net_3.0": 0.8939694804702963, "net_5.0": 0.8939694804702963, "net_8.0": 0.8939694804702963}
{"file": "00_Jazz2-187-F#_comp_mic", "duration": 20.53200000000004, "net_0.0": 0.9285652093353685, "net_1.0": 0.9285652093353685, "net_2.0": 0.9285652093353685, "net_3.0": 0.9285652093353685, "net_5.0": 0.9285652093353685, "net_8.0": 0.9285652093353685}
{"file": "00_Rock2-142-D_comp_mic", "duration": 27.041600000000003, "net_0.0": 0.9513481865715536, "net_1.0": 0.9513481865715536, "net_2.0": 0.9513481865715536, "net_3.0": 0.9513481865715536, "net_5.0": 0.9513481865715536, "net_8.0": 0.9513481865715536}
{"file": "00_SS1-68-E_comp_mic", "duration": 42.34640000000002, "net_0.0": 0.9912080147646688, "net_1.0": 0.9912080147646688, "net_2.0": 0.9999813526251816, "net_3.0": 0.9999813526251816, "net_5.0": 0.9999813526251816, "net_8.0": 0.9999813526251816}
{"file": "01_BN1-129-Eb_comp_mic", "duration": 22.32439999999997, "net_0.0": 0.9642747535299707, "net_1.0": 0.9642747535299707, "net_2.0": 0.9642747535299707, "net_3.0": 0.9642747535299707, "net_5.0": 0.9642747535299707, "net_8.0": 0.9642747535299707}
{"file": "01_BN3-154-E_comp_mic", "duration": 24.932000000000016, "net_0.0": 0.9503589776560829, "net_1.0": 0.9503589776560829, "net_2.0": 0.9503589776560829, "net_3.0": 0.9503589776560829, "net_5.0": 0.9503589776560829, "net_8.0": 0.9503589776560829}
{"file": "01_Funk3-112-C#_comp_mic", "duration": 34.284400000000005, "net_0.0": 0.9407596338812032, "net_1.0": 0.9407596338812032, "net_2.0": 0.9407596338812032, "net_3.0": 0.9407596338812032, "net_5.0": 0.9407596338812032, "net_8.0": 0.9407596338812032}
{"file": "01_Jazz2-187-F#_comp_mic", "duration": 20.53200000000004, "net_0.0": 0.9755677844608849, "net_1.0": 0.9755677844608849, "net_2.0": 0.9755677844608849, "net_3.0": 0.9755677844608849, "net_5.0": 0.9755677844608849, "net_8.0": 0.9755677844608849}
{"file": "01_Rock2-142-D_comp_mic", "duration": 27.041600000000003, "net_0.0": 0.9839537734257816, "net_1.0": 0.9839537734257816, "net_2.0": 0.9839537734257816, "net_3.0": 0.9839537734257816, "net_5.0": 0.9839537734257816, "net_8.0": 0.9839537734257816}
{"file": "01_SS1-68-E_comp_mic", "duration": 42.34640000000002, "net_0.0": 0.9934114288918608, "net_1.0": 0.9934114288918608, "net_2.0": 0.9934114288918608, "net_3.0": 0.9934114288918608, "net_5.0": 0.9934114288918608, "net_8.0": 0.9934114288918608}
{"file": "02_BN1-129-Eb_comp_mic", "duration": 22.32439999999997, "net_0.0": 0.877162056136884, "net_1.0": 0.877162056136884, "net_2.0": 0.9062852903630549, "net_3.0": 0.9062852903630549, "net_5.0": 0.9062852903630549, "net_8.0": 0.9062852903630549}
{"file": "02_BN3-154-E_comp_mic", "duration": 24.932000000000016, "net_0.0": 0.9757483418183379, "net_1.0": 0.9757483418183379, "net_2.0": 0.9757483418183379, "net_3.0": 0.9757483418183379, "net_5.0": 0.9757483418183379, "net_8.0": 0.9757483418183379}
{"file": "02_Funk3-112-C#_comp_mic", "duration": 34.284400000000005, "net_0.0": 0.8744647380795101, "net_1.0": 0.8907193294261466, "net_2.0": 0.8907193294261466, "net_3.0": 0.8907193294261466, "net_5.0": 0.8907193294261466, "net_8.0": 0.8907193294261466}
{"file": "02_Jazz2-187-F#_comp_mic", "duration": 20.53200000000004, "net_0.0": 0.9581721748646361, "net_1.0": 0.9581721748646361, "net_2.0": 0.9581721748646361, "net_3.0": 0.9581721748646361, "net_5.0": 0.9581721748646361, "net_8.0": 0.9581721748646361}
{"file": "02_Rock2-142-D_comp_mic", "duration": 27.041600000000003, "net_0.0": 0.9596853134984868, "net_1.0": 0.9596853134984868, "net_2.0": 0.9596853134984868, "net_3.0": 0.9596853134984868, "net_5.0": 0.9596853134984868, "net_8.0": 0.9596853134984868}
{"file": "02_SS1-68-E_comp_mic", "duration": 42.34640000000002, "net_0.0": 0.9977880181600535, "net_1.0": 0.9977880181600535, "net_2.0": 0.9977880181600535, "net_3.0": 0.9977880181600535, "net_5.0": 0.9977880181600535, "net_8.0": 0.9977880181600535}
{"file": "03_BN1-129-Eb_comp_mic", "duration": 22.32439999999997, "net_0.0": 0.9869244781549962, "net_1.0": 0.9869244781549962, "net_2.0": 0.9869244781549962, "net_3.0": 0.9869244781549962, "net_5.0": 0.9869244781549962, "net_8.0": 0.9869244781549962}
{"file": "03_BN3-154-E_comp_mic", "duration": 24.932000000000016, "net_0.0": 0.9384051273762722, "net_1.0": 0.9411726633197609, "net_2.0": 0.9411726633197609, "net_3.0": 0.9411726633197609, "net_5.0": 0.9411726633197609, "net_8.0": 0.9411726633197609}
{"file": "03_Funk3-112-C#_comp_mic", "duration": 34.284400000000005, "net_0.0": 0.6375601805476618, "net_1.0": 0.624014687758798, "net_2.0": 0.624014687758798, "net_3.0": 0.624014687758798, "net_5.0": 0.624014687758798, "net_8.0": 0.5749082815370354}
{"file": "03_Jazz2-187-F#_comp_mic", "duration": 20.53200000000004, "net_0.0": 0.8918883750074661, "net_1.0": 0.8918883750074661, "net_2.0": 0.8918883750074661, "net_3.0": 0.8918883750074661, "net_5.0": 0.8918883750074661, "net_8.0": 0.8918883750074661}
{"file": "03_Rock2-142-D_comp_mic", "duration": 27.041600000000003, "net_0.0": 0.9202323288008918, "net_1.0": 0.9202323288008918, "net_2.0": 0.9202323288008918, "net_3.0": 0.9202323288008918, "net_5.0": 0.9202323288008918, "net_8.0": 0.9202323288008918}
{"file": "03_SS1-68-E_comp_mic", "duration": 42.34640000000002, "net_0.0": 0.7521496775587925, "net_1.0": 0.769696353279818, "net_2.0": 0.7850496945357153, "net_3.0": 0.8223363804428944, "net_5.0": 0.8552363974198172, "net_8.0": 0.8903297488618682}
{"file": "04_BN1-129-Eb_comp_mic", "duration": 22.32439999999997, "net_0.0": 0.9843060478352428, "net_1.0": 0.9843060478352428, "net_2.0": 0.9843060478352428, "net_3.0": 0.9843060478352428, "net_5.0": 0.9843060478352428, "net_8.0": 0.9843060478352428}
{"file": "04_BN3-154-E_comp_mic", "duration": 24.932000000000016, "net_0.0": 0.9141375942274388, "net_1.0": 0.9141375942274388, "net_2.0": 0.9141375942274388, "net_3.0": 0.9141375942274388, "net_5.0": 0.9141375942274388, "net_8.0": 0.9141375942274388}
{"file": "04_Funk3-112-C#_comp_mic", "duration": 34.284400000000005, "net_0.0": 0.8330292872867004, "net_1.0": 0.8330292872867004, "net_2.0": 0.8465747800755642, "net_3.0": 0.8465747800755642, "net_5.0": 0.8519929771911097, "net_8.0": 0.8519929771911097}
{"file": "04_Jazz2-187-F#_comp_mic", "duration": 20.53200000000004, "net_0.0": 0.9238868102708927, "net_1.0": 0.9238868102708927, "net_2.0": 0.9238868102708927, "net_3.0": 0.9238868102708927, "net_5.0": 0.9238868102708927, "net_8.0": 0.9238868102708927}
{"file": "04_Rock2-142-D_comp_mic", "duration": 27.041600000000003, "net_0.0": 0.9359913214404706, "net_1.0": 0.9359913214404706, "net_2.0": 0.9359913214404706, "net_3.0": 0.9359913214404706, "net_5.0": 0.9359913214404706, "net_8.0": 0.9359913214404706}
{"file": "04_SS1-68-E_comp_mic", "duration": 42.34640000000002, "net_0.0": 0.6666151772329282, "net_1.0": 0.6666151772329282, "net_2.0": 0.6666151772329282, "net_3.0": 0.6666151772329282, "net_5.0": 0.6666151772329282, "net_8.0": 0.6666151772329282}
{"file": "05_BN1-129-Eb_comp_mic", "duration": 22.32439999999997, "net_0.0": 0.45623729448427147, "net_1.0": 0.45623729448427147, "net_2.0": 0.45623729448427147, "net_3.0": 0.45623729448427147, "net_5.0": 0.45623729448427147, "net_8.0": 0.45623729448427147}
{"file": "05_BN3-154-E_comp_mic", "duration": 24.932000000000016, "net_0.0": 0.7284851448175691, "net_1.0": 0.7173091679291401, "net_2.0": 0.7371475852372463, "net_3.0": 0.7371475852372463, "net_5.0": 0.7371475852372463, "net_8.0": 0.7371475852372463}
{"file": "05_Funk3-112-C#_comp_mic", "duration": 34.284400000000005, "net_0.0": 0.6077600964121617, "net_1.0": 0.5969237021810706, "net_2.0": 0.5860873079499797, "net_3.0": 0.5860873079499797, "net_5.0": 0.5860873079499795, "net_8.0": 0.6023418992966161}
{"file": "05_Jazz2-187-F#_comp_mic", "duration": 20.53200000000004, "net_0.0": 0.8538222764698362, "net_1.0": 0.8538222764698362, "net_2.0": 0.8538222764698362, "net_3.0": 0.8688644310242322, "net_5.0": 0.8688644310242322, "net_8.0": 0.8688644310242322}
{"file": "05_Rock2-142-D_comp_mic", "duration": 27.041600000000003, "net_0.0": 0.9688266954424101, "net_1.0": 0.9688266954424101, "net_2.0": 0.9688266954424101, "net_3.0": 0.9688266954424101, "net_5.0": 0.9688266954424101, "net_8.0": 0.9688266954424101}
{"file": "05_SS1-68-E_comp_mic", "duration": 42.34640000000002, "net_0.0": 0.9977960818897048, "net_1.0": 0.9956027474245766, "net_2.0": 0.9956027474245766, "net_3.0": 0.9956027474245766, "net_5.0": 0.9956027474245766, "net_8.0": 0.9956027474245766}

ИТОГ AAM majmin: {0.0: 0.97, 1.0: 0.97, 2.0: 0.97, 3.0: 0.97, 5.0: 0.97, 8.0: 0.969}

ИТОГ majmin: {0.0: 0.884, 1.0: 0.884, 2.0: 0.886, 3.0: 0.888, 5.0: 0.89, 8.0: 0.891} | старый разбор: -

ИТОГ sevenths: {0.0: 0.883, 1.0: 0.884, 2.0: 0.886, 3.0: 0.888, 5.0: 0.89, 8.0: 0.891} | старый разбор: -

ИТОГ mirex: {0.0: 0.884, 1.0: 0.884, 2.0: 0.887, 3.0: 0.889, 5.0: 0.891, 8.0: 0.891} | старый разбор: -
/home/runner/work/midi_to_tab/midi_to_tab/scripts/chordnet/train.py:308: DeprecationWarning: You are using the legacy TorchScript-based ONNX export. Starting in PyTorch 2.9, the new torch.export-based ONNX exporter has become the default. Learn more about the new export logic: https://docs.pytorch.org/docs/stable/onnx_export.html. For exporting control flow: https://pytorch.org/tutorials/beginner/onnx/export_control_flow_model_to_onnx_tutorial.html
  torch.onnx.export(model, torch.zeros(1, 200, common.WINDOW), args.export,
/opt/hostedtoolcache/Python/3.11.16/x64/lib/python3.11/site-packages/torch/onnx/_internal/torchscript_exporter/symbolic_opset9.py:4604: UserWarning: Exporting a model to ONNX with a batch_size other than 1, with a variable length with GRU can cause an error when running the ONNX model with a different batch size. Make sure to save the model with a batch size of 1, or define the initial states (h0/c0) as inputs of the model. 
  return _generic_rnn(
модель: results/chordnet.onnx 2.11 МБ
