проверочные песни: ['BN1-129-Eb', 'BN3-154-E', 'Funk3-112-C#', 'Jazz2-187-F#', 'Rock2-142-D', 'SS1-68-E']
обучение: GuitarSet 288, синтетика 2400, AAM 450; проверка: GuitarSet 36, AAM 50
доли качеств: {'maj': np.float64(0.524), 'min': np.float64(0.329), '7': np.float64(0.05), 'maj7': np.float64(0.005), 'min7': np.float64(0.012), 'sus4': np.float64(0.009), 'sus2': np.float64(0.007), 'dim': np.float64(0.024), 'aug': np.float64(0.003), 'maj6': np.float64(0.002), 'N': np.float64(0.035)} | веса: {'maj': np.float64(0.5), 'min': np.float64(0.53), '7': np.float64(1.35), 'maj7': np.float64(3.0), 'min7': np.float64(2.75), 'sus4': np.float64(3.0), 'sus2': np.float64(3.0), 'dim': np.float64(1.96), 'aug': np.float64(3.0), 'maj6': np.float64(3.0), 'N': np.float64(1.61)}
шаг 250/18000: потери 4.453, 126 с
шаг 500/18000: потери 2.131, 251 с
шаг 750/18000: потери 4.185, 377 с
шаг 1000/18000: потери 4.202, 502 с
шаг 1250/18000: потери 2.443, 627 с
шаг 1500/18000: потери 3.594, 754 с
шаг 1750/18000: потери 1.994, 881 с
шаг 2000/18000: потери 2.066, 1007 с
шаг 2250/18000: потери 1.909, 1132 с
шаг 2500/18000: потери 1.981, 1258 с
шаг 2750/18000: потери 1.797, 1384 с
шаг 3000/18000: потери 1.742, 1511 с
шаг 3250/18000: потери 1.865, 1637 с
шаг 3500/18000: потери 3.067, 1763 с
шаг 3750/18000: потери 1.742, 1888 с
шаг 4000/18000: потери 1.725, 2011 с
шаг 4250/18000: потери 1.722, 2137 с
шаг 4500/18000: потери 1.804, 2260 с
шаг 4750/18000: потери 1.871, 2383 с
шаг 5000/18000: потери 1.697, 2506 с
шаг 5250/18000: потери 1.365, 2629 с
шаг 5500/18000: потери 1.721, 2753 с
шаг 5750/18000: потери 1.519, 2876 с
шаг 6000/18000: потери 1.735, 2999 с
шаг 6250/18000: потери 1.726, 3124 с
шаг 6500/18000: потери 1.622, 3248 с
шаг 6750/18000: потери 1.667, 3371 с
шаг 7000/18000: потери 1.725, 3493 с
шаг 7250/18000: потери 1.835, 3618 с
шаг 7500/18000: потери 1.446, 3742 с
шаг 7750/18000: потери 1.531, 3866 с
шаг 8000/18000: потери 1.730, 3993 с
шаг 8250/18000: потери 1.667, 4121 с
шаг 8500/18000: потери 1.782, 4249 с
шаг 8750/18000: потери 1.621, 4375 с
шаг 9000/18000: потери 1.615, 4500 с
шаг 9250/18000: потери 1.437, 4624 с
шаг 9500/18000: потери 1.532, 4749 с
шаг 9750/18000: потери 1.517, 4874 с
шаг 10000/18000: потери 1.492, 5000 с
шаг 10250/18000: потери 1.551, 5128 с
шаг 10500/18000: потери 1.739, 5255 с
шаг 10750/18000: потери 1.255, 5381 с
шаг 11000/18000: потери 1.650, 5507 с
шаг 11250/18000: потери 1.632, 5634 с
шаг 11500/18000: потери 1.396, 5762 с
шаг 11750/18000: потери 1.510, 5890 с
шаг 12000/18000: потери 1.639, 6020 с
шаг 12250/18000: потери 1.449, 6146 с
шаг 12500/18000: потери 1.606, 6274 с
шаг 12750/18000: потери 1.620, 6401 с
шаг 13000/18000: потери 1.627, 6530 с
шаг 13250/18000: потери 1.744, 6660 с
шаг 13500/18000: потери 1.629, 6789 с
шаг 13750/18000: потери 1.573, 6916 с
шаг 14000/18000: потери 1.465, 7041 с
шаг 14250/18000: потери 1.081, 7166 с
шаг 14500/18000: потери 1.428, 7290 с
шаг 14750/18000: потери 1.632, 7414 с
шаг 15000/18000: потери 1.576, 7539 с
шаг 15250/18000: потери 1.378, 7663 с
шаг 15500/18000: потери 1.028, 7785 с
шаг 15750/18000: потери 1.636, 7906 с
шаг 16000/18000: потери 1.023, 8030 с
шаг 16250/18000: потери 1.632, 8152 с
шаг 16500/18000: потери 1.635, 8276 с
шаг 16750/18000: потери 1.323, 8397 с
шаг 17000/18000: потери 1.613, 8519 с
шаг 17250/18000: потери 0.873, 8643 с
шаг 17500/18000: потери 1.653, 8764 с
шаг 17750/18000: потери 1.631, 8886 с
шаг 18000/18000: потери 1.691, 9009 с
{"file": "00_BN1-129-Eb_comp_mic", "duration": 22.32439999999997, "net_0.0": 0.7760304829358079, "net_1.0": 0.7760304829358079, "net_2.0": 0.7760304829358079, "net_3.0": 0.7885118690327383, "net_5.0": 0.8134746412265991, "net_8.0": 0.8134746412265991}
{"file": "00_BN3-154-E_comp_mic", "duration": 24.932000000000016, "net_0.0": 0.8658882773388512, "net_1.0": 0.8658882773388512, "net_2.0": 0.8658882773388512, "net_3.0": 0.8658882773388512, "net_5.0": 0.8658882773388512, "net_8.0": 0.8956908823746621}
{"file": "00_Funk3-112-C#_comp_mic", "duration": 34.284400000000005, "net_0.0": 0.8587511992192506, "net_1.0": 0.8506239035459322, "net_2.0": 0.8506239035459322, "net_3.0": 0.8506239035459322, "net_5.0": 0.8506239035459322, "net_8.0": 0.8885512833547509}
{"file": "00_Jazz2-187-F#_comp_mic", "duration": 20.53200000000004, "net_0.0": 0.8721583177155183, "net_1.0": 0.8721583177155183, "net_2.0": 0.8721583177155183, "net_3.0": 0.8721583177155183, "net_5.0": 0.8721583177155183, "net_8.0": 0.8721583177155183}
{"file": "00_Rock2-142-D_comp_mic", "duration": 27.041600000000003, "net_0.0": 0.9409468626917759, "net_1.0": 0.9409468626917759, "net_2.0": 0.9409468626917759, "net_3.0": 0.9409468626917759, "net_5.0": 0.9409468626917759, "net_8.0": 0.9409468626917759}
{"file": "00_SS1-68-E_comp_mic", "duration": 42.34640000000002, "net_0.0": 0.9934013492297971, "net_1.0": 0.9934013492297971, "net_2.0": 0.9999813526251816, "net_3.0": 0.9999813526251816, "net_5.0": 0.9999813526251816, "net_8.0": 0.9999813526251816}
{"file": "01_BN1-129-Eb_comp_mic", "duration": 22.32439999999997, "net_0.0": 0.9642747535299707, "net_1.0": 0.9642747535299707, "net_2.0": 0.9642747535299707, "net_3.0": 0.9642747535299707, "net_5.0": 0.9642747535299707, "net_8.0": 0.9642747535299707}
{"file": "01_BN3-154-E_comp_mic", "duration": 24.932000000000016, "net_0.0": 0.935023759368835, "net_1.0": 0.935023759368835, "net_2.0": 0.935023759368835, "net_3.0": 0.935023759368835, "net_5.0": 0.935023759368835, "net_8.0": 0.935023759368835}
{"file": "01_Funk3-112-C#_comp_mic", "duration": 34.284400000000005, "net_0.0": 0.9364949201359595, "net_1.0": 0.9364949201359595, "net_2.0": 0.9364949201359595, "net_3.0": 0.9364949201359595, "net_5.0": 0.9364949201359595, "net_8.0": 0.9364949201359595}
{"file": "01_Jazz2-187-F#_comp_mic", "duration": 20.53200000000004, "net_0.0": 0.9426764359134074, "net_1.0": 0.9426764359134074, "net_2.0": 0.9426764359134074, "net_3.0": 0.9426764359134074, "net_5.0": 0.9426764359134074, "net_8.0": 0.9426764359134074}
{"file": "01_Rock2-142-D_comp_mic", "duration": 27.041600000000003, "net_0.0": 0.9722925076101494, "net_1.0": 0.9722925076101494, "net_2.0": 0.9722925076101494, "net_3.0": 0.9722925076101494, "net_5.0": 0.9722925076101494, "net_8.0": 0.9722925076101494}
{"file": "01_SS1-68-E_comp_mic", "duration": 42.34640000000002, "net_0.0": 0.9934114288918608, "net_1.0": 0.9934114288918608, "net_2.0": 0.9934114288918608, "net_3.0": 0.9934114288918608, "net_5.0": 0.9934114288918608, "net_8.0": 0.9934114288918608}
{"file": "02_BN1-129-Eb_comp_mic", "duration": 22.32439999999997, "net_0.0": 0.7211689186579995, "net_1.0": 0.7211689186579995, "net_2.0": 0.7211689186579995, "net_3.0": 0.7211689186579995, "net_5.0": 0.7211689186579995, "net_8.0": 0.7211689186579995}
{"file": "02_BN3-154-E_comp_mic", "duration": 24.932000000000016, "net_0.0": 0.9644824067826062, "net_1.0": 0.9644824067826062, "net_2.0": 0.9644824067826062, "net_3.0": 0.9644824067826062, "net_5.0": 0.9644824067826062, "net_8.0": 0.9644824067826062}
{"file": "02_Funk3-112-C#_comp_mic", "duration": 34.284400000000005, "net_0.0": 0.8849095829096729, "net_1.0": 0.8849095829096729, "net_2.0": 0.8849095829096729, "net_3.0": 0.8849095829096729, "net_5.0": 0.8849095829096729, "net_8.0": 0.8849095829096729}
{"file": "02_Jazz2-187-F#_comp_mic", "duration": 20.53200000000004, "net_0.0": 0.9539331046873787, "net_1.0": 0.9539331046873787, "net_2.0": 0.9539331046873787, "net_3.0": 0.9539331046873787, "net_5.0": 0.9539331046873787, "net_8.0": 0.9539331046873787}
{"file": "02_Rock2-142-D_comp_mic", "duration": 27.041600000000003, "net_0.0": 0.9793122458143, "net_1.0": 0.9793122458143, "net_2.0": 0.9793122458143, "net_3.0": 0.9793122458143, "net_5.0": 0.9793122458143, "net_8.0": 0.9793122458143}
{"file": "02_SS1-68-E_comp_mic", "duration": 42.34640000000002, "net_0.0": 0.9868213458344124, "net_1.0": 0.9868213458344124, "net_2.0": 0.9868213458344124, "net_3.0": 0.9868213458344124, "net_5.0": 0.9955946836949252, "net_8.0": 0.9955946836949252}
{"file": "03_BN1-129-Eb_comp_mic", "duration": 22.32439999999997, "net_0.0": 0.9869244781549962, "net_1.0": 0.9869244781549962, "net_2.0": 0.9869244781549962, "net_3.0": 0.9869244781549962, "net_5.0": 0.9869244781549962, "net_8.0": 0.9869244781549962}
{"file": "03_BN3-154-E_comp_mic", "duration": 24.932000000000016, "net_0.0": 0.9185667100681656, "net_1.0": 0.9185667100681656, "net_2.0": 0.9185667100681656, "net_3.0": 0.9185667100681656, "net_5.0": 0.9185667100681656, "net_8.0": 0.9185667100681656}
{"file": "03_Funk3-112-C#_comp_mic", "duration": 34.284400000000005, "net_0.0": 0.6354357604872212, "net_1.0": 0.6327266619294484, "net_2.0": 0.6110538734672663, "net_3.0": 0.6110538734672663, "net_5.0": 0.6110538734672663, "net_8.0": 0.6110538734672663}
{"file": "03_Jazz2-187-F#_comp_mic", "duration": 20.53200000000004, "net_0.0": 0.8613362259922267, "net_1.0": 0.8613362259922267, "net_2.0": 0.8613362259922267, "net_3.0": 0.8613362259922267, "net_5.0": 0.8613362259922267, "net_8.0": 0.8613362259922267}
{"file": "03_Rock2-142-D_comp_mic", "duration": 27.041600000000003, "net_0.0": 0.9357040875058309, "net_1.0": 0.9357040875058309, "net_2.0": 0.9357040875058309, "net_3.0": 0.9357040875058309, "net_5.0": 0.9357040875058309, "net_8.0": 0.9357040875058309}
{"file": "03_SS1-68-E_comp_mic", "duration": 42.34640000000002, "net_0.0": 0.7543430120239205, "net_1.0": 0.7718896877449463, "net_2.0": 0.7718896877449462, "net_3.0": 0.7718896877449462, "net_5.0": 0.7718896877449462, "net_8.0": 0.8113676921848408}
{"file": "04_BN1-129-Eb_comp_mic", "duration": 22.32439999999997, "net_0.0": 0.9869244781549962, "net_1.0": 0.9869244781549962, "net_2.0": 0.9869244781549962, "net_3.0": 0.9869244781549962, "net_5.0": 0.9869244781549962, "net_8.0": 0.9869244781549962}
{"file": "04_BN3-154-E_comp_mic", "duration": 24.932000000000016, "net_0.0": 0.9016598700309826, "net_1.0": 0.9016598700309826, "net_2.0": 0.9016598700309826, "net_3.0": 0.9016598700309826, "net_5.0": 0.9016598700309826, "net_8.0": 0.9016598700309826}
{"file": "04_Funk3-112-C#_comp_mic", "duration": 34.284400000000005, "net_0.0": 0.7250463119604769, "net_1.0": 0.7169190162871587, "net_2.0": 0.711500819171613, "net_3.0": 0.7602645932115224, "net_5.0": 0.7819373816737047, "net_8.0": 0.7958255066444212}
{"file": "04_Jazz2-187-F#_comp_mic", "duration": 20.53200000000004, "net_0.0": 0.8444512228312702, "net_1.0": 0.8444512228312702, "net_2.0": 0.8444512228312702, "net_3.0": 0.8444512228312702, "net_5.0": 0.8444512228312702, "net_8.0": 0.8444512228312702}
{"file": "04_Rock2-142-D_comp_mic", "duration": 27.041600000000003, "net_0.0": 0.9438420943667959, "net_1.0": 0.9438420943667959, "net_2.0": 0.9401464950513448, "net_3.0": 0.9401464950513448, "net_5.0": 0.9362211085881822, "net_8.0": 0.9362211085881822}
{"file": "04_SS1-68-E_comp_mic", "duration": 42.34640000000002, "net_0.0": 0.7170618699308766, "net_1.0": 0.7170618699308765, "net_2.0": 0.7170618699308765, "net_3.0": 0.7170618699308765, "net_5.0": 0.7170618699308765, "net_8.0": 0.7170618699308765}
{"file": "05_BN1-129-Eb_comp_mic", "duration": 22.32439999999997, "net_0.0": 0.4562372944842715, "net_1.0": 0.4562372944842715, "net_2.0": 0.4562372944842715, "net_3.0": 0.45623729448427147, "net_5.0": 0.45623729448427147, "net_8.0": 0.45623729448427147}
{"file": "05_BN3-154-E_comp_mic", "duration": 24.932000000000016, "net_0.0": 0.7305197864433272, "net_1.0": 0.7305197864433272, "net_2.0": 0.7416957633317561, "net_3.0": 0.7416957633317561, "net_5.0": 0.7416957633317561, "net_8.0": 0.7751337358497405}
{"file": "05_Funk3-112-C#_comp_mic", "duration": 34.284400000000005, "net_0.0": 0.6307689149248075, "net_1.0": 0.647023506271444, "net_2.0": 0.647023506271444, "net_3.0": 0.6578599005025351, "net_5.0": 0.6578599005025351, "net_8.0": 0.6534232224933704}
{"file": "05_Jazz2-187-F#_comp_mic", "duration": 20.53200000000004, "net_0.0": 0.5539623835601952, "net_1.0": 0.5953223687891114, "net_2.0": 0.5953223687891114, "net_3.0": 0.5953223687891113, "net_5.0": 0.6056623650963402, "net_8.0": 0.6056623650963402}
{"file": "05_Rock2-142-D_comp_mic", "duration": 27.041600000000003, "net_0.0": 0.9818627967677526, "net_1.0": 0.9804305144711143, "net_2.0": 0.9804305144711143, "net_3.0": 0.9804305144711143, "net_5.0": 0.9804305144711143, "net_8.0": 0.9804305144711143}
{"file": "05_SS1-68-E_comp_mic", "duration": 42.34640000000002, "net_0.0": 0.9890146802995408, "net_1.0": 0.9955946836949253, "net_2.0": 0.9955946836949253, "net_3.0": 0.9955946836949253, "net_5.0": 0.9955946836949253, "net_8.0": 0.9955946836949253}

ИТОГ AAM majmin: {0.0: 0.976, 1.0: 0.976, 2.0: 0.976, 3.0: 0.976, 5.0: 0.977, 8.0: 0.977}

ИТОГ majmin: {0.0: 0.866, 1.0: 0.868, 2.0: 0.867, 3.0: 0.869, 5.0: 0.871, 8.0: 0.876} | старый разбор: -

ИТОГ sevenths: {0.0: 0.854, 1.0: 0.856, 2.0: 0.856, 3.0: 0.858, 5.0: 0.859, 8.0: 0.864} | старый разбор: -

ИТОГ mirex: {0.0: 0.863, 1.0: 0.864, 2.0: 0.864, 3.0: 0.866, 5.0: 0.868, 8.0: 0.873} | старый разбор: -
/home/runner/work/midi_to_tab/midi_to_tab/scripts/chordnet/train.py:309: DeprecationWarning: You are using the legacy TorchScript-based ONNX export. Starting in PyTorch 2.9, the new torch.export-based ONNX exporter has become the default. Learn more about the new export logic: https://docs.pytorch.org/docs/stable/onnx_export.html. For exporting control flow: https://pytorch.org/tutorials/beginner/onnx/export_control_flow_model_to_onnx_tutorial.html
  torch.onnx.export(model, torch.zeros(1, 200, common.WINDOW), args.export,
/opt/hostedtoolcache/Python/3.11.16/x64/lib/python3.11/site-packages/torch/onnx/_internal/torchscript_exporter/symbolic_opset9.py:4604: UserWarning: Exporting a model to ONNX with a batch_size other than 1, with a variable length with GRU can cause an error when running the ONNX model with a different batch size. Make sure to save the model with a batch size of 1, or define the initial states (h0/c0) as inputs of the model. 
  return _generic_rnn(
модель: results/chordnet.onnx 3.06 МБ
