проверочные песни: ['BN1-129-Eb', 'BN3-154-E', 'Funk3-112-C#', 'Jazz2-187-F#', 'Rock2-142-D', 'SS1-68-E']
обучение: GuitarSet 288, синтетика 2400, AAM 450; проверка: GuitarSet 36, AAM 50
доли качеств: {'maj': np.float64(0.53), 'min': np.float64(0.317), '7': np.float64(0.055), 'maj7': np.float64(0.005), 'min7': np.float64(0.012), 'sus4': np.float64(0.009), 'sus2': np.float64(0.007), 'dim': np.float64(0.026), 'aug': np.float64(0.003), 'maj6': np.float64(0.002), 'N': np.float64(0.034)} | веса: {'maj': np.float64(0.5), 'min': np.float64(0.54), '7': np.float64(1.29), 'maj7': np.float64(3.0), 'min7': np.float64(2.75), 'sus4': np.float64(3.0), 'sus2': np.float64(3.0), 'dim': np.float64(1.87), 'aug': np.float64(3.0), 'maj6': np.float64(3.0), 'N': np.float64(1.63)}
шаг 250/16000: потери 4.385, 124 с
шаг 500/16000: потери 4.365, 248 с
шаг 750/16000: потери 2.016, 371 с
шаг 1000/16000: потери 1.908, 494 с
шаг 1250/16000: потери 1.837, 617 с
шаг 1500/16000: потери 2.217, 740 с
шаг 1750/16000: потери 1.911, 863 с
шаг 2000/16000: потери 1.765, 986 с
шаг 2250/16000: потери 3.499, 1109 с
шаг 2500/16000: потери 1.745, 1232 с
шаг 2750/16000: потери 1.821, 1355 с
шаг 3000/16000: потери 1.769, 1477 с
шаг 3250/16000: потери 1.692, 1599 с
шаг 3500/16000: потери 1.818, 1719 с
шаг 3750/16000: потери 2.088, 1839 с
шаг 4000/16000: потери 1.605, 1959 с
шаг 4250/16000: потери 1.914, 2079 с
шаг 4500/16000: потери 1.681, 2199 с
шаг 4750/16000: потери 1.699, 2319 с
шаг 5000/16000: потери 1.391, 2439 с
шаг 5250/16000: потери 2.507, 2559 с
шаг 5500/16000: потери 1.706, 2678 с
шаг 5750/16000: потери 1.896, 2799 с
шаг 6000/16000: потери 1.688, 2919 с
шаг 6250/16000: потери 1.673, 3039 с
шаг 6500/16000: потери 1.550, 3159 с
шаг 6750/16000: потери 1.789, 3279 с
шаг 7000/16000: потери 1.780, 3398 с
шаг 7250/16000: потери 1.428, 3519 с
шаг 7500/16000: потери 1.675, 3639 с
шаг 7750/16000: потери 1.647, 3758 с
шаг 8000/16000: потери 1.705, 3878 с
шаг 8250/16000: потери 1.474, 3998 с
шаг 8500/16000: потери 1.802, 4117 с
шаг 8750/16000: потери 1.642, 4237 с
шаг 9000/16000: потери 1.523, 4356 с
шаг 9250/16000: потери 1.601, 4475 с
шаг 9500/16000: потери 1.695, 4594 с
шаг 9750/16000: потери 1.581, 4713 с
шаг 10000/16000: потери 1.601, 4832 с
шаг 10250/16000: потери 1.621, 4951 с
шаг 10500/16000: потери 1.410, 5070 с
шаг 10750/16000: потери 1.404, 5191 с
шаг 11000/16000: потери 1.635, 5311 с
шаг 11250/16000: потери 1.610, 5431 с
шаг 11500/16000: потери 1.607, 5551 с
шаг 11750/16000: потери 1.121, 5671 с
шаг 12000/16000: потери 1.610, 5791 с
шаг 12250/16000: потери 1.590, 5911 с
шаг 12500/16000: потери 1.571, 6030 с
шаг 12750/16000: потери 1.635, 6149 с
шаг 13000/16000: потери 1.507, 6268 с
шаг 13250/16000: потери 1.228, 6387 с
шаг 13500/16000: потери 1.320, 6507 с
шаг 13750/16000: потери 1.572, 6627 с
шаг 14000/16000: потери 1.503, 6747 с
шаг 14250/16000: потери 1.593, 6866 с
шаг 14500/16000: потери 1.052, 6986 с
шаг 14750/16000: потери 1.754, 7107 с
шаг 15000/16000: потери 1.595, 7227 с
шаг 15250/16000: потери 1.611, 7347 с
шаг 15500/16000: потери 1.583, 7467 с
шаг 15750/16000: потери 1.636, 7588 с
шаг 16000/16000: потери 1.570, 7708 с
{"file": "00_BN1-129-Eb_comp_mic", "duration": 22.32439999999997, "net_0.0": 0.7568185819523061, "net_1.0": 0.7859418161784769, "net_2.0": 0.7859418161784769, "net_3.0": 0.8067441263400276, "net_5.0": 0.8067441263400276, "net_8.0": 0.8067441263400276}
{"file": "00_BN3-154-E_comp_mic", "duration": 24.932000000000016, "net_0.0": 0.8564929426014436, "net_1.0": 0.8564929426014436, "net_2.0": 0.8564929426014436, "net_3.0": 0.8751195707488253, "net_5.0": 0.90366540755026, "net_8.0": 0.90366540755026}
{"file": "00_Funk3-112-C#_comp_mic", "duration": 34.284400000000005, "net_0.0": 0.848301063180967, "net_1.0": 0.848301063180967, "net_2.0": 0.848301063180967, "net_3.0": 0.848301063180967, "net_5.0": 0.8371220367680231, "net_8.0": 0.8371220367680231}
{"file": "00_Jazz2-187-F#_comp_mic", "duration": 20.53200000000004, "net_0.0": 0.8580708503201706, "net_1.0": 0.8580708503201706, "net_2.0": 0.8580708503201706, "net_3.0": 0.8580708503201706, "net_5.0": 0.8580708503201706, "net_8.0": 0.8580708503201706}
{"file": "00_Rock2-142-D_comp_mic", "duration": 27.041600000000003, "net_0.0": 0.9491997631265968, "net_1.0": 0.9491997631265968, "net_2.0": 0.9491997631265968, "net_3.0": 0.9491997631265968, "net_5.0": 0.9491997631265968, "net_8.0": 0.9491997631265968}
{"file": "00_SS1-68-E_comp_mic", "duration": 42.34640000000002, "net_0.0": 0.9999813526251816, "net_1.0": 0.9999813526251816, "net_2.0": 0.9999813526251816, "net_3.0": 0.9999813526251816, "net_5.0": 0.9999813526251816, "net_8.0": 0.9999813526251816}
{"file": "01_BN1-129-Eb_comp_mic", "duration": 22.32439999999997, "net_0.0": 0.9684352155622808, "net_1.0": 0.9684352155622808, "net_2.0": 0.9684352155622808, "net_3.0": 0.9684352155622808, "net_5.0": 0.9684352155622808, "net_8.0": 0.9684352155622808}
{"file": "01_BN3-154-E_comp_mic", "duration": 24.932000000000016, "net_0.0": 0.9299966864313314, "net_1.0": 0.9299966864313314, "net_2.0": 0.9299966864313314, "net_3.0": 0.9299966864313314, "net_5.0": 0.9299966864313314, "net_8.0": 0.9299966864313314}
{"file": "01_Funk3-112-C#_comp_mic", "duration": 34.284400000000005, "net_0.0": 0.9245050425345668, "net_1.0": 0.9245050425345668, "net_2.0": 0.9245050425345668, "net_3.0": 0.9245050425345668, "net_5.0": 0.9245050425345668, "net_8.0": 0.9245050425345668}
{"file": "01_Jazz2-187-F#_comp_mic", "duration": 20.53200000000004, "net_0.0": 0.9581864303742511, "net_1.0": 0.9581864303742511, "net_2.0": 0.9581864303742511, "net_3.0": 0.9581864303742511, "net_5.0": 0.9581864303742511, "net_8.0": 0.9581864303742511}
{"file": "01_Rock2-142-D_comp_mic", "duration": 27.041600000000003, "net_0.0": 0.9689683687214499, "net_1.0": 0.9689683687214499, "net_2.0": 0.9689683687214499, "net_3.0": 0.9689683687214499, "net_5.0": 0.9689683687214499, "net_8.0": 0.9689683687214499}
{"file": "01_SS1-68-E_comp_mic", "duration": 42.34640000000002, "net_0.0": 0.9912180944267327, "net_1.0": 0.9912180944267327, "net_2.0": 0.9912180944267327, "net_3.0": 0.9912180944267327, "net_5.0": 0.9912180944267327, "net_8.0": 0.9912180944267327}
{"file": "02_BN1-129-Eb_comp_mic", "duration": 22.32439999999997, "net_0.0": 0.862110617185692, "net_1.0": 0.8496292310887616, "net_2.0": 0.8496292310887616, "net_3.0": 0.8745920032826224, "net_5.0": 0.8745920032826224, "net_8.0": 0.9161966236057237}
{"file": "02_BN3-154-E_comp_mic", "duration": 24.932000000000016, "net_0.0": 0.9647522812245145, "net_1.0": 0.9647522812245145, "net_2.0": 0.9647522812245145, "net_3.0": 0.9647522812245145, "net_5.0": 0.9647522812245145, "net_8.0": 0.9647522812245145}
{"file": "02_Funk3-112-C#_comp_mic", "duration": 34.284400000000005, "net_0.0": 0.9120058596955212, "net_1.0": 0.9120058596955212, "net_2.0": 0.9120058596955212, "net_3.0": 0.893042169791112, "net_5.0": 0.893042169791112, "net_8.0": 0.893042169791112}
{"file": "02_Jazz2-187-F#_comp_mic", "duration": 20.53200000000004, "net_0.0": 0.9271521859429492, "net_1.0": 0.9271521859429492, "net_2.0": 0.9271521859429492, "net_3.0": 0.9271521859429492, "net_5.0": 0.9271521859429492, "net_8.0": 0.9374921822501782}
{"file": "02_Rock2-142-D_comp_mic", "duration": 27.041600000000003, "net_0.0": 0.9517770937852332, "net_1.0": 0.9517770937852332, "net_2.0": 0.9517770937852332, "net_3.0": 0.9517770937852332, "net_5.0": 0.9517770937852332, "net_8.0": 0.9517770937852332}
{"file": "02_SS1-68-E_comp_mic", "duration": 42.34640000000002, "net_0.0": 0.9868213458344124, "net_1.0": 0.9868213458344124, "net_2.0": 0.9868213458344124, "net_3.0": 0.9955946836949252, "net_5.0": 0.9955946836949252, "net_8.0": 0.9955946836949252}
{"file": "03_BN1-129-Eb_comp_mic", "duration": 22.32439999999997, "net_0.0": 0.9869244781549962, "net_1.0": 0.9869244781549962, "net_2.0": 0.9869244781549962, "net_3.0": 0.9869244781549962, "net_5.0": 0.9869244781549962, "net_8.0": 0.9869244781549962}
{"file": "03_BN3-154-E_comp_mic", "duration": 24.932000000000016, "net_0.0": 0.9524385983554927, "net_1.0": 0.9524385983554927, "net_2.0": 0.9524385983554927, "net_3.0": 0.9524385983554927, "net_5.0": 0.9524385983554927, "net_8.0": 0.9524385983554927}
{"file": "03_Funk3-112-C#_comp_mic", "duration": 34.284400000000005, "net_0.0": 0.5111876113981193, "net_1.0": 0.5220240056292104, "net_2.0": 0.5382785969758468, "net_3.0": 0.5599513854380289, "net_5.0": 0.5599513854380289, "net_8.0": 0.5599513854380289}
{"file": "03_Jazz2-187-F#_comp_mic", "duration": 20.53200000000004, "net_0.0": 0.8627444975481076, "net_1.0": 0.8627444975481076, "net_2.0": 0.8627444975481076, "net_3.0": 0.8627444975481076, "net_5.0": 0.8627444975481076, "net_8.0": 0.8627444975481076}
{"file": "03_Rock2-142-D_comp_mic", "duration": 27.041600000000003, "net_0.0": 0.9247589628385178, "net_1.0": 0.9247589628385178, "net_2.0": 0.9247589628385178, "net_3.0": 0.9247589628385178, "net_5.0": 0.9247589628385178, "net_8.0": 0.9247589628385178}
{"file": "03_SS1-68-E_comp_mic", "duration": 42.34640000000002, "net_0.0": 0.8464650754917172, "net_1.0": 0.8530450788871021, "net_2.0": 0.8771717580035121, "net_3.0": 0.9012984371199222, "net_5.0": 0.9012984371199222, "net_8.0": 0.9012984371199222}
{"file": "04_BN1-129-Eb_comp_mic", "duration": 22.32439999999997, "net_0.0": 0.9869244781549962, "net_1.0": 0.9869244781549962, "net_2.0": 0.9869244781549962, "net_3.0": 0.9869244781549962, "net_5.0": 0.9869244781549962, "net_8.0": 0.9869244781549962}
{"file": "04_BN3-154-E_comp_mic", "duration": 24.932000000000016, "net_0.0": 0.904263364647037, "net_1.0": 0.904263364647037, "net_2.0": 0.904263364647037, "net_3.0": 0.904263364647037, "net_5.0": 0.904263364647037, "net_8.0": 0.904263364647037}
{"file": "04_Funk3-112-C#_comp_mic", "duration": 34.284400000000005, "net_0.0": 0.8531517517695317, "net_1.0": 0.8531517517695317, "net_2.0": 0.8531517517695317, "net_3.0": 0.8531517517695317, "net_5.0": 0.8802427373472594, "net_8.0": 0.9185127493379308}
{"file": "04_Jazz2-187-F#_comp_mic", "duration": 20.53200000000004, "net_0.0": 0.9187168121172782, "net_1.0": 0.9290568084245071, "net_2.0": 0.9290568084245071, "net_3.0": 0.9290568084245071, "net_5.0": 0.9290568084245071, "net_8.0": 0.9290568084245071}
{"file": "04_Rock2-142-D_comp_mic", "duration": 27.041600000000003, "net_0.0": 0.9444433419412591, "net_1.0": 0.9444433419412591, "net_2.0": 0.9444433419412591, "net_3.0": 0.9444433419412591, "net_5.0": 0.9444433419412591, "net_8.0": 0.9444433419412591}
{"file": "04_SS1-68-E_comp_mic", "duration": 42.34640000000002, "net_0.0": 0.7477685524426712, "net_1.0": 0.7631218936985685, "net_2.0": 0.7631218936985685, "net_3.0": 0.7696973612460242, "net_5.0": 0.7696973612460242, "net_8.0": 0.7696973612460242}
{"file": "05_BN1-129-Eb_comp_mic", "duration": 22.32439999999997, "net_0.0": 0.5144837629366135, "net_1.0": 0.5144837629366135, "net_2.0": 0.5020023768396831, "net_3.0": 0.5020023768396831, "net_5.0": 0.5020023768396831, "net_8.0": 0.5768906934212656}
{"file": "05_BN3-154-E_comp_mic", "duration": 24.932000000000016, "net_0.0": 0.7355018803071791, "net_1.0": 0.7375815010065885, "net_2.0": 0.7445082783488963, "net_3.0": 0.7445082783488963, "net_5.0": 0.8238619475813215, "net_8.0": 0.792069679993404}
{"file": "05_Funk3-112-C#_comp_mic", "duration": 34.284400000000005, "net_0.0": 0.6818608205378033, "net_1.0": 0.6818608205378033, "net_2.0": 0.6818608205378033, "net_3.0": 0.6818608205378033, "net_5.0": 0.6926972147688943, "net_8.0": 0.7143700032310764}
{"file": "05_Jazz2-187-F#_comp_mic", "duration": 20.53200000000004, "net_0.0": 0.7461879950568268, "net_1.0": 0.7461879950568268, "net_2.0": 0.7927179784393572, "net_3.0": 0.7461879950568268, "net_5.0": 0.7461879950568268, "net_8.0": 0.7461879950568268}
{"file": "05_Rock2-142-D_comp_mic", "duration": 27.041600000000003, "net_0.0": 0.967938213933307, "net_1.0": 0.967938213933307, "net_2.0": 0.967938213933307, "net_3.0": 0.967938213933307, "net_5.0": 0.967938213933307, "net_8.0": 0.967938213933307}
{"file": "05_SS1-68-E_comp_mic", "duration": 42.34640000000002, "net_0.0": 0.9912160784943201, "net_1.0": 0.9934094129594484, "net_2.0": 0.9934094129594484, "net_3.0": 0.9934094129594484, "net_5.0": 0.9934094129594484, "net_8.0": 0.9934094129594484}

ИТОГ AAM majmin: {0.0: 0.971, 1.0: 0.971, 2.0: 0.971, 3.0: 0.971, 5.0: 0.971, 8.0: 0.971}

ИТОГ majmin: {0.0: 0.882, 1.0: 0.883, 2.0: 0.886, 3.0: 0.888, 5.0: 0.892, 8.0: 0.896} | старый разбор: -

ИТОГ sevenths: {0.0: 0.881, 1.0: 0.883, 2.0: 0.885, 3.0: 0.887, 5.0: 0.89, 8.0: 0.894} | старый разбор: -

ИТОГ mirex: {0.0: 0.882, 1.0: 0.885, 2.0: 0.887, 3.0: 0.889, 5.0: 0.893, 8.0: 0.897} | старый разбор: -
/home/runner/work/midi_to_tab/midi_to_tab/scripts/chordnet/train.py:308: DeprecationWarning: You are using the legacy TorchScript-based ONNX export. Starting in PyTorch 2.9, the new torch.export-based ONNX exporter has become the default. Learn more about the new export logic: https://docs.pytorch.org/docs/stable/onnx_export.html. For exporting control flow: https://pytorch.org/tutorials/beginner/onnx/export_control_flow_model_to_onnx_tutorial.html
  torch.onnx.export(model, torch.zeros(1, 200, common.WINDOW), args.export,
/opt/hostedtoolcache/Python/3.11.16/x64/lib/python3.11/site-packages/torch/onnx/_internal/torchscript_exporter/symbolic_opset9.py:4604: UserWarning: Exporting a model to ONNX with a batch_size other than 1, with a variable length with GRU can cause an error when running the ONNX model with a different batch size. Make sure to save the model with a batch size of 1, or define the initial states (h0/c0) as inputs of the model. 
  return _generic_rnn(
модель: results/chordnet.onnx 2.11 МБ
