проверочные песни: ['BN1-129-Eb', 'BN3-154-E', 'Funk3-112-C#', 'Jazz2-187-F#', 'Rock2-142-D', 'SS1-68-E']
обучение: GuitarSet 288, синтетика 2400, AAM 1940, FMA 1292; проверка: GuitarSet 36, AAM 60
доли качеств: {'maj': np.float64(0.577), 'min': np.float64(0.332), '7': np.float64(0.027), 'maj7': np.float64(0.004), 'min7': np.float64(0.008), 'sus4': np.float64(0.006), 'sus2': np.float64(0.004), 'dim': np.float64(0.013), 'aug': np.float64(0.002), 'maj6': np.float64(0.002), 'N': np.float64(0.025)} | веса: {'maj': np.float64(0.5), 'min': np.float64(0.52), '7': np.float64(1.84), 'maj7': np.float64(3.0), 'min7': np.float64(3.0), 'sus4': np.float64(3.0), 'sus2': np.float64(3.0), 'dim': np.float64(2.67), 'aug': np.float64(3.0), 'maj6': np.float64(3.0), 'N': np.float64(1.89)}
шаг 250/20000: потери 4.216, 96 с
шаг 500/20000: потери 3.651, 191 с
шаг 750/20000: потери 3.438, 287 с
шаг 1000/20000: потери 2.138, 385 с
шаг 1250/20000: потери 2.058, 480 с
шаг 1500/20000: потери 2.039, 574 с
шаг 1750/20000: потери 2.522, 668 с
шаг 2000/20000: потери 1.911, 763 с
шаг 2250/20000: потери 3.723, 857 с
шаг 2500/20000: потери 1.836, 952 с
шаг 2750/20000: потери 2.080, 1046 с
шаг 3000/20000: потери 1.907, 1142 с
шаг 3250/20000: потери 3.345, 1237 с
шаг 3500/20000: потери 2.099, 1331 с
шаг 3750/20000: потери 1.900, 1426 с
шаг 4000/20000: потери 1.901, 1520 с
шаг 4250/20000: потери 1.818, 1613 с
шаг 4500/20000: потери 1.914, 1707 с
шаг 4750/20000: потери 1.946, 1800 с
шаг 5000/20000: потери 1.861, 1894 с
шаг 5250/20000: потери 1.922, 1988 с
шаг 5500/20000: потери 1.967, 2082 с
шаг 5750/20000: потери 2.416, 2175 с
шаг 6000/20000: потери 2.390, 2269 с
шаг 6250/20000: потери 1.688, 2362 с
шаг 6500/20000: потери 2.138, 2456 с
шаг 6750/20000: потери 2.119, 2550 с
шаг 7000/20000: потери 2.250, 2643 с
шаг 7250/20000: потери 1.932, 2737 с
шаг 7500/20000: потери 1.885, 2830 с
шаг 7750/20000: потери 1.853, 2923 с
шаг 8000/20000: потери 1.796, 3018 с
шаг 8250/20000: потери 1.803, 3112 с
шаг 8500/20000: потери 1.828, 3208 с
шаг 8750/20000: потери 1.611, 3302 с
шаг 9000/20000: потери 1.626, 3396 с
шаг 9250/20000: потери 1.849, 3490 с
шаг 9500/20000: потери 1.818, 3589 с
шаг 9750/20000: потери 1.619, 3690 с
шаг 10000/20000: потери 1.730, 3791 с
шаг 10250/20000: потери 1.378, 3892 с
шаг 10500/20000: потери 1.752, 3987 с
шаг 10750/20000: потери 1.683, 4080 с
шаг 11000/20000: потери 1.773, 4173 с
шаг 11250/20000: потери 1.527, 4266 с
шаг 11500/20000: потери 1.396, 4359 с
шаг 11750/20000: потери 1.805, 4451 с
шаг 12000/20000: потери 1.609, 4544 с
шаг 12250/20000: потери 1.936, 4637 с
шаг 12500/20000: потери 1.087, 4730 с
шаг 12750/20000: потери 1.751, 4824 с
шаг 13000/20000: потери 1.773, 4919 с
шаг 13250/20000: потери 1.292, 5012 с
шаг 13500/20000: потери 1.223, 5109 с
шаг 13750/20000: потери 1.298, 5205 с
шаг 14000/20000: потери 1.228, 5300 с
шаг 14250/20000: потери 1.572, 5396 с
шаг 14500/20000: потери 1.737, 5492 с
шаг 14750/20000: потери 1.717, 5589 с
шаг 15000/20000: потери 1.853, 5683 с
шаг 15250/20000: потери 1.740, 5777 с
шаг 15500/20000: потери 1.723, 5872 с
шаг 15750/20000: потери 1.649, 5964 с
шаг 16000/20000: потери 1.104, 6057 с
шаг 16250/20000: потери 1.208, 6150 с
шаг 16500/20000: потери 1.152, 6243 с
шаг 16750/20000: потери 1.746, 6336 с
шаг 17000/20000: потери 1.708, 6429 с
шаг 17250/20000: потери 1.002, 6522 с
шаг 17500/20000: потери 1.745, 6615 с
шаг 17750/20000: потери 1.761, 6708 с
шаг 18000/20000: потери 1.126, 6801 с
шаг 18250/20000: потери 1.746, 6893 с
шаг 18500/20000: потери 1.870, 6986 с
шаг 18750/20000: потери 1.858, 7079 с
шаг 19000/20000: потери 1.677, 7172 с
шаг 19250/20000: потери 1.312, 7265 с
шаг 19500/20000: потери 1.428, 7358 с
шаг 19750/20000: потери 1.780, 7451 с
шаг 20000/20000: потери 1.780, 7543 с
{"file": "00_BN1-129-Eb_comp_mic", "duration": 22.32439999999997, "net_0.0": 0.8067441263400277, "net_1.0": 0.8067441263400277, "net_2.0": 0.8067441263400277, "net_3.0": 0.8067441263400277, "net_5.0": 0.8067441263400277, "net_8.0": 0.8067441263400277}
{"file": "00_BN3-154-E_comp_mic", "duration": 24.932000000000016, "net_0.0": 0.7599334547834466, "net_1.0": 0.7615791597135138, "net_2.0": 0.7615791597135138, "net_3.0": 0.7615791597135138, "net_5.0": 0.7615791597135138, "net_8.0": 0.7615791597135138}
{"file": "00_Funk3-112-C#_comp_mic", "duration": 34.284400000000005, "net_0.0": 0.8924085740747044, "net_1.0": 0.8924085740747044, "net_2.0": 0.8924085740747044, "net_3.0": 0.8924085740747044, "net_5.0": 0.8924085740747044, "net_8.0": 0.8924085740747044}
{"file": "00_Jazz2-187-F#_comp_mic", "duration": 20.53200000000004, "net_0.0": 0.8040079100690963, "net_1.0": 0.7852087807535053, "net_2.0": 0.7852087807535053, "net_3.0": 0.7852087807535053, "net_5.0": 0.7852087807535053, "net_8.0": 0.7852087807535053}
{"file": "00_Rock2-142-D_comp_mic", "duration": 27.041600000000003, "net_0.0": 0.9435548604321563, "net_1.0": 0.9435548604321563, "net_2.0": 0.9435548604321563, "net_3.0": 0.9435548604321563, "net_5.0": 0.9435548604321563, "net_8.0": 0.9435548604321563}
{"file": "00_SS1-68-E_comp_mic", "duration": 42.34640000000002, "net_0.0": 0.9999813526251816, "net_1.0": 0.9999813526251816, "net_2.0": 0.9999813526251816, "net_3.0": 0.9999813526251816, "net_5.0": 0.9999813526251816, "net_8.0": 0.9999813526251816}
{"file": "01_BN1-129-Eb_comp_mic", "duration": 22.32439999999997, "net_0.0": 0.9684352155622808, "net_1.0": 0.9684352155622808, "net_2.0": 0.9684352155622808, "net_3.0": 0.9684352155622808, "net_5.0": 0.9684352155622808, "net_8.0": 0.9684352155622808}
{"file": "01_BN3-154-E_comp_mic", "duration": 24.932000000000016, "net_0.0": 0.9513167673420704, "net_1.0": 0.9513167673420704, "net_2.0": 0.9513167673420704, "net_3.0": 0.9513167673420704, "net_5.0": 0.9513167673420704, "net_8.0": 0.9513167673420704}
{"file": "01_Funk3-112-C#_comp_mic", "duration": 34.284400000000005, "net_0.0": 0.9337805303700658, "net_1.0": 0.9337805303700658, "net_2.0": 0.9337805303700658, "net_3.0": 0.9337805303700658, "net_5.0": 0.9337805303700658, "net_8.0": 0.9337805303700658}
{"file": "01_Jazz2-187-F#_comp_mic", "duration": 20.53200000000004, "net_0.0": 0.9323221840965638, "net_1.0": 0.9323221840965638, "net_2.0": 0.9323221840965638, "net_3.0": 0.9323221840965638, "net_5.0": 0.9323221840965638, "net_8.0": 0.9323221840965638}
{"file": "01_Rock2-142-D_comp_mic", "duration": 27.041600000000003, "net_0.0": 0.9750421786295698, "net_1.0": 0.9750421786295698, "net_2.0": 0.9750421786295698, "net_3.0": 0.9750421786295698, "net_5.0": 0.9750421786295698, "net_8.0": 0.9750421786295698}
{"file": "01_SS1-68-E_comp_mic", "duration": 42.34640000000002, "net_0.0": 0.9934114288918608, "net_1.0": 0.9934114288918608, "net_2.0": 0.9934114288918608, "net_3.0": 0.9934114288918608, "net_5.0": 0.9934114288918608, "net_8.0": 0.9934114288918608}
{"file": "02_BN1-129-Eb_comp_mic", "duration": 22.32439999999997, "net_0.0": 0.6254782919148664, "net_1.0": 0.6254782919148664, "net_2.0": 0.6254782919148664, "net_3.0": 0.6254782919148664, "net_5.0": 0.6254782919148664, "net_8.0": 0.6254782919148664}
{"file": "02_BN3-154-E_comp_mic", "duration": 24.932000000000016, "net_0.0": 0.9791297098257746, "net_1.0": 0.9791297098257746, "net_2.0": 0.9791297098257746, "net_3.0": 0.9791297098257746, "net_5.0": 0.9791297098257746, "net_8.0": 0.9791297098257746}
{"file": "02_Funk3-112-C#_comp_mic", "duration": 34.284400000000005, "net_0.0": 0.9315595193053832, "net_1.0": 0.9315595193053832, "net_2.0": 0.9315595193053832, "net_3.0": 0.9315595193053832, "net_5.0": 0.9315595193053832, "net_8.0": 0.9315595193053832}
{"file": "02_Jazz2-187-F#_comp_mic", "duration": 20.53200000000004, "net_0.0": 0.9224405240227057, "net_1.0": 0.9224405240227057, "net_2.0": 0.9224405240227057, "net_3.0": 0.9224405240227057, "net_5.0": 0.9224405240227057, "net_8.0": 0.9224405240227057}
{"file": "02_Rock2-142-D_comp_mic", "duration": 27.041600000000003, "net_0.0": 0.9454160499424741, "net_1.0": 0.949341436405637, "net_2.0": 0.949341436405637, "net_3.0": 0.949341436405637, "net_5.0": 0.949341436405637, "net_8.0": 0.949341436405637}
{"file": "02_SS1-68-E_comp_mic", "duration": 42.34640000000002, "net_0.0": 0.9955946836949253, "net_1.0": 0.9955946836949253, "net_2.0": 0.9955946836949253, "net_3.0": 0.9955946836949253, "net_5.0": 0.9955946836949253, "net_8.0": 0.9955946836949253}
{"file": "03_BN1-129-Eb_comp_mic", "duration": 22.32439999999997, "net_0.0": 0.9869244781549962, "net_1.0": 0.9869244781549962, "net_2.0": 0.9869244781549962, "net_3.0": 0.9869244781549962, "net_5.0": 0.9869244781549962, "net_8.0": 0.9869244781549962}
{"file": "03_BN3-154-E_comp_mic", "duration": 24.932000000000016, "net_0.0": 0.919254625312245, "net_1.0": 0.919254625312245, "net_2.0": 0.919254625312245, "net_3.0": 0.919254625312245, "net_5.0": 0.919254625312245, "net_8.0": 0.919254625312245}
{"file": "03_Funk3-112-C#_comp_mic", "duration": 34.284400000000005, "net_0.0": 0.5748765342883114, "net_1.0": 0.5748818254964321, "net_2.0": 0.5748818254964321, "net_3.0": 0.5748818254964321, "net_5.0": 0.5748818254964321, "net_8.0": 0.5748818254964321}
{"file": "03_Jazz2-187-F#_comp_mic", "duration": 20.53200000000004, "net_0.0": 0.8509962296849978, "net_1.0": 0.8509962296849978, "net_2.0": 0.8509962296849978, "net_3.0": 0.8509962296849978, "net_5.0": 0.8509962296849978, "net_8.0": 0.8509962296849978}
{"file": "03_Rock2-142-D_comp_mic", "duration": 27.041600000000003, "net_0.0": 0.9365351222280057, "net_1.0": 0.9365351222280057, "net_2.0": 0.9365351222280057, "net_3.0": 0.9365351222280057, "net_5.0": 0.9365351222280057, "net_8.0": 0.9365351222280057}
{"file": "03_SS1-68-E_comp_mic", "duration": 42.34640000000002, "net_0.0": 0.7828543441381741, "net_1.0": 0.7828543441381741, "net_2.0": 0.7894343475335589, "net_3.0": 0.7894343475335588, "net_5.0": 0.8354943713012508, "net_8.0": 0.8376917376312047}
{"file": "04_BN1-129-Eb_comp_mic", "duration": 22.32439999999997, "net_0.0": 0.9869244781549962, "net_1.0": 0.9869244781549962, "net_2.0": 0.9869244781549962, "net_3.0": 0.9869244781549962, "net_5.0": 0.9869244781549962, "net_8.0": 0.9869244781549962}
{"file": "04_BN3-154-E_comp_mic", "duration": 24.932000000000016, "net_0.0": 0.9207204139477067, "net_1.0": 0.9207204139477067, "net_2.0": 0.9207204139477067, "net_3.0": 0.9207204139477067, "net_5.0": 0.9207204139477067, "net_8.0": 0.9207204139477067}
{"file": "04_Funk3-112-C#_comp_mic", "duration": 34.284400000000005, "net_0.0": 0.7227181803873907, "net_1.0": 0.7331630252175536, "net_2.0": 0.7331630252175536, "net_3.0": 0.6956271948096631, "net_5.0": 0.6956271948096631, "net_8.0": 0.7101436242886662}
{"file": "04_Jazz2-187-F#_comp_mic", "duration": 20.53200000000004, "net_0.0": 0.8397395609110264, "net_1.0": 0.8397395609110264, "net_2.0": 0.8397395609110264, "net_3.0": 0.8397395609110264, "net_5.0": 0.8397395609110264, "net_8.0": 0.8397395609110264}
{"file": "04_Rock2-142-D_comp_mic", "duration": 27.041600000000003, "net_0.0": 0.9516928672931212, "net_1.0": 0.9516928672931212, "net_2.0": 0.9516928672931212, "net_3.0": 0.9516928672931212, "net_5.0": 0.9516928672931212, "net_8.0": 0.9516928672931212}
{"file": "04_SS1-68-E_comp_mic", "duration": 42.34640000000002, "net_0.0": 0.8793686203503625, "net_1.0": 0.8793686203503625, "net_2.0": 0.8793686203503625, "net_3.0": 0.8793686203503625, "net_5.0": 0.8793686203503625, "net_8.0": 0.8311152621175424}
{"file": "05_BN1-129-Eb_comp_mic", "duration": 22.32439999999997, "net_0.0": 0.47703960464582223, "net_1.0": 0.47703960464582223, "net_2.0": 0.4978419148073729, "net_3.0": 0.4978419148073729, "net_5.0": 0.4978419148073729, "net_8.0": 0.5644093073243351}
{"file": "05_BN3-154-E_comp_mic", "duration": 24.932000000000016, "net_0.0": 0.6956451293963613, "net_1.0": 0.691919803766885, "net_2.0": 0.691919803766885, "net_3.0": 0.7030957806553141, "net_5.0": 0.6546665474721216, "net_8.0": 0.6777513955667105}
{"file": "05_Funk3-112-C#_comp_mic", "duration": 34.284400000000005, "net_0.0": 0.5005390550553113, "net_1.0": 0.4978352477056593, "net_2.0": 0.4978352477056593, "net_3.0": 0.4978352477056593, "net_5.0": 0.4978352477056593, "net_8.0": 0.49783524770565923}
{"file": "05_Jazz2-187-F#_comp_mic", "duration": 20.53200000000004, "net_0.0": 0.5210520276665649, "net_1.0": 0.5055420332057217, "net_2.0": 0.5055420332057217, "net_3.0": 0.5055420332057217, "net_5.0": 0.5675820110490953, "net_8.0": 0.5675820110490953}
{"file": "05_Rock2-142-D_comp_mic", "duration": 27.041600000000003, "net_0.0": 0.968654355081626, "net_1.0": 0.968654355081626, "net_2.0": 0.968654355081626, "net_3.0": 0.968654355081626, "net_5.0": 0.968654355081626, "net_8.0": 0.968654355081626}
{"file": "05_SS1-68-E_comp_mic", "duration": 42.34640000000002, "net_0.0": 0.9999813526251816, "net_1.0": 0.9934094129594484, "net_2.0": 0.9934094129594484, "net_3.0": 0.9934094129594484, "net_5.0": 0.9934094129594484, "net_8.0": 0.9934094129594484}

ИТОГ AAM majmin: {0.0: 0.981, 1.0: 0.981, 2.0: 0.981, 3.0: 0.981, 5.0: 0.98, 8.0: 0.981}

ИТОГ majmin: {0.0: 0.864, 1.0: 0.863, 2.0: 0.864, 3.0: 0.863, 5.0: 0.865, 8.0: 0.866} | старый разбор: -

ИТОГ sevenths: {0.0: 0.859, 1.0: 0.858, 2.0: 0.859, 3.0: 0.858, 5.0: 0.86, 8.0: 0.86} | старый разбор: -

ИТОГ mirex: {0.0: 0.867, 1.0: 0.866, 2.0: 0.867, 3.0: 0.866, 5.0: 0.867, 8.0: 0.868} | старый разбор: -
/home/runner/work/midi_to_tab/midi_to_tab/scripts/chordnet/train.py:312: DeprecationWarning: You are using the legacy TorchScript-based ONNX export. Starting in PyTorch 2.9, the new torch.export-based ONNX exporter has become the default. Learn more about the new export logic: https://docs.pytorch.org/docs/stable/onnx_export.html. For exporting control flow: https://pytorch.org/tutorials/beginner/onnx/export_control_flow_model_to_onnx_tutorial.html
  torch.onnx.export(model, torch.zeros(1, 200, common.WINDOW), args.export,
/opt/hostedtoolcache/Python/3.11.17/x64/lib/python3.11/site-packages/torch/onnx/_internal/torchscript_exporter/symbolic_opset9.py:4604: UserWarning: Exporting a model to ONNX with a batch_size other than 1, with a variable length with GRU can cause an error when running the ONNX model with a different batch size. Make sure to save the model with a batch size of 1, or define the initial states (h0/c0) as inputs of the model. 
  return _generic_rnn(
модель: results/chordnet.onnx 2.11 МБ
