проверочные песни: ['BN1-129-Eb', 'BN3-154-E', 'Funk3-112-C#', 'Jazz2-187-F#', 'Rock2-142-D', 'SS1-68-E']
обучение: GuitarSet 288, синтетика 2400, AAM 1940, FMA 1292; проверка: GuitarSet 36, AAM 60
доли качеств: {'maj': np.float64(0.548), 'min': np.float64(0.334), '7': np.float64(0.031), 'maj7': np.float64(0.005), 'min7': np.float64(0.012), 'sus4': np.float64(0.009), 'sus2': np.float64(0.007), 'dim': np.float64(0.014), 'aug': np.float64(0.003), 'maj6': np.float64(0.002), 'N': np.float64(0.035)} | веса: {'maj': np.float64(0.5), 'min': np.float64(0.52), '7': np.float64(1.71), 'maj7': np.float64(3.0), 'min7': np.float64(2.75), 'sus4': np.float64(3.0), 'sus2': np.float64(3.0), 'dim': np.float64(2.51), 'aug': np.float64(3.0), 'maj6': np.float64(3.0), 'N': np.float64(1.62)}
шаг 250/20000: потери 4.087, 137 с
шаг 500/20000: потери 3.234, 275 с
шаг 750/20000: потери 2.143, 414 с
шаг 1000/20000: потери 1.981, 553 с
шаг 1250/20000: потери 2.771, 692 с
шаг 1500/20000: потери 1.890, 832 с
шаг 1750/20000: потери 3.328, 972 с
шаг 2000/20000: потери 1.847, 1114 с
шаг 2250/20000: потери 1.789, 1255 с
шаг 2500/20000: потери 1.989, 1395 с
шаг 2750/20000: потери 1.873, 1535 с
шаг 3000/20000: потери 1.823, 1679 с
шаг 3250/20000: потери 1.839, 1822 с
шаг 3500/20000: потери 1.838, 1964 с
шаг 3750/20000: потери 1.832, 2105 с
шаг 4000/20000: потери 1.793, 2243 с
шаг 4250/20000: потери 1.982, 2377 с
шаг 4500/20000: потери 1.873, 2511 с
шаг 4750/20000: потери 1.805, 2647 с
шаг 5000/20000: потери 1.719, 2785 с
шаг 5250/20000: потери 1.773, 2931 с
шаг 5500/20000: потери 1.780, 3076 с
шаг 5750/20000: потери 1.859, 3220 с
шаг 6000/20000: потери 1.737, 3362 с
шаг 6250/20000: потери 1.913, 3507 с
шаг 6500/20000: потери 1.973, 3655 с
шаг 6750/20000: потери 1.732, 3797 с
шаг 7000/20000: потери 1.931, 3932 с
шаг 7250/20000: потери 1.606, 4065 с
шаг 7500/20000: потери 1.518, 4200 с
шаг 7750/20000: потери 1.827, 4335 с
шаг 8000/20000: потери 1.732, 4468 с
шаг 8250/20000: потери 1.332, 4603 с
шаг 8500/20000: потери 1.774, 4737 с
шаг 8750/20000: потери 1.828, 4870 с
шаг 9000/20000: потери 1.733, 5003 с
шаг 9250/20000: потери 1.812, 5135 с
шаг 9500/20000: потери 1.961, 5269 с
шаг 9750/20000: потери 1.756, 5404 с
шаг 10000/20000: потери 1.509, 5542 с
шаг 10250/20000: потери 1.819, 5679 с
шаг 10500/20000: потери 1.710, 5816 с
шаг 10750/20000: потери 1.703, 5951 с
шаг 11000/20000: потери 1.713, 6082 с
шаг 11250/20000: потери 1.661, 6212 с
шаг 11500/20000: потери 1.793, 6342 с
шаг 11750/20000: потери 1.488, 6473 с
шаг 12000/20000: потери 1.711, 6604 с
шаг 12250/20000: потери 1.191, 6738 с
шаг 12500/20000: потери 1.460, 6873 с
шаг 12750/20000: потери 1.692, 7009 с
шаг 13000/20000: потери 1.811, 7142 с
шаг 13250/20000: потери 1.807, 7277 с
шаг 13500/20000: потери 1.799, 7409 с
шаг 13750/20000: потери 1.678, 7539 с
шаг 14000/20000: потери 0.888, 7669 с
шаг 14250/20000: потери 0.928, 7798 с
шаг 14500/20000: потери 1.770, 7931 с
шаг 14750/20000: потери 1.621, 8064 с
шаг 15000/20000: потери 1.579, 8196 с
шаг 15250/20000: потери 1.689, 8330 с
шаг 15500/20000: потери 1.859, 8461 с
шаг 15750/20000: потери 1.687, 8595 с
шаг 16000/20000: потери 1.782, 8727 с
шаг 16250/20000: потери 1.788, 8859 с
шаг 16500/20000: потери 1.075, 8990 с
шаг 16750/20000: потери 1.782, 9123 с
шаг 17000/20000: потери 1.440, 9253 с
шаг 17250/20000: потери 1.891, 9380 с
шаг 17500/20000: потери 1.702, 9508 с
шаг 17750/20000: потери 1.691, 9637 с
шаг 18000/20000: потери 1.652, 9769 с
шаг 18250/20000: потери 1.797, 9903 с
шаг 18500/20000: потери 1.688, 10039 с
шаг 18750/20000: потери 1.797, 10176 с
шаг 19000/20000: потери 1.712, 10312 с
шаг 19250/20000: потери 0.864, 10450 с
шаг 19500/20000: потери 1.789, 10588 с
шаг 19750/20000: потери 1.728, 10727 с
шаг 20000/20000: потери 1.656, 10866 с
{"file": "00_BN1-129-Eb_comp_mic", "duration": 22.32439999999997, "net_0.0": 0.7193744236615149, "net_1.0": 0.7193744236615149, "net_2.0": 0.7193744236615149, "net_3.0": 0.7193744236615149, "net_5.0": 0.7193744236615149, "net_8.0": 0.7193744236615149}
{"file": "00_BN3-154-E_comp_mic", "duration": 24.932000000000016, "net_0.0": 0.7971867110782103, "net_1.0": 0.7690298109724665, "net_2.0": 0.7690298109724665, "net_3.0": 0.7690298109724665, "net_5.0": 0.7690298109724665, "net_8.0": 0.7690298109724665}
{"file": "00_Funk3-112-C#_comp_mic", "duration": 34.284400000000005, "net_0.0": 0.8587511992192506, "net_1.0": 0.8587511992192506, "net_2.0": 0.8587511992192506, "net_3.0": 0.8722966920081142, "net_5.0": 0.8722966920081142, "net_8.0": 0.8722966920081142}
{"file": "00_Jazz2-187-F#_comp_mic", "duration": 20.53200000000004, "net_0.0": 0.7692356982227524, "net_1.0": 0.7692356982227524, "net_2.0": 0.7847456926835958, "net_3.0": 0.7866313078190008, "net_5.0": 0.7866313078190008, "net_8.0": 0.7227057148402217}
{"file": "00_Rock2-142-D_comp_mic", "duration": 27.041600000000003, "net_0.0": 0.935704087505831, "net_1.0": 0.935704087505831, "net_2.0": 0.9357040875058311, "net_3.0": 0.9357040875058311, "net_5.0": 0.9357040875058311, "net_8.0": 0.9357040875058311}
{"file": "00_SS1-68-E_comp_mic", "duration": 42.34640000000002, "net_0.0": 0.9977880181600535, "net_1.0": 0.9977880181600535, "net_2.0": 0.9977880181600535, "net_3.0": 0.9977880181600535, "net_5.0": 0.9977880181600535, "net_8.0": 0.9977880181600535}
{"file": "01_BN1-129-Eb_comp_mic", "duration": 22.32439999999997, "net_0.0": 0.9684352155622808, "net_1.0": 0.9684352155622808, "net_2.0": 0.9684352155622808, "net_3.0": 0.9684352155622808, "net_5.0": 0.9684352155622808, "net_8.0": 0.9684352155622808}
{"file": "01_BN3-154-E_comp_mic", "duration": 24.932000000000016, "net_0.0": 0.9466336520266064, "net_1.0": 0.9466336520266064, "net_2.0": 0.9466336520266064, "net_3.0": 0.9466336520266064, "net_5.0": 0.9466336520266064, "net_8.0": 0.9466336520266064}
{"file": "01_Funk3-112-C#_comp_mic", "duration": 34.284400000000005, "net_0.0": 0.9244997513264459, "net_1.0": 0.9244997513264459, "net_2.0": 0.9244997513264459, "net_3.0": 0.9244997513264459, "net_5.0": 0.9244997513264459, "net_8.0": 0.9244997513264459}
{"file": "01_Jazz2-187-F#_comp_mic", "duration": 20.53200000000004, "net_0.0": 0.9234047148548304, "net_1.0": 0.9337447111620595, "net_2.0": 0.9337447111620595, "net_3.0": 0.9027247222403725, "net_5.0": 0.9027247222403725, "net_8.0": 0.9027247222403725}
{"file": "01_Rock2-142-D_comp_mic", "duration": 27.041600000000003, "net_0.0": 0.9705155445919439, "net_1.0": 0.9705155445919439, "net_2.0": 0.9705155445919439, "net_3.0": 0.9705155445919439, "net_5.0": 0.9705155445919439, "net_8.0": 0.9705155445919439}
{"file": "01_SS1-68-E_comp_mic", "duration": 42.34640000000002, "net_0.0": 0.9934114288918608, "net_1.0": 0.9934114288918608, "net_2.0": 0.9934114288918608, "net_3.0": 0.9934114288918608, "net_5.0": 0.9934114288918608, "net_8.0": 0.9934114288918608}
{"file": "02_BN1-129-Eb_comp_mic", "duration": 22.32439999999997, "net_0.0": 0.6712433742702779, "net_1.0": 0.6587619881733475, "net_2.0": 0.6587619881733475, "net_3.0": 0.6587619881733475, "net_5.0": 0.6587619881733475, "net_8.0": 0.6587619881733475}
{"file": "02_BN3-154-E_comp_mic", "duration": 24.932000000000016, "net_0.0": 0.9695094797201099, "net_1.0": 0.9695094797201099, "net_2.0": 0.9695094797201099, "net_3.0": 0.9695094797201099, "net_5.0": 0.9695094797201099, "net_8.0": 0.9695094797201099}
{"file": "02_Funk3-112-C#_comp_mic", "duration": 34.284400000000005, "net_0.0": 0.9532217253513239, "net_1.0": 0.9532217253513239, "net_2.0": 0.9532217253513239, "net_3.0": 0.9532217253513239, "net_5.0": 0.9532217253513239, "net_8.0": 0.9532217253513239}
{"file": "02_Jazz2-187-F#_comp_mic", "duration": 20.53200000000004, "net_0.0": 0.9210322524668246, "net_1.0": 0.9468822432348972, "net_2.0": 0.9468822432348972, "net_3.0": 0.9468822432348976, "net_5.0": 0.9468822432348976, "net_8.0": 0.9468822432348976}
{"file": "02_Rock2-142-D_comp_mic", "duration": 27.041600000000003, "net_0.0": 0.9636106999616494, "net_1.0": 0.9636106999616494, "net_2.0": 0.9636106999616494, "net_3.0": 0.9636106999616494, "net_5.0": 0.9636106999616494, "net_8.0": 0.9636106999616494}
{"file": "02_SS1-68-E_comp_mic", "duration": 42.34640000000002, "net_0.0": 0.9955946836949253, "net_1.0": 0.9955946836949253, "net_2.0": 0.9955946836949253, "net_3.0": 0.9955946836949253, "net_5.0": 0.9955946836949253, "net_8.0": 0.9955946836949253}
{"file": "03_BN1-129-Eb_comp_mic", "duration": 22.32439999999997, "net_0.0": 0.9869244781549962, "net_1.0": 0.9869244781549962, "net_2.0": 0.9869244781549962, "net_3.0": 0.9869244781549962, "net_5.0": 0.9869244781549962, "net_8.0": 0.9869244781549962}
{"file": "03_BN3-154-E_comp_mic", "duration": 24.932000000000016, "net_0.0": 0.9155292996827687, "net_1.0": 0.9155292996827687, "net_2.0": 0.9155292996827687, "net_3.0": 0.9155292996827687, "net_5.0": 0.9155292996827687, "net_8.0": 0.9155292996827687}
{"file": "03_Funk3-112-C#_comp_mic", "duration": 34.284400000000005, "net_0.0": 0.6174813420757848, "net_1.0": 0.603935849286921, "net_2.0": 0.603935849286921, "net_3.0": 0.6108990791736962, "net_5.0": 0.6108990791736962, "net_8.0": 0.6391105045270122}
{"file": "03_Jazz2-187-F#_comp_mic", "duration": 20.53200000000004, "net_0.0": 0.8665062241458412, "net_1.0": 0.8665062241458412, "net_2.0": 0.8665062241458412, "net_3.0": 0.8665062241458412, "net_5.0": 0.8665062241458412, "net_8.0": 0.8665062241458412}
{"file": "03_Rock2-142-D_comp_mic", "duration": 27.041600000000003, "net_0.0": 0.9404605086911684, "net_1.0": 0.9404605086911684, "net_2.0": 0.9404605086911684, "net_3.0": 0.9404605086911684, "net_5.0": 0.9404605086911684, "net_8.0": 0.9404605086911684}
{"file": "03_SS1-68-E_comp_mic", "duration": 42.34640000000002, "net_0.0": 0.7916256660662744, "net_1.0": 0.7916296979310998, "net_2.0": 0.8113697081172536, "net_3.0": 0.8223363804428946, "net_5.0": 0.8771677261386865, "net_8.0": 0.9144544120458657}
{"file": "04_BN1-129-Eb_comp_mic", "duration": 22.32439999999997, "net_0.0": 0.9786035540903759, "net_1.0": 0.9786035540903759, "net_2.0": 0.9786035540903759, "net_3.0": 0.9786035540903759, "net_5.0": 0.9786035540903759, "net_8.0": 0.9786035540903759}
{"file": "04_BN3-154-E_comp_mic", "duration": 24.932000000000016, "net_0.0": 0.9071208587378286, "net_1.0": 0.9071208587378286, "net_2.0": 0.9071208587378286, "net_3.0": 0.9071208587378286, "net_5.0": 0.9071208587378286, "net_8.0": 0.9071208587378286}
{"file": "04_Funk3-112-C#_comp_mic", "duration": 34.284400000000005, "net_0.0": 0.6598506911018891, "net_1.0": 0.6724252472006135, "net_2.0": 0.6805525428739316, "net_3.0": 0.6805525428739316, "net_5.0": 0.6805525428739316, "net_8.0": 0.6615888529695224}
{"file": "04_Jazz2-187-F#_comp_mic", "duration": 20.53200000000004, "net_0.0": 0.8561899870213037, "net_1.0": 0.8613599851749181, "net_2.0": 0.8613599851749181, "net_3.0": 0.8613599851749181, "net_5.0": 0.8613599851749181, "net_8.0": 0.8613599851749181}
{"file": "04_Rock2-142-D_comp_mic", "duration": 27.041600000000003, "net_0.0": 0.9477674808299584, "net_1.0": 0.9399167079036331, "net_2.0": 0.9399167079036331, "net_3.0": 0.9399167079036331, "net_5.0": 0.9399167079036331, "net_8.0": 0.9399167079036331}
{"file": "04_SS1-68-E_comp_mic", "duration": 42.34640000000002, "net_0.0": 0.6731951806283127, "net_1.0": 0.6731951806283127, "net_2.0": 0.6666151772329282, "net_3.0": 0.6666151772329282, "net_5.0": 0.6666151772329282, "net_8.0": 0.6666151772329282}
{"file": "05_BN1-129-Eb_comp_mic", "duration": 22.32439999999997, "net_0.0": 0.37302805383806875, "net_1.0": 0.37302805383806875, "net_2.0": 0.37302805383806875, "net_3.0": 0.37302805383806875, "net_5.0": 0.37718851587037894, "net_8.0": 0.37718851587037894}
{"file": "05_BN3-154-E_comp_mic", "duration": 24.932000000000016, "net_0.0": 0.7746098619330952, "net_1.0": 0.7746098619330952, "net_2.0": 0.7671592106741426, "net_3.0": 0.7671592106741426, "net_5.0": 0.7671592106741427, "net_8.0": 0.7351870267916198}
{"file": "05_Funk3-112-C#_comp_mic", "duration": 34.284400000000005, "net_0.0": 0.4982056322741048, "net_1.0": 0.5036238293896503, "net_2.0": 0.4877607874439419, "net_3.0": 0.5040153787905783, "net_5.0": 0.5071213179573998, "net_8.0": 0.5071213179573998}
{"file": "05_Jazz2-187-F#_comp_mic", "duration": 20.53200000000004, "net_0.0": 0.437401129232376, "net_1.0": 0.4153128650620371, "net_2.0": 0.4153128650620371, "net_3.0": 0.4153128650620371, "net_5.0": 0.4153128650620371, "net_8.0": 0.4153128650620371}
{"file": "05_Rock2-142-D_comp_mic", "duration": 27.041600000000003, "net_0.0": 0.9819202435546805, "net_1.0": 0.9804879612580419, "net_2.0": 0.9804879612580419, "net_3.0": 0.9804879612580419, "net_5.0": 0.9804879612580419, "net_8.0": 0.9804879612580419}
{"file": "05_SS1-68-E_comp_mic", "duration": 42.34640000000002, "net_0.0": 0.9846280113692844, "net_1.0": 0.9846280113692844, "net_2.0": 0.9846280113692844, "net_3.0": 0.9846280113692844, "net_5.0": 0.9934013492297971, "net_8.0": 0.9934013492297971}

ИТОГ AAM majmin: {0.0: 0.984, 1.0: 0.983, 2.0: 0.984, 3.0: 0.984, 5.0: 0.984, 8.0: 0.984}

ИТОГ majmin: {0.0: 0.851, 1.0: 0.85, 2.0: 0.851, 3.0: 0.852, 5.0: 0.855, 8.0: 0.854} | старый разбор: -

ИТОГ sevenths: {0.0: 0.831, 1.0: 0.83, 2.0: 0.831, 3.0: 0.832, 5.0: 0.835, 8.0: 0.835} | старый разбор: -

ИТОГ mirex: {0.0: 0.849, 1.0: 0.849, 2.0: 0.849, 3.0: 0.85, 5.0: 0.853, 8.0: 0.853} | старый разбор: -
/home/runner/work/midi_to_tab/midi_to_tab/scripts/chordnet/train.py:312: DeprecationWarning: You are using the legacy TorchScript-based ONNX export. Starting in PyTorch 2.9, the new torch.export-based ONNX exporter has become the default. Learn more about the new export logic: https://docs.pytorch.org/docs/stable/onnx_export.html. For exporting control flow: https://pytorch.org/tutorials/beginner/onnx/export_control_flow_model_to_onnx_tutorial.html
  torch.onnx.export(model, torch.zeros(1, 200, common.WINDOW), args.export,
/opt/hostedtoolcache/Python/3.11.16/x64/lib/python3.11/site-packages/torch/onnx/_internal/torchscript_exporter/symbolic_opset9.py:4604: UserWarning: Exporting a model to ONNX with a batch_size other than 1, with a variable length with GRU can cause an error when running the ONNX model with a different batch size. Make sure to save the model with a batch size of 1, or define the initial states (h0/c0) as inputs of the model. 
  return _generic_rnn(
модель: results/chordnet.onnx 2.11 МБ
