проверочные песни: ['BN1-129-Eb', 'BN3-154-E', 'Funk3-112-C#', 'Jazz2-187-F#', 'Rock2-142-D', 'SS1-68-E']
обучение: GuitarSet 288, синтетика 0, AAM 450; проверка: GuitarSet 36, AAM 50
доли качеств: {'maj': np.float64(0.569), 'min': np.float64(0.354), '7': np.float64(0.044), 'maj7': np.float64(0.0), 'min7': np.float64(0.0), 'sus4': np.float64(0.0), 'sus2': np.float64(0.0), 'dim': np.float64(0.022), 'aug': np.float64(0.0), 'maj6': np.float64(0.0), 'N': np.float64(0.01)} | веса: {'maj': np.float64(0.5), 'min': np.float64(0.51), '7': np.float64(1.44), 'maj7': np.float64(3.0), 'min7': np.float64(3.0), 'sus4': np.float64(3.0), 'sus2': np.float64(3.0), 'dim': np.float64(2.04), 'aug': np.float64(3.0), 'maj6': np.float64(3.0), 'N': np.float64(2.97)}
шаг 250/16000: потери 4.532, 121 с
шаг 500/16000: потери 2.297, 242 с
шаг 750/16000: потери 1.971, 363 с
шаг 1000/16000: потери 2.024, 483 с
шаг 1250/16000: потери 1.784, 603 с
шаг 1500/16000: потери 1.841, 724 с
шаг 1750/16000: потери 1.752, 844 с
шаг 2000/16000: потери 1.614, 964 с
шаг 2250/16000: потери 1.987, 1084 с
шаг 2500/16000: потери 1.665, 1204 с
шаг 2750/16000: потери 1.709, 1324 с
шаг 3000/16000: потери 1.772, 1443 с
шаг 3250/16000: потери 1.734, 1563 с
шаг 3500/16000: потери 1.579, 1682 с
шаг 3750/16000: потери 1.694, 1803 с
шаг 4000/16000: потери 1.664, 1924 с
шаг 4250/16000: потери 1.653, 2044 с
шаг 4500/16000: потери 1.656, 2163 с
шаг 4750/16000: потери 1.824, 2282 с
шаг 5000/16000: потери 1.523, 2402 с
шаг 5250/16000: потери 1.717, 2521 с
шаг 5500/16000: потери 1.709, 2641 с
шаг 5750/16000: потери 1.741, 2760 с
шаг 6000/16000: потери 1.539, 2879 с
шаг 6250/16000: потери 1.644, 2998 с
шаг 6500/16000: потери 1.483, 3117 с
шаг 6750/16000: потери 1.493, 3237 с
шаг 7000/16000: потери 1.685, 3356 с
шаг 7250/16000: потери 1.620, 3475 с
шаг 7500/16000: потери 1.708, 3595 с
шаг 7750/16000: потери 1.554, 3714 с
шаг 8000/16000: потери 1.565, 3833 с
шаг 8250/16000: потери 1.379, 3953 с
шаг 8500/16000: потери 1.436, 4072 с
шаг 8750/16000: потери 1.682, 4191 с
шаг 9000/16000: потери 1.579, 4310 с
шаг 9250/16000: потери 1.397, 4430 с
шаг 9500/16000: потери 1.434, 4549 с
шаг 9750/16000: потери 1.489, 4668 с
шаг 10000/16000: потери 1.579, 4787 с
шаг 10250/16000: потери 1.651, 4906 с
шаг 10500/16000: потери 1.327, 5025 с
шаг 10750/16000: потери 1.735, 5143 с
шаг 11000/16000: потери 1.375, 5263 с
шаг 11250/16000: потери 1.277, 5382 с
шаг 11500/16000: потери 1.658, 5504 с
шаг 11750/16000: потери 1.685, 5625 с
шаг 12000/16000: потери 1.656, 5744 с
шаг 12250/16000: потери 1.643, 5864 с
шаг 12500/16000: потери 1.692, 5983 с
шаг 12750/16000: потери 1.715, 6102 с
шаг 13000/16000: потери 1.462, 6222 с
шаг 13250/16000: потери 1.323, 6341 с
шаг 13500/16000: потери 1.669, 6461 с
шаг 13750/16000: потери 1.581, 6580 с
шаг 14000/16000: потери 1.610, 6703 с
шаг 14250/16000: потери 1.350, 6825 с
шаг 14500/16000: потери 1.290, 6945 с
шаг 14750/16000: потери 1.653, 7066 с
шаг 15000/16000: потери 1.362, 7185 с
шаг 15250/16000: потери 1.731, 7304 с
шаг 15500/16000: потери 1.676, 7423 с
шаг 15750/16000: потери 1.511, 7542 с
шаг 16000/16000: потери 1.728, 7661 с
{"file": "00_BN1-129-Eb_comp_mic", "duration": 22.32439999999997, "net_0.0": 0.8109045883723377, "net_1.0": 0.8109045883723377, "net_2.0": 0.8109045883723377, "net_3.0": 0.8109045883723377, "net_5.0": 0.8109045883723377, "net_8.0": 0.8109045883723377}
{"file": "00_BN3-154-E_comp_mic", "duration": 24.932000000000016, "net_0.0": 0.9122378898226344, "net_1.0": 0.9234138667110635, "net_2.0": 0.9234138667110635, "net_3.0": 0.9234138667110635, "net_5.0": 0.9234138667110635, "net_8.0": 0.9234138667110635}
{"file": "00_Funk3-112-C#_comp_mic", "duration": 34.284400000000005, "net_0.0": 0.9075149732591601, "net_1.0": 0.9075149732591601, "net_2.0": 0.9075149732591601, "net_3.0": 0.9075149732591601, "net_5.0": 0.9075149732591601, "net_8.0": 0.9075149732591601}
{"file": "00_Jazz2-187-F#_comp_mic", "duration": 20.53200000000004, "net_0.0": 0.8439643755786695, "net_1.0": 0.8439643755786695, "net_2.0": 0.8439643755786695, "net_3.0": 0.8439643755786695, "net_5.0": 0.8439643755786695, "net_8.0": 0.8439643755786695}
{"file": "00_Rock2-142-D_comp_mic", "duration": 27.041600000000003, "net_0.0": 0.9481963880436378, "net_1.0": 0.9481963880436378, "net_2.0": 0.9481963880436378, "net_3.0": 0.9481963880436378, "net_5.0": 0.9481963880436378, "net_8.0": 0.9481963880436378}
{"file": "00_SS1-68-E_comp_mic", "duration": 42.34640000000002, "net_0.0": 0.9977980978221173, "net_1.0": 0.9977980978221173, "net_2.0": 0.9977980978221173, "net_3.0": 0.9977980978221173, "net_5.0": 0.9977980978221173, "net_8.0": 0.9977980978221173}
{"file": "01_BN1-129-Eb_comp_mic", "duration": 22.32439999999997, "net_0.0": 0.9642747535299707, "net_1.0": 0.9642747535299707, "net_2.0": 0.9642747535299707, "net_3.0": 0.9642747535299707, "net_5.0": 0.9642747535299707, "net_8.0": 0.9642747535299707}
{"file": "01_BN3-154-E_comp_mic", "duration": 24.932000000000016, "net_0.0": 0.9434322003137753, "net_1.0": 0.9434322003137753, "net_2.0": 0.9434322003137753, "net_3.0": 0.9434322003137753, "net_5.0": 0.9434322003137753, "net_8.0": 0.9434322003137753}
{"file": "01_Funk3-112-C#_comp_mic", "duration": 34.284400000000005, "net_0.0": 0.9442359576164703, "net_1.0": 0.949654154732016, "net_2.0": 0.949654154732016, "net_3.0": 0.949654154732016, "net_5.0": 0.949654154732016, "net_8.0": 0.949654154732016}
{"file": "01_Jazz2-187-F#_comp_mic", "duration": 20.53200000000004, "net_0.0": 0.9558234716593219, "net_1.0": 0.9609934698129365, "net_2.0": 0.9609934698129365, "net_3.0": 0.9746226009749133, "net_5.0": 0.9746226009749133, "net_8.0": 0.9746226009749133}
{"file": "01_Rock2-142-D_comp_mic", "duration": 27.041600000000003, "net_0.0": 0.9814606692592571, "net_1.0": 0.9814606692592571, "net_2.0": 0.9814606692592571, "net_3.0": 0.9814606692592571, "net_5.0": 0.9814606692592571, "net_8.0": 0.9814606692592571}
{"file": "01_SS1-68-E_comp_mic", "duration": 42.34640000000002, "net_0.0": 0.9934114288918608, "net_1.0": 0.9934114288918608, "net_2.0": 0.9934114288918608, "net_3.0": 0.9934114288918608, "net_5.0": 0.9934114288918608, "net_8.0": 0.9934114288918608}
{"file": "02_BN1-129-Eb_comp_mic", "duration": 22.32439999999997, "net_0.0": 0.9520503727184665, "net_1.0": 0.968692220847707, "net_2.0": 0.968692220847707, "net_3.0": 0.968692220847707, "net_5.0": 0.968692220847707, "net_8.0": 0.968692220847707}
{"file": "02_BN3-154-E_comp_mic", "duration": 24.932000000000016, "net_0.0": 0.972456931958204, "net_1.0": 0.972456931958204, "net_2.0": 0.972456931958204, "net_3.0": 0.972456931958204, "net_5.0": 0.972456931958204, "net_8.0": 0.972456931958204}
{"file": "02_Funk3-112-C#_comp_mic", "duration": 34.284400000000005, "net_0.0": 0.8841423577321788, "net_1.0": 0.8841423577321788, "net_2.0": 0.8841423577321788, "net_3.0": 0.8841423577321788, "net_5.0": 0.8841423577321788, "net_8.0": 0.8841423577321788}
{"file": "02_Jazz2-187-F#_comp_mic", "duration": 20.53200000000004, "net_0.0": 0.9342077992319688, "net_1.0": 0.9342077992319688, "net_2.0": 0.9342077992319687, "net_3.0": 0.9342077992319687, "net_5.0": 0.9342077992319687, "net_8.0": 0.9600577900000412}
{"file": "02_Rock2-142-D_comp_mic", "duration": 27.041600000000003, "net_0.0": 0.9276809742187219, "net_1.0": 0.927680974218722, "net_2.0": 0.927680974218722, "net_3.0": 0.9747856117766741, "net_5.0": 0.9747856117766741, "net_8.0": 0.9747856117766741}
{"file": "02_SS1-68-E_comp_mic", "duration": 42.34640000000002, "net_0.0": 0.9868213458344124, "net_1.0": 0.9977880181600535, "net_2.0": 0.9977880181600535, "net_3.0": 0.9977880181600535, "net_5.0": 0.9977880181600535, "net_8.0": 0.9977880181600535}
{"file": "03_BN1-129-Eb_comp_mic", "duration": 22.32439999999997, "net_0.0": 0.9869244781549962, "net_1.0": 0.9869244781549962, "net_2.0": 0.9869244781549962, "net_3.0": 0.9869244781549962, "net_5.0": 0.9869244781549962, "net_8.0": 0.9869244781549962}
{"file": "03_BN3-154-E_comp_mic", "duration": 24.932000000000016, "net_0.0": 0.9193445834595477, "net_1.0": 0.9193445834595477, "net_2.0": 0.9193445834595477, "net_3.0": 0.9193445834595477, "net_5.0": 0.9193445834595477, "net_8.0": 0.9193445834595477}
{"file": "03_Funk3-112-C#_comp_mic", "duration": 34.284400000000005, "net_0.0": 0.5613138715290965, "net_1.0": 0.5558956744135509, "net_2.0": 0.5558956744135509, "net_3.0": 0.5558956744135509, "net_5.0": 0.5558956744135509, "net_8.0": 0.5288046888358233}
{"file": "03_Jazz2-187-F#_comp_mic", "duration": 20.53200000000004, "net_0.0": 0.877318812196056, "net_1.0": 0.877318812196056, "net_2.0": 0.877318812196056, "net_3.0": 0.877318812196056, "net_5.0": 0.877318812196056, "net_8.0": 0.877318812196056}
{"file": "03_Rock2-142-D_comp_mic", "duration": 27.041600000000003, "net_0.0": 0.9389133328206745, "net_1.0": 0.9389133328206745, "net_2.0": 0.9389133328206745, "net_3.0": 0.9389133328206745, "net_5.0": 0.9389133328206745, "net_8.0": 0.9389133328206745}
{"file": "03_SS1-68-E_comp_mic", "duration": 42.34640000000002, "net_0.0": 0.7259901800757077, "net_1.0": 0.7411830052331515, "net_2.0": 0.7609230154193053, "net_3.0": 0.8004030357916126, "net_5.0": 0.7718937196097719, "net_8.0": 0.8464691073565431}
{"file": "04_BN1-129-Eb_comp_mic", "duration": 22.32439999999997, "net_0.0": 0.982764016122686, "net_1.0": 0.982764016122686, "net_2.0": 0.982764016122686, "net_3.0": 0.982764016122686, "net_5.0": 0.982764016122686, "net_8.0": 0.982764016122686}
{"file": "04_BN3-154-E_comp_mic", "duration": 24.932000000000016, "net_0.0": 0.9141375942274389, "net_1.0": 0.9141375942274389, "net_2.0": 0.9141375942274389, "net_3.0": 0.9141375942274389, "net_5.0": 0.9141375942274389, "net_8.0": 0.9141375942274389}
{"file": "04_Funk3-112-C#_comp_mic", "duration": 34.284400000000005, "net_0.0": 0.7155882774448153, "net_1.0": 0.707460981771497, "net_2.0": 0.7318428687914518, "net_3.0": 0.7589338543691793, "net_5.0": 0.7802150934304333, "net_8.0": 0.7802150934304333}
{"file": "04_Jazz2-187-F#_comp_mic", "duration": 20.53200000000004, "net_0.0": 0.8411668398130606, "net_1.0": 0.8411668398130606, "net_2.0": 0.8411668398130606, "net_3.0": 0.8411668398130606, "net_5.0": 0.8411668398130606, "net_8.0": 0.8411668398130606}
{"file": "04_Rock2-142-D_comp_mic", "duration": 27.041600000000003, "net_0.0": 0.945733950958857, "net_1.0": 0.945733950958857, "net_2.0": 0.945733950958857, "net_3.0": 0.945733950958857, "net_5.0": 0.945733950958857, "net_8.0": 0.945733950958857}
{"file": "04_SS1-68-E_comp_mic", "duration": 42.34640000000002, "net_0.0": 0.9166553062575417, "net_1.0": 0.9232353096529263, "net_2.0": 0.9232353096529263, "net_3.0": 0.9232353096529263, "net_5.0": 0.9232353096529263, "net_8.0": 0.9232353096529263}
{"file": "05_BN1-129-Eb_comp_mic", "duration": 22.32439999999997, "net_0.0": 0.4562372944842715, "net_1.0": 0.4437559083873411, "net_2.0": 0.44375590838734114, "net_3.0": 0.4437559083873411, "net_5.0": 0.4437559083873411, "net_8.0": 0.4437559083873411}
{"file": "05_BN3-154-E_comp_mic", "duration": 24.932000000000016, "net_0.0": 0.721124451705919, "net_1.0": 0.721124451705919, "net_2.0": 0.7173991260764427, "net_3.0": 0.7856667765677414, "net_5.0": 0.7856667765677414, "net_8.0": 0.8049813199592026}
{"file": "05_Funk3-112-C#_comp_mic", "duration": 34.284400000000005, "net_0.0": 0.6259406875147147, "net_1.0": 0.6340679831880329, "net_2.0": 0.6340679831880329, "net_3.0": 0.6340679831880329, "net_5.0": 0.6340679831880329, "net_8.0": 0.604466319357057}
{"file": "05_Jazz2-187-F#_comp_mic", "duration": 20.53200000000004, "net_0.0": 0.731623184081955, "net_1.0": 0.7302149125260741, "net_2.0": 0.731623184081955, "net_3.0": 0.7523031766964131, "net_5.0": 0.752303176696413, "net_8.0": 0.752303176696413}
{"file": "05_Rock2-142-D_comp_mic", "duration": 27.041600000000003, "net_0.0": 0.9515205269323372, "net_1.0": 0.9666208252105247, "net_2.0": 0.9666208252105247, "net_3.0": 0.9666208252105246, "net_5.0": 0.9666208252105246, "net_8.0": 0.9666208252105246}
{"file": "05_SS1-68-E_comp_mic", "duration": 42.34640000000002, "net_0.0": 0.980241342439028, "net_1.0": 0.980241342439028, "net_2.0": 0.980241342439028, "net_3.0": 0.980241342439028, "net_5.0": 0.9670873834454973, "net_8.0": 0.9670873834454973}

ИТОГ AAM majmin: {0.0: 0.977, 1.0: 0.977, 2.0: 0.977, 3.0: 0.977, 5.0: 0.978, 8.0: 0.977}

ИТОГ majmin: {0.0: 0.881, 1.0: 0.883, 2.0: 0.884, 3.0: 0.89, 5.0: 0.889, 8.0: 0.892} | старый разбор: -

ИТОГ sevenths: {0.0: 0.873, 1.0: 0.874, 2.0: 0.875, 3.0: 0.881, 5.0: 0.879, 8.0: 0.882} | старый разбор: -

ИТОГ mirex: {0.0: 0.879, 1.0: 0.882, 2.0: 0.884, 3.0: 0.89, 5.0: 0.889, 8.0: 0.892} | старый разбор: -
/home/runner/work/midi_to_tab/midi_to_tab/scripts/chordnet/train.py:306: DeprecationWarning: You are using the legacy TorchScript-based ONNX export. Starting in PyTorch 2.9, the new torch.export-based ONNX exporter has become the default. Learn more about the new export logic: https://docs.pytorch.org/docs/stable/onnx_export.html. For exporting control flow: https://pytorch.org/tutorials/beginner/onnx/export_control_flow_model_to_onnx_tutorial.html
  torch.onnx.export(model, torch.zeros(1, 200, common.WINDOW), args.export,
/opt/hostedtoolcache/Python/3.11.16/x64/lib/python3.11/site-packages/torch/onnx/_internal/torchscript_exporter/symbolic_opset9.py:4604: UserWarning: Exporting a model to ONNX with a batch_size other than 1, with a variable length with GRU can cause an error when running the ONNX model with a different batch size. Make sure to save the model with a batch size of 1, or define the initial states (h0/c0) as inputs of the model. 
  return _generic_rnn(
модель: results/chordnet.onnx 2.11 МБ
