проверочные песни: ['BN1-129-Eb', 'BN3-154-E', 'Funk3-112-C#', 'Jazz2-187-F#', 'Rock2-142-D', 'SS1-68-E']
обучение: GuitarSet 288, синтетика 0; проверка: 36
шаг 250/12000: потери 2.488, 123 с
шаг 500/12000: потери 1.334, 245 с
шаг 750/12000: потери 0.823, 368 с
шаг 1000/12000: потери 0.617, 490 с
шаг 1250/12000: потери 0.648, 613 с
шаг 1500/12000: потери 0.469, 735 с
шаг 1750/12000: потери 0.634, 857 с
шаг 2000/12000: потери 0.399, 980 с
шаг 2250/12000: потери 0.379, 1102 с
шаг 2500/12000: потери 0.208, 1224 с
шаг 2750/12000: потери 0.192, 1346 с
шаг 3000/12000: потери 0.108, 1466 с
шаг 3250/12000: потери 0.113, 1587 с
шаг 3500/12000: потери 0.241, 1706 с
шаг 3750/12000: потери 0.265, 1825 с
шаг 4000/12000: потери 0.161, 1943 с
шаг 4250/12000: потери 0.181, 2062 с
шаг 4500/12000: потери 0.106, 2182 с
шаг 4750/12000: потери 0.121, 2302 с
шаг 5000/12000: потери 0.145, 2422 с
шаг 5250/12000: потери 0.112, 2542 с
шаг 5500/12000: потери 0.133, 2663 с
шаг 5750/12000: потери 0.068, 2783 с
шаг 6000/12000: потери 0.090, 2904 с
шаг 6250/12000: потери 0.117, 3023 с
шаг 6500/12000: потери 0.075, 3143 с
шаг 6750/12000: потери 0.058, 3263 с
шаг 7000/12000: потери 0.062, 3384 с
шаг 7250/12000: потери 0.042, 3504 с
шаг 7500/12000: потери 0.056, 3624 с
шаг 7750/12000: потери 0.038, 3743 с
шаг 8000/12000: потери 0.052, 3864 с
шаг 8250/12000: потери 0.054, 3985 с
шаг 8500/12000: потери 0.045, 4106 с
шаг 8750/12000: потери 0.072, 4227 с
шаг 9000/12000: потери 0.030, 4346 с
шаг 9250/12000: потери 0.029, 4466 с
шаг 9500/12000: потери 0.040, 4586 с
шаг 9750/12000: потери 0.044, 4706 с
шаг 10000/12000: потери 0.042, 4826 с
шаг 10250/12000: потери 0.027, 4945 с
шаг 10500/12000: потери 0.036, 5063 с
шаг 10750/12000: потери 0.034, 5181 с
шаг 11000/12000: потери 0.038, 5300 с
шаг 11250/12000: потери 0.048, 5419 с
шаг 11500/12000: потери 0.025, 5538 с
шаг 11750/12000: потери 0.030, 5658 с
шаг 12000/12000: потери 0.029, 5779 с
{"file": "00_BN1-129-Eb_comp_mic", "duration": 22.32439999999997, "net_0.0": 0.8275464365015782, "net_1.0": 0.8275464365015782, "net_2.0": 0.8358673605661986, "net_3.0": 0.8400278225985087, "net_5.0": 0.8566696707277492, "net_8.0": 0.8566696707277492, "old": 0.25832205956499477}
{"file": "00_BN3-154-E_comp_mic", "duration": 24.932000000000016, "net_0.0": 0.915709215977374, "net_1.0": 0.915709215977374, "net_2.0": 0.915709215977374, "net_3.0": 0.915709215977374, "net_5.0": 0.915709215977374, "net_8.0": 0.915709215977374, "old": 0.28788194633579745}
{"file": "00_Funk3-112-C#_comp_mic", "duration": 34.284400000000005, "net_0.0": 0.9090388411979071, "net_1.0": 0.9102029069844502, "net_2.0": 0.9102029069844502, "net_3.0": 0.9102029069844502, "net_5.0": 0.8858210199644954, "net_8.0": 0.8858210199644954, "old": 0.48599217467357403}
{"file": "00_Jazz2-187-F#_comp_mic", "duration": 20.53200000000004, "net_0.0": 0.9619291496258318, "net_1.0": 0.9619291496258318, "net_2.0": 0.9619291496258318, "net_3.0": 0.9619291496258318, "net_5.0": 0.9619291496258318, "net_8.0": 0.9619291496258318, "old": 0.2152590591529423}
{"file": "00_Rock2-142-D_comp_mic", "duration": 27.041600000000003, "net_0.0": 0.9598002070723424, "net_1.0": 0.9598002070723424, "net_2.0": 0.9598002070723424, "net_3.0": 0.9598002070723424, "net_5.0": 0.9598002070723424, "net_8.0": 0.9598002070723424, "old": 0.4148444130119815}
{"file": "00_SS1-68-E_comp_mic", "duration": 42.34640000000002, "net_0.0": 0.9912080147646688, "net_1.0": 0.9912080147646688, "net_2.0": 0.9912080147646688, "net_3.0": 0.9912080147646688, "net_5.0": 0.9912080147646688, "net_8.0": 0.9912080147646688, "old": 0.6470432428917761}
{"file": "01_BN1-129-Eb_comp_mic", "duration": 22.32439999999997, "net_0.0": 0.9684352155622808, "net_1.0": 0.9684352155622808, "net_2.0": 0.9684352155622808, "net_3.0": 0.9684352155622808, "net_5.0": 0.9684352155622808, "net_8.0": 0.9684352155622808, "old": 0.3313750560494755}
{"file": "01_BN3-154-E_comp_mic", "duration": 24.932000000000016, "net_0.0": 0.9352036756634403, "net_1.0": 0.9352036756634403, "net_2.0": 0.9352036756634403, "net_3.0": 0.9352036756634403, "net_5.0": 0.9352036756634403, "net_8.0": 0.9352036756634403, "old": 0.309490422483478}
{"file": "01_Funk3-112-C#_comp_mic", "duration": 34.284400000000005, "net_0.0": 0.9225578779461676, "net_1.0": 0.9306851736194859, "net_2.0": 0.9306851736194859, "net_3.0": 0.9306851736194859, "net_5.0": 0.9306851736194859, "net_8.0": 0.9306851736194859, "old": 0.18750718777553138}
{"file": "01_Jazz2-187-F#_comp_mic", "duration": 20.53200000000004, "net_0.0": 0.9764939606007037, "net_1.0": 0.9764939606007037, "net_2.0": 0.9764939606007037, "net_3.0": 0.9764939606007037, "net_5.0": 0.9764939606007037, "net_8.0": 0.9764939606007037, "old": 0.2143186275035091}
{"file": "01_Rock2-142-D_comp_mic", "duration": 27.041600000000003, "net_0.0": 0.9813457756854017, "net_1.0": 0.9813457756854017, "net_2.0": 0.9813457756854017, "net_3.0": 0.9813457756854017, "net_5.0": 0.9813457756854017, "net_8.0": 0.9813457756854017, "old": 0.35094198941173227}
{"file": "01_SS1-68-E_comp_mic", "duration": 42.34640000000002, "net_0.0": 0.9780626234838924, "net_1.0": 0.9780626234838924, "net_2.0": 0.9780626234838924, "net_3.0": 0.9780626234838924, "net_5.0": 0.9780626234838924, "net_8.0": 0.9780626234838924, "old": 0.8214183727004988}
{"file": "02_BN1-129-Eb_comp_mic", "duration": 22.32439999999997, "net_0.0": 0.970748263131116, "net_1.0": 0.970748263131116, "net_2.0": 0.970748263131116, "net_3.0": 0.970748263131116, "net_5.0": 0.970748263131116, "net_8.0": 0.970748263131116, "old": 0.0}
{"file": "02_BN3-154-E_comp_mic", "duration": 24.932000000000016, "net_0.0": 0.9747164689522188, "net_1.0": 0.9747164689522188, "net_2.0": 0.9747164689522188, "net_3.0": 0.9747164689522188, "net_5.0": 0.9747164689522188, "net_8.0": 0.9747164689522188, "old": 0.4261529103957647}
{"file": "02_Funk3-112-C#_comp_mic", "duration": 34.284400000000005, "net_0.0": 0.9400347383686748, "net_1.0": 0.9400347383686748, "net_2.0": 0.9400347383686748, "net_3.0": 0.9400347383686748, "net_5.0": 0.9400347383686748, "net_8.0": 0.9400347383686748, "old": 0.18488803975580959}
{"file": "02_Jazz2-187-F#_comp_mic", "duration": 20.53200000000004, "net_0.0": 0.9670991477794462, "net_1.0": 0.9670991477794462, "net_2.0": 0.9670991477794462, "net_3.0": 0.9670991477794462, "net_5.0": 0.9670991477794462, "net_8.0": 0.9670991477794462, "old": 0.349910555181874}
{"file": "02_Rock2-142-D_comp_mic", "duration": 27.041600000000003, "net_0.0": 0.9739545770544993, "net_1.0": 0.9739545770544993, "net_2.0": 0.9739545770544993, "net_3.0": 0.9739545770544993, "net_5.0": 0.9739545770544993, "net_8.0": 0.9739545770544993, "old": 0.1414642245674722}
{"file": "02_SS1-68-E_comp_mic", "duration": 42.34640000000002, "net_0.0": 0.9955946836949253, "net_1.0": 0.9955946836949253, "net_2.0": 0.9955946836949253, "net_3.0": 0.9955946836949253, "net_5.0": 0.9955946836949253, "net_8.0": 0.9955946836949253, "old": 0.3706649568939093}
{"file": "03_BN1-129-Eb_comp_mic", "duration": 22.32439999999997, "net_0.0": 0.9733666934508691, "net_1.0": 0.9733666934508691, "net_2.0": 0.9733666934508691, "net_3.0": 0.9733666934508691, "net_5.0": 0.9733666934508691, "net_8.0": 0.9733666934508691, "old": 0.25001322986674746}
{"file": "03_BN3-154-E_comp_mic", "duration": 24.932000000000016, "net_0.0": 0.9598892496144454, "net_1.0": 0.9598892496144454, "net_2.0": 0.9598892496144454, "net_3.0": 0.9598892496144454, "net_5.0": 0.9598892496144454, "net_8.0": 0.9598892496144454, "old": 0.0}
{"file": "03_Funk3-112-C#_comp_mic", "duration": 34.284400000000005, "net_0.0": 0.570826114471954, "net_1.0": 0.5626988187986357, "net_2.0": 0.570826114471954, "net_3.0": 0.5708261144719541, "net_5.0": 0.5843716072608179, "net_8.0": 0.5843716072608179, "old": 0.1823694246903803}
{"file": "03_Jazz2-187-F#_comp_mic", "duration": 20.53200000000004, "net_0.0": 0.8867041213442373, "net_1.0": 0.8867041213442373, "net_2.0": 0.8867041213442373, "net_3.0": 0.8867041213442373, "net_5.0": 0.8867041213442373, "net_8.0": 0.8867041213442373, "old": 0.354501693248102}
{"file": "03_Rock2-142-D_comp_mic", "duration": 27.041600000000003, "net_0.0": 0.963840487109361, "net_1.0": 0.963840487109361, "net_2.0": 0.963840487109361, "net_3.0": 0.963840487109361, "net_5.0": 0.963840487109361, "net_8.0": 0.963840487109361, "old": 0.18394936298111028}
{"file": "03_SS1-68-E_comp_mic", "duration": 42.34640000000002, "net_0.0": 0.8618133769165827, "net_1.0": 0.8618133769165826, "net_2.0": 0.8793600526376082, "net_3.0": 0.90129339728889, "net_5.0": 0.90129339728889, "net_8.0": 0.90129339728889, "old": 0.3054203123197905}
{"file": "04_BN1-129-Eb_comp_mic", "duration": 22.32439999999997, "net_0.0": 0.9541064150018757, "net_1.0": 0.9541064150018757, "net_2.0": 0.9541064150018757, "net_3.0": 0.9541064150018757, "net_5.0": 0.9541064150018757, "net_8.0": 0.9541064150018757, "old": 0.08228553341446537}
{"file": "04_BN3-154-E_comp_mic", "duration": 24.932000000000016, "net_0.0": 0.9308645179700163, "net_1.0": 0.9308645179700163, "net_2.0": 0.9308645179700163, "net_3.0": 0.9308645179700163, "net_5.0": 0.9308645179700163, "net_8.0": 0.9308645179700163, "old": 0.14536972021329453}
{"file": "04_Funk3-112-C#_comp_mic", "duration": 34.284400000000005, "net_0.0": 0.974427591152899, "net_1.0": 0.974427591152899, "net_2.0": 0.974427591152899, "net_3.0": 0.974427591152899, "net_5.0": 0.974427591152899, "net_8.0": 0.974427591152899, "old": 0.21982853258052143}
{"file": "04_Jazz2-187-F#_comp_mic", "duration": 20.53200000000004, "net_0.0": 0.9483142739734693, "net_1.0": 0.9483142739734693, "net_2.0": 0.9483142739734693, "net_3.0": 0.9483142739734693, "net_5.0": 0.9483142739734693, "net_8.0": 0.9483142739734693, "old": 0.1360740230944275}
{"file": "04_Rock2-142-D_comp_mic", "duration": 27.041600000000003, "net_0.0": 0.9599151006461981, "net_1.0": 0.9599151006461981, "net_2.0": 0.963840487109361, "net_3.0": 0.963840487109361, "net_5.0": 0.963840487109361, "net_8.0": 0.963840487109361, "old": 0.4008049366036806}
{"file": "04_SS1-68-E_comp_mic", "duration": 42.34640000000002, "net_0.0": 0.8464585237113756, "net_1.0": 0.8464585237113756, "net_2.0": 0.8376851858508629, "net_3.0": 0.8376851858508629, "net_5.0": 0.8376851858508629, "net_8.0": 0.8376851858508629, "old": 0.3306366029053199}
{"file": "05_BN1-129-Eb_comp_mic", "duration": 22.32439999999997, "net_0.0": 0.5394465351304742, "net_1.0": 0.5394465351304742, "net_2.0": 0.5727302313889553, "net_3.0": 0.5727302313889553, "net_5.0": 0.5727302313889553, "net_8.0": 0.6101743896797466, "old": 0.18471876941054305}
{"file": "05_BN3-154-E_comp_mic", "duration": 24.932000000000016, "net_0.0": 0.7618490341554219, "net_1.0": 0.7618490341554219, "net_2.0": 0.7618490341554219, "net_3.0": 0.7581237085259456, "net_5.0": 0.7767503366733274, "net_8.0": 0.7747606741212206, "old": 0.3497837349914996}
{"file": "05_Funk3-112-C#_comp_mic", "duration": 34.284400000000005, "net_0.0": 0.7120683276985934, "net_1.0": 0.7120683276985934, "net_2.0": 0.7120683276985934, "net_3.0": 0.7120683276985934, "net_5.0": 0.7120683276985934, "net_8.0": 0.7120683276985934, "old": 0.0}
{"file": "05_Jazz2-187-F#_comp_mic", "duration": 20.53200000000004, "net_0.0": 0.6286958127526506, "net_1.0": 0.6286958127526506, "net_2.0": 0.6286958127526506, "net_3.0": 0.6286958127526506, "net_5.0": 0.6338658109062651, "net_8.0": 0.6338658109062651, "old": 0.14287908500233934}
{"file": "05_Rock2-142-D_comp_mic", "duration": 27.041600000000003, "net_0.0": 0.9856158428701315, "net_1.0": 0.9856158428701315, "net_2.0": 0.9856158428701315, "net_3.0": 0.9856158428701315, "net_5.0": 0.9856158428701315, "net_8.0": 0.9856158428701315, "old": 0.2092125593767884}
{"file": "05_SS1-68-E_comp_mic", "duration": 42.34640000000002, "net_0.0": 0.9934094129594484, "net_1.0": 0.9934094129594484, "net_2.0": 0.9934094129594484, "net_3.0": 0.9934094129594484, "net_5.0": 0.9934094129594484, "net_8.0": 0.9934094129594484, "old": 0.7781000170142173}

ИТОГ majmin: {0.0: 0.907, 1.0: 0.907, 2.0: 0.909, 3.0: 0.91, 5.0: 0.911, 8.0: 0.911} | старый разбор: 0.31

ИТОГ sevenths: {0.0: 0.906, 1.0: 0.906, 2.0: 0.908, 3.0: 0.909, 5.0: 0.909, 8.0: 0.91} | старый разбор: 0.286
/home/runner/work/midi_to_tab/midi_to_tab/scripts/chordnet/train.py:214: DeprecationWarning: You are using the legacy TorchScript-based ONNX export. Starting in PyTorch 2.9, the new torch.export-based ONNX exporter has become the default. Learn more about the new export logic: https://docs.pytorch.org/docs/stable/onnx_export.html. For exporting control flow: https://pytorch.org/tutorials/beginner/onnx/export_control_flow_model_to_onnx_tutorial.html
  torch.onnx.export(model, torch.zeros(1, 200, common.WINDOW), args.export,
/opt/hostedtoolcache/Python/3.11.16/x64/lib/python3.11/site-packages/torch/onnx/_internal/torchscript_exporter/symbolic_opset9.py:4604: UserWarning: Exporting a model to ONNX with a batch_size other than 1, with a variable length with GRU can cause an error when running the ONNX model with a different batch size. Make sure to save the model with a batch size of 1, or define the initial states (h0/c0) as inputs of the model. 
  return _generic_rnn(
модель: results/chordnet.onnx 2.05 МБ
