проверочные песни: ['BN1-129-Eb', 'BN3-154-E', 'Funk3-112-C#', 'Jazz2-187-F#', 'Rock2-142-D', 'SS1-68-E']
обучение: GuitarSet 288, синтетика 4000, AAM 450; проверка: GuitarSet 36, AAM 50
доли качеств: {'maj': np.float64(0.506), 'min': np.float64(0.327), '7': np.float64(0.049), 'maj7': np.float64(0.007), 'min7': np.float64(0.016), 'sus4': np.float64(0.012), 'sus2': np.float64(0.009), 'dim': np.float64(0.023), 'aug': np.float64(0.004), 'maj6': np.float64(0.003), 'N': np.float64(0.043)} | веса: {'maj': np.float64(0.5), 'min': np.float64(0.53), '7': np.float64(1.36), 'maj7': np.float64(3.0), 'min7': np.float64(2.39), 'sus4': np.float64(2.72), 'sus2': np.float64(3.0), 'dim': np.float64(1.97), 'aug': np.float64(3.0), 'maj6': np.float64(3.0), 'N': np.float64(1.45)}
шаг 250/16000: потери 3.964, 64 с
шаг 500/16000: потери 2.319, 125 с
шаг 750/16000: потери 3.739, 189 с
шаг 1000/16000: потери 1.928, 253 с
шаг 1250/16000: потери 1.863, 315 с
шаг 1500/16000: потери 2.359, 378 с
шаг 1750/16000: потери 1.845, 439 с
шаг 2000/16000: потери 1.909, 500 с
шаг 2250/16000: потери 1.787, 559 с
шаг 2500/16000: потери 1.763, 618 с
шаг 2750/16000: потери 1.674, 680 с
шаг 3000/16000: потери 3.005, 743 с
шаг 3250/16000: потери 1.710, 808 с
шаг 3500/16000: потери 1.822, 871 с
шаг 3750/16000: потери 1.645, 934 с
шаг 4000/16000: потери 1.925, 997 с
шаг 4250/16000: потери 1.690, 1058 с
шаг 4500/16000: потери 1.704, 1118 с
шаг 4750/16000: потери 2.106, 1179 с
шаг 5000/16000: потери 1.701, 1238 с
шаг 5250/16000: потери 1.651, 1298 с
шаг 5500/16000: потери 1.350, 1358 с
шаг 5750/16000: потери 1.721, 1417 с
шаг 6000/16000: потери 1.832, 1478 с
шаг 6250/16000: потери 1.796, 1541 с
шаг 6500/16000: потери 1.661, 1606 с
шаг 6750/16000: потери 1.770, 1667 с
шаг 7000/16000: потери 1.595, 1729 с
шаг 7250/16000: потери 1.442, 1791 с
шаг 7500/16000: потери 1.468, 1851 с
шаг 7750/16000: потери 1.301, 1910 с
шаг 8000/16000: потери 1.215, 1968 с
шаг 8250/16000: потери 1.563, 2027 с
шаг 8500/16000: потери 1.695, 2086 с
шаг 8750/16000: потери 1.164, 2145 с
шаг 9000/16000: потери 1.662, 2205 с
шаг 9250/16000: потери 1.614, 2264 с
шаг 9500/16000: потери 1.652, 2326 с
шаг 9750/16000: потери 1.272, 2391 с
шаг 10000/16000: потери 1.418, 2458 с
шаг 10250/16000: потери 1.580, 2523 с
шаг 10500/16000: потери 1.580, 2586 с
шаг 10750/16000: потери 1.045, 2650 с
шаг 11000/16000: потери 1.608, 2714 с
шаг 11250/16000: потери 1.004, 2776 с
шаг 11500/16000: потери 1.348, 2838 с
шаг 11750/16000: потери 1.583, 2900 с
шаг 12000/16000: потери 1.434, 2959 с
шаг 12250/16000: потери 0.917, 3020 с
шаг 12500/16000: потери 1.008, 3080 с
шаг 12750/16000: потери 1.378, 3140 с
шаг 13000/16000: потери 1.393, 3200 с
шаг 13250/16000: потери 1.586, 3261 с
шаг 13500/16000: потери 1.489, 3319 с
шаг 13750/16000: потери 1.456, 3380 с
шаг 14000/16000: потери 1.028, 3443 с
шаг 14250/16000: потери 1.550, 3504 с
шаг 14500/16000: потери 1.623, 3566 с
шаг 14750/16000: потери 1.560, 3630 с
шаг 15000/16000: потери 1.559, 3693 с
шаг 15250/16000: потери 1.297, 3757 с
шаг 15500/16000: потери 1.018, 3822 с
шаг 15750/16000: потери 1.641, 3886 с
шаг 16000/16000: потери 1.672, 3950 с
{"file": "00_BN1-129-Eb_comp_mic", "duration": 22.32439999999997, "net_0.0": 0.790102278210787, "net_1.0": 0.790102278210787, "net_2.0": 0.8025836643077174, "net_3.0": 0.8025836643077174, "net_5.0": 0.8025836643077174, "net_8.0": 0.8025836643077174}
{"file": "00_BN3-154-E_comp_mic", "duration": 24.932000000000016, "net_0.0": 0.7868335866548145, "net_1.0": 0.7868335866548145, "net_2.0": 0.7868335866548145, "net_3.0": 0.7868335866548145, "net_5.0": 0.7719322841369093, "net_8.0": 0.7719322841369093}
{"file": "00_Funk3-112-C#_comp_mic", "duration": 34.284400000000005, "net_0.0": 0.8773233397227316, "net_1.0": 0.8908688325115954, "net_2.0": 0.8908688325115954, "net_3.0": 0.8908688325115954, "net_5.0": 0.8908688325115954, "net_8.0": 0.8908688325115954}
{"file": "00_Jazz2-187-F#_comp_mic", "duration": 20.53200000000004, "net_0.0": 0.6930892456378775, "net_1.0": 0.7137692382523355, "net_2.0": 0.71893923640595, "net_3.0": 0.6973188121420588, "net_5.0": 0.6973188121420588, "net_8.0": 0.6662988232203716}
{"file": "00_Rock2-142-D_comp_mic", "duration": 27.041600000000003, "net_0.0": 0.9425247056440137, "net_1.0": 0.9425247056440137, "net_2.0": 0.9425247056440137, "net_3.0": 0.9425247056440137, "net_5.0": 0.9425247056440137, "net_8.0": 0.9425247056440137}
{"file": "00_SS1-68-E_comp_mic", "duration": 42.34640000000002, "net_0.0": 0.9977980978221173, "net_1.0": 0.9977980978221173, "net_2.0": 0.9977980978221173, "net_3.0": 0.9977980978221173, "net_5.0": 0.9977980978221173, "net_8.0": 0.9977980978221173}
{"file": "01_BN1-129-Eb_comp_mic", "duration": 22.32439999999997, "net_0.0": 0.9601142914976606, "net_1.0": 0.9601142914976606, "net_2.0": 0.9601142914976606, "net_3.0": 0.9601142914976606, "net_5.0": 0.9601142914976606, "net_8.0": 0.9601142914976606}
{"file": "01_BN3-154-E_comp_mic", "duration": 24.932000000000016, "net_0.0": 0.9391830007676537, "net_1.0": 0.9391830007676537, "net_2.0": 0.9391830007676537, "net_3.0": 0.9391830007676537, "net_5.0": 0.9391830007676537, "net_8.0": 0.9391830007676537}
{"file": "01_Funk3-112-C#_comp_mic", "duration": 34.284400000000005, "net_0.0": 0.9473260231589298, "net_1.0": 0.9500351217167025, "net_2.0": 0.9500351217167025, "net_3.0": 0.9500351217167025, "net_5.0": 0.9500351217167025, "net_8.0": 0.9500351217167025}
{"file": "01_Jazz2-187-F#_comp_mic", "duration": 20.53200000000004, "net_0.0": 0.9544247037765174, "net_1.0": 0.9544247037765174, "net_2.0": 0.9544247037765174, "net_3.0": 0.9544247037765174, "net_5.0": 0.9544247037765174, "net_8.0": 0.9544247037765174}
{"file": "01_Rock2-142-D_comp_mic", "duration": 27.041600000000003, "net_0.0": 0.9522941148675846, "net_1.0": 0.9522941148675846, "net_2.0": 0.9522941148675848, "net_3.0": 0.9522941148675848, "net_5.0": 0.9522941148675848, "net_8.0": 0.9522941148675848}
{"file": "01_SS1-68-E_comp_mic", "duration": 42.34640000000002, "net_0.0": 0.9912180944267326, "net_1.0": 0.9912180944267326, "net_2.0": 0.9912180944267326, "net_3.0": 0.9912180944267326, "net_5.0": 0.9912180944267326, "net_8.0": 0.9912180944267326}
{"file": "02_BN1-129-Eb_comp_mic", "duration": 22.32439999999997, "net_0.0": 0.6817216375507892, "net_1.0": 0.7123339840225269, "net_2.0": 0.7123339840225269, "net_3.0": 0.7123339840225269, "net_5.0": 0.7123339840225269, "net_8.0": 0.7123339840225269}
{"file": "02_BN3-154-E_comp_mic", "duration": 24.932000000000016, "net_0.0": 0.9459457367825272, "net_1.0": 0.9608470393004327, "net_2.0": 0.9608470393004327, "net_3.0": 0.9608470393004327, "net_5.0": 0.9608470393004327, "net_8.0": 0.9608470393004327}
{"file": "02_Funk3-112-C#_comp_mic", "duration": 34.284400000000005, "net_0.0": 0.874089062302944, "net_1.0": 0.874089062302944, "net_2.0": 0.874089062302944, "net_3.0": 0.874089062302944, "net_5.0": 0.874089062302944, "net_8.0": 0.874089062302944}
{"file": "02_Jazz2-187-F#_comp_mic", "duration": 20.53200000000004, "net_0.0": 0.8721583177155183, "net_1.0": 0.8721583177155183, "net_2.0": 0.9031783066372054, "net_3.0": 0.9031783066372054, "net_5.0": 0.9548782881733504, "net_8.0": 0.9548782881733504}
{"file": "02_Rock2-142-D_comp_mic", "duration": 27.041600000000003, "net_0.0": 0.8177701532501673, "net_1.0": 0.8177701532501673, "net_2.0": 0.7981432209343536, "net_3.0": 0.7981432209343536, "net_5.0": 0.7942178344711912, "net_8.0": 0.7942178344711912}
{"file": "02_SS1-68-E_comp_mic", "duration": 42.34640000000002, "net_0.0": 0.9714720364433407, "net_1.0": 0.9714720364433407, "net_2.0": 0.9714720364433407, "net_3.0": 0.9758587053735972, "net_5.0": 0.9758587053735972, "net_8.0": 0.9890187121643662}
{"file": "03_BN1-129-Eb_comp_mic", "duration": 22.32439999999997, "net_0.0": 0.9869244781549962, "net_1.0": 0.9869244781549962, "net_2.0": 0.9869244781549962, "net_3.0": 0.9869244781549962, "net_5.0": 0.9869244781549962, "net_8.0": 0.9869244781549962}
{"file": "03_BN3-154-E_comp_mic", "duration": 24.932000000000016, "net_0.0": 0.915963215452111, "net_1.0": 0.915963215452111, "net_2.0": 0.915963215452111, "net_3.0": 0.915963215452111, "net_5.0": 0.915963215452111, "net_8.0": 0.915963215452111}
{"file": "03_Funk3-112-C#_comp_mic", "duration": 34.284400000000005, "net_0.0": 0.5348511904596552, "net_1.0": 0.5402693875752007, "net_2.0": 0.551100490598171, "net_3.0": 0.551100490598171, "net_5.0": 0.529427702135989, "net_8.0": 0.5483913920403983}
{"file": "03_Jazz2-187-F#_comp_mic", "duration": 20.53200000000004, "net_0.0": 0.8805984433777273, "net_1.0": 0.8650884489168837, "net_2.0": 0.8650884489168837, "net_3.0": 0.8650884489168837, "net_5.0": 0.8650884489168837, "net_8.0": 0.8650884489168837}
{"file": "03_Rock2-142-D_comp_mic", "duration": 27.041600000000003, "net_0.0": 0.9356466407189032, "net_1.0": 0.9356466407189032, "net_2.0": 0.9356466407189032, "net_3.0": 0.9356466407189032, "net_5.0": 0.9356466407189032, "net_8.0": 0.9356466407189032}
{"file": "03_SS1-68-E_comp_mic", "duration": 42.34640000000002, "net_0.0": 0.6490629576977678, "net_1.0": 0.6688029678839214, "net_2.0": 0.6753829712793059, "net_3.0": 0.6907363125352032, "net_5.0": 0.6841563091398186, "net_8.0": 0.7038963193259724}
{"file": "04_BN1-129-Eb_comp_mic", "duration": 22.32439999999997, "net_0.0": 0.982764016122686, "net_1.0": 0.982764016122686, "net_2.0": 0.982764016122686, "net_3.0": 0.982764016122686, "net_5.0": 0.982764016122686, "net_8.0": 0.982764016122686}
{"file": "04_BN3-154-E_comp_mic", "duration": 24.932000000000016, "net_0.0": 0.9220221612557341, "net_1.0": 0.9220221612557341, "net_2.0": 0.9220221612557341, "net_3.0": 0.9220221612557341, "net_5.0": 0.9220221612557341, "net_8.0": 0.9220221612557341}
{"file": "04_Funk3-112-C#_comp_mic", "duration": 34.284400000000005, "net_0.0": 0.6430167124660414, "net_1.0": 0.6298627690781057, "net_2.0": 0.6406991633091967, "net_3.0": 0.6406991633091967, "net_5.0": 0.6406991633091967, "net_8.0": 0.6406991633091967}
{"file": "04_Jazz2-187-F#_comp_mic", "duration": 20.53200000000004, "net_0.0": 0.8129443866569823, "net_1.0": 0.8129443866569823, "net_2.0": 0.8129443866569823, "net_3.0": 0.8129443866569823, "net_5.0": 0.8129443866569823, "net_8.0": 0.8129443866569823}
{"file": "04_Rock2-142-D_comp_mic", "duration": 27.041600000000003, "net_0.0": 0.8700907862888798, "net_1.0": 0.8700907862888798, "net_2.0": 0.8700907862888798, "net_3.0": 0.8700907862888798, "net_5.0": 0.8661653998257173, "net_8.0": 0.8661653998257173}
{"file": "04_SS1-68-E_comp_mic", "duration": 42.34640000000002, "net_0.0": 0.7236418733262612, "net_1.0": 0.7236418733262612, "net_2.0": 0.7236418733262612, "net_3.0": 0.7236418733262612, "net_5.0": 0.7236418733262612, "net_8.0": 0.7039018631401074}
{"file": "05_BN1-129-Eb_comp_mic", "duration": 22.32439999999997, "net_0.0": 0.4812000666781323, "net_1.0": 0.4645582185488918, "net_2.0": 0.46455821854889184, "net_3.0": 0.5061628388719932, "net_5.0": 0.5061628388719932, "net_8.0": 0.5436069971627844}
{"file": "05_BN3-154-E_comp_mic", "duration": 24.932000000000016, "net_0.0": 0.7338852794835924, "net_1.0": 0.7376106051130688, "net_2.0": 0.7376106051130688, "net_3.0": 0.7376106051130688, "net_5.0": 0.7450612563720215, "net_8.0": 0.7152586513362107}
{"file": "05_Funk3-112-C#_comp_mic", "duration": 34.284400000000005, "net_0.0": 0.5257093320852432, "net_1.0": 0.5121638392963794, "net_2.0": 0.5013274450652884, "net_3.0": 0.5013274450652884, "net_5.0": 0.5013274450652884, "net_8.0": 0.47965465660310636}
{"file": "05_Jazz2-187-F#_comp_mic", "duration": 20.53200000000004, "net_0.0": 0.5600775651997814, "net_1.0": 0.5600775651997814, "net_2.0": 0.5600775651997814, "net_3.0": 0.5393975725853233, "net_5.0": 0.5393975725853233, "net_8.0": 0.5393975725853233}
{"file": "05_Rock2-142-D_comp_mic", "duration": 27.041600000000003, "net_0.0": 0.8992305609753682, "net_1.0": 0.8992305609753682, "net_2.0": 0.9030410538646751, "net_3.0": 0.8834141215488616, "net_5.0": 0.8865084732898497, "net_8.0": 0.8865084732898497}
{"file": "05_SS1-68-E_comp_mic", "duration": 42.34640000000002, "net_0.0": 0.9758687850356613, "net_1.0": 0.9758687850356613, "net_2.0": 0.9758687850356613, "net_3.0": 0.9758687850356613, "net_5.0": 0.984642122896174, "net_8.0": 0.984642122896174}

ИТОГ AAM majmin: {0.0: 0.98, 1.0: 0.98, 2.0: 0.98, 3.0: 0.98, 5.0: 0.98, 8.0: 0.979}

ИТОГ majmin: {0.0: 0.836, 1.0: 0.837, 2.0: 0.839, 3.0: 0.839, 5.0: 0.839, 8.0: 0.839} | старый разбор: -

ИТОГ sevenths: {0.0: 0.816, 1.0: 0.818, 2.0: 0.82, 3.0: 0.821, 5.0: 0.82, 8.0: 0.819} | старый разбор: -

ИТОГ mirex: {0.0: 0.835, 1.0: 0.836, 2.0: 0.838, 3.0: 0.838, 5.0: 0.838, 8.0: 0.838} | старый разбор: -
/home/runner/work/midi_to_tab/midi_to_tab/scripts/chordnet/train.py:309: DeprecationWarning: You are using the legacy TorchScript-based ONNX export. Starting in PyTorch 2.9, the new torch.export-based ONNX exporter has become the default. Learn more about the new export logic: https://docs.pytorch.org/docs/stable/onnx_export.html. For exporting control flow: https://pytorch.org/tutorials/beginner/onnx/export_control_flow_model_to_onnx_tutorial.html
  torch.onnx.export(model, torch.zeros(1, 200, common.WINDOW), args.export,
/opt/hostedtoolcache/Python/3.11.16/x64/lib/python3.11/site-packages/torch/onnx/_internal/torchscript_exporter/symbolic_opset9.py:4604: UserWarning: Exporting a model to ONNX with a batch_size other than 1, with a variable length with GRU can cause an error when running the ONNX model with a different batch size. Make sure to save the model with a batch size of 1, or define the initial states (h0/c0) as inputs of the model. 
  return _generic_rnn(
модель: results/chordnet.onnx 2.11 МБ
