проверочные песни: ['BN1-129-Eb', 'BN3-154-E', 'Funk3-112-C#', 'Jazz2-187-F#', 'Rock2-142-D', 'SS1-68-E']
обучение: GuitarSet 288, синтетика 2400, AAM 1940, FMA 1292; проверка: GuitarSet 36, AAM 60
доли качеств: {'maj': np.float64(0.538), 'min': np.float64(0.322), '7': np.float64(0.045), 'maj7': np.float64(0.005), 'min7': np.float64(0.012), 'sus4': np.float64(0.009), 'sus2': np.float64(0.007), 'dim': np.float64(0.021), 'aug': np.float64(0.003), 'maj6': np.float64(0.002), 'N': np.float64(0.034)} | веса: {'maj': np.float64(0.5), 'min': np.float64(0.53), '7': np.float64(1.42), 'maj7': np.float64(3.0), 'min7': np.float64(2.75), 'sus4': np.float64(3.0), 'sus2': np.float64(3.0), 'dim': np.float64(2.06), 'aug': np.float64(3.0), 'maj6': np.float64(3.0), 'N': np.float64(1.62)}
шаг 250/20000: потери 5.148, 122 с
шаг 500/20000: потери 3.314, 243 с
шаг 750/20000: потери 2.063, 363 с
шаг 1000/20000: потери 2.326, 487 с
шаг 1250/20000: потери 2.475, 610 с
шаг 1500/20000: потери 1.824, 734 с
шаг 1750/20000: потери 2.295, 856 с
шаг 2000/20000: потери 1.902, 978 с
шаг 2250/20000: потери 1.818, 1101 с
шаг 2500/20000: потери 2.046, 1224 с
шаг 2750/20000: потери 1.781, 1346 с
шаг 3000/20000: потери 3.347, 1469 с
шаг 3250/20000: потери 1.789, 1591 с
шаг 3500/20000: потери 1.771, 1711 с
шаг 3750/20000: потери 1.872, 1831 с
шаг 4000/20000: потери 1.574, 1951 с
шаг 4250/20000: потери 2.217, 2072 с
шаг 4500/20000: потери 1.667, 2192 с
шаг 4750/20000: потери 2.291, 2312 с
шаг 5000/20000: потери 1.401, 2433 с
шаг 5250/20000: потери 1.727, 2553 с
шаг 5500/20000: потери 1.838, 2673 с
шаг 5750/20000: потери 1.772, 2792 с
шаг 6000/20000: потери 1.790, 2911 с
шаг 6250/20000: потери 1.470, 3030 с
шаг 6500/20000: потери 2.442, 3151 с
шаг 6750/20000: потери 1.781, 3271 с
шаг 7000/20000: потери 1.778, 3394 с
шаг 7250/20000: потери 1.876, 3517 с
шаг 7500/20000: потери 1.862, 3639 с
шаг 7750/20000: потери 1.426, 3763 с
шаг 8000/20000: потери 1.675, 3887 с
шаг 8250/20000: потери 1.706, 4009 с
шаг 8500/20000: потери 1.495, 4131 с
шаг 8750/20000: потери 1.597, 4252 с
шаг 9000/20000: потери 1.511, 4379 с
шаг 9250/20000: потери 1.744, 4503 с
шаг 9500/20000: потери 1.670, 4626 с
шаг 9750/20000: потери 1.511, 4749 с
шаг 10000/20000: потери 1.613, 4871 с
шаг 10250/20000: потери 1.546, 4992 с
шаг 10500/20000: потери 1.629, 5115 с
шаг 10750/20000: потери 1.745, 5237 с
шаг 11000/20000: потери 1.728, 5360 с
шаг 11250/20000: потери 1.725, 5484 с
шаг 11500/20000: потери 1.668, 5607 с
шаг 11750/20000: потери 1.766, 5728 с
шаг 12000/20000: потери 1.650, 5849 с
шаг 12250/20000: потери 1.226, 5973 с
шаг 12500/20000: потери 1.706, 6099 с
шаг 12750/20000: потери 1.702, 6223 с
шаг 13000/20000: потери 1.711, 6347 с
шаг 13250/20000: потери 1.265, 6470 с
шаг 13500/20000: потери 1.631, 6594 с
шаг 13750/20000: потери 1.784, 6715 с
шаг 14000/20000: потери 1.359, 6836 с
шаг 14250/20000: потери 1.391, 6957 с
шаг 14500/20000: потери 1.719, 7081 с
шаг 14750/20000: потери 1.607, 7204 с
шаг 15000/20000: потери 1.305, 7327 с
шаг 15250/20000: потери 1.617, 7450 с
шаг 15500/20000: потери 1.049, 7572 с
шаг 15750/20000: потери 1.681, 7694 с
шаг 16000/20000: потери 1.627, 7816 с
шаг 16250/20000: потери 1.671, 7938 с
шаг 16500/20000: потери 1.663, 8059 с
шаг 16750/20000: потери 1.606, 8182 с
шаг 17000/20000: потери 1.406, 8304 с
шаг 17250/20000: потери 1.748, 8424 с
шаг 17500/20000: потери 1.495, 8546 с
шаг 17750/20000: потери 1.607, 8666 с
шаг 18000/20000: потери 1.246, 8788 с
шаг 18250/20000: потери 1.715, 8910 с
шаг 18500/20000: потери 1.634, 9030 с
шаг 18750/20000: потери 1.106, 9152 с
шаг 19000/20000: потери 1.301, 9272 с
шаг 19250/20000: потери 1.689, 9394 с
шаг 19500/20000: потери 1.594, 9516 с
шаг 19750/20000: потери 1.440, 9639 с
шаг 20000/20000: потери 0.983, 9763 с
{"file": "00_BN1-129-Eb_comp_mic", "duration": 22.32439999999997, "net_0.0": 0.7193744236615149, "net_1.0": 0.7027325755322743, "net_2.0": 0.7443371958553757, "net_3.0": 0.781781354146167, "net_5.0": 0.781781354146167, "net_8.0": 0.781781354146167}
{"file": "00_BN3-154-E_comp_mic", "duration": 24.932000000000016, "net_0.0": 0.8385542296981411, "net_1.0": 0.8422795553276174, "net_2.0": 0.8422795553276174, "net_3.0": 0.8683568347339519, "net_5.0": 0.8013009734033777, "net_8.0": 0.7714983683675668}
{"file": "00_Funk3-112-C#_comp_mic", "duration": 34.284400000000005, "net_0.0": 0.8475721728063065, "net_1.0": 0.8475721728063065, "net_2.0": 0.8475721728063065, "net_3.0": 0.8475721728063065, "net_5.0": 0.8340266800174428, "net_8.0": 0.8340266800174428}
{"file": "00_Jazz2-187-F#_comp_mic", "duration": 20.53200000000004, "net_0.0": 0.7570195904531947, "net_1.0": 0.7259996015315078, "net_2.0": 0.7095491754212306, "net_3.0": 0.7095491754212306, "net_5.0": 0.7095491754212306, "net_8.0": 0.7095491754212306}
{"file": "00_Rock2-142-D_comp_mic", "duration": 27.041600000000003, "net_0.0": 0.9502605849964832, "net_1.0": 0.9502605849964832, "net_2.0": 0.9502605849964832, "net_3.0": 0.9502605849964832, "net_5.0": 0.9502605849964832, "net_8.0": 0.9502605849964832}
{"file": "00_SS1-68-E_comp_mic", "duration": 42.34640000000002, "net_0.0": 0.9912180944267328, "net_1.0": 0.9912180944267328, "net_2.0": 0.9977980978221173, "net_3.0": 0.9977980978221173, "net_5.0": 0.9977980978221173, "net_8.0": 0.9977980978221173}
{"file": "01_BN1-129-Eb_comp_mic", "duration": 22.32439999999997, "net_0.0": 0.9642747535299707, "net_1.0": 0.9642747535299707, "net_2.0": 0.9642747535299707, "net_3.0": 0.9642747535299707, "net_5.0": 0.9642747535299707, "net_8.0": 0.9642747535299707}
{"file": "01_BN3-154-E_comp_mic", "duration": 24.932000000000016, "net_0.0": 0.9354576751381772, "net_1.0": 0.9354576751381772, "net_2.0": 0.9354576751381772, "net_3.0": 0.9354576751381772, "net_5.0": 0.9354576751381772, "net_8.0": 0.9354576751381772}
{"file": "01_Funk3-112-C#_comp_mic", "duration": 34.284400000000005, "net_0.0": 0.9376642771306232, "net_1.0": 0.9376642771306232, "net_2.0": 0.9376642771306232, "net_3.0": 0.9376642771306232, "net_5.0": 0.9376642771306232, "net_8.0": 0.9376642771306232}
{"file": "01_Jazz2-187-F#_comp_mic", "duration": 20.53200000000004, "net_0.0": 0.9436026120532263, "net_1.0": 0.957231743215203, "net_2.0": 0.957231743215203, "net_3.0": 0.957231743215203, "net_5.0": 0.957231743215203, "net_8.0": 0.957231743215203}
{"file": "01_Rock2-142-D_comp_mic", "duration": 27.041600000000003, "net_0.0": 0.9207186828014994, "net_1.0": 0.9050171369488487, "net_2.0": 0.9050171369488487, "net_3.0": 0.9050171369488487, "net_5.0": 0.9050171369488487, "net_8.0": 0.9050171369488487}
{"file": "01_SS1-68-E_comp_mic", "duration": 42.34640000000002, "net_0.0": 0.9912180944267326, "net_1.0": 0.9912180944267326, "net_2.0": 0.9912180944267326, "net_3.0": 0.9912180944267326, "net_5.0": 0.9912180944267326, "net_8.0": 0.9912180944267326}
{"file": "02_BN1-129-Eb_comp_mic", "duration": 22.32439999999997, "net_0.0": 0.8096195619452071, "net_1.0": 0.8096195619452071, "net_2.0": 0.8096195619452071, "net_3.0": 0.8096195619452071, "net_5.0": 0.8096195619452071, "net_8.0": 0.8277505223200146}
{"file": "02_BN3-154-E_comp_mic", "duration": 24.932000000000016, "net_0.0": 0.9519147244388473, "net_1.0": 0.9519147244388473, "net_2.0": 0.9519147244388473, "net_3.0": 0.9519147244388473, "net_5.0": 0.9519147244388473, "net_8.0": 0.9519147244388473}
{"file": "02_Funk3-112-C#_comp_mic", "duration": 34.284400000000005, "net_0.0": 0.8911002964108334, "net_1.0": 0.8911002964108334, "net_2.0": 0.8911002964108334, "net_3.0": 0.8911002964108334, "net_5.0": 0.8911002964108334, "net_8.0": 0.8911002964108334}
{"file": "02_Jazz2-187-F#_comp_mic", "duration": 20.53200000000004, "net_0.0": 0.9262070024569774, "net_1.0": 0.8900170153816759, "net_2.0": 0.8900170153816759, "net_3.0": 0.8900170153816759, "net_5.0": 0.8900170153816759, "net_8.0": 0.8900170153816759}
{"file": "02_Rock2-142-D_comp_mic", "duration": 27.041600000000003, "net_0.0": 0.9781097506653736, "net_1.0": 0.9781097506653736, "net_2.0": 0.9750153989243859, "net_3.0": 0.9781097506653736, "net_5.0": 0.9781097506653736, "net_8.0": 0.9781097506653736}
{"file": "02_SS1-68-E_comp_mic", "duration": 42.34640000000002, "net_0.0": 0.9890146802995406, "net_1.0": 0.9977880181600535, "net_2.0": 0.9977880181600535, "net_3.0": 0.9977880181600535, "net_5.0": 0.9977880181600535, "net_8.0": 0.9977880181600535}
{"file": "03_BN1-129-Eb_comp_mic", "duration": 22.32439999999997, "net_0.0": 0.9869244781549962, "net_1.0": 0.9869244781549962, "net_2.0": 0.9869244781549962, "net_3.0": 0.9869244781549962, "net_5.0": 0.9869244781549962, "net_8.0": 0.9869244781549962}
{"file": "03_BN3-154-E_comp_mic", "duration": 24.932000000000016, "net_0.0": 0.9148413844386893, "net_1.0": 0.9260173613271183, "net_2.0": 0.9260173613271183, "net_3.0": 0.9260173613271183, "net_5.0": 0.9260173613271183, "net_8.0": 0.9260173613271183}
{"file": "03_Funk3-112-C#_comp_mic", "duration": 34.284400000000005, "net_0.0": 0.5032587360293255, "net_1.0": 0.5032587360293255, "net_2.0": 0.5032587360293255, "net_3.0": 0.5083012573683051, "net_5.0": 0.5083012573683051, "net_8.0": 0.49475576457944137}
{"file": "03_Jazz2-187-F#_comp_mic", "duration": 20.53200000000004, "net_0.0": 0.8787270837519372, "net_1.0": 0.8787270837519372, "net_2.0": 0.8787270837519372, "net_3.0": 0.8787270837519372, "net_5.0": 0.8787270837519372, "net_8.0": 0.8787270837519372}
{"file": "03_Rock2-142-D_comp_mic", "duration": 27.041600000000003, "net_0.0": 0.9316638074688126, "net_1.0": 0.9316638074688126, "net_2.0": 0.9316638074688126, "net_3.0": 0.9316638074688126, "net_5.0": 0.9316638074688126, "net_8.0": 0.9316638074688126}
{"file": "03_SS1-68-E_comp_mic", "duration": 42.34640000000002, "net_0.0": 0.7545015121899612, "net_1.0": 0.7545015121899612, "net_2.0": 0.763274850050474, "net_3.0": 0.7676615189807305, "net_5.0": 0.8004010198592, "net_8.0": 0.8223343645104817}
{"file": "04_BN1-129-Eb_comp_mic", "duration": 22.32439999999997, "net_0.0": 0.9786035540903759, "net_1.0": 0.9786035540903759, "net_2.0": 0.9786035540903759, "net_3.0": 0.9786035540903759, "net_5.0": 0.9786035540903759, "net_8.0": 0.9786035540903759}
{"file": "04_BN3-154-E_comp_mic", "duration": 24.932000000000016, "net_0.0": 0.9095444370592776, "net_1.0": 0.9095444370592776, "net_2.0": 0.9095444370592776, "net_3.0": 0.9095444370592776, "net_5.0": 0.9095444370592776, "net_8.0": 0.9095444370592776}
{"file": "04_Funk3-112-C#_comp_mic", "duration": 34.284400000000005, "net_0.0": 0.716162373525906, "net_1.0": 0.7134532749681333, "net_2.0": 0.7134532749681333, "net_3.0": 0.7134532749681333, "net_5.0": 0.7134532749681333, "net_8.0": 0.7134532749681333}
{"file": "04_Jazz2-187-F#_comp_mic", "duration": 20.53200000000004, "net_0.0": 0.7560744069672231, "net_1.0": 0.7560744069672231, "net_2.0": 0.7560744069672231, "net_3.0": 0.7560744069672231, "net_5.0": 0.7560744069672231, "net_8.0": 0.7560744069672231}
{"file": "04_Rock2-142-D_comp_mic", "duration": 27.041600000000003, "net_0.0": 0.9378831780325317, "net_1.0": 0.9378831780325317, "net_2.0": 0.9378831780325317, "net_3.0": 0.9341875787170808, "net_5.0": 0.9341875787170808, "net_8.0": 0.9341875787170808}
{"file": "04_SS1-68-E_comp_mic", "duration": 42.34640000000002, "net_0.0": 0.734608545651902, "net_1.0": 0.734608545651902, "net_2.0": 0.7762819004893377, "net_3.0": 0.7762819004893377, "net_5.0": 0.7762819004893377, "net_8.0": 0.7762819004893377}
{"file": "05_BN1-129-Eb_comp_mic", "duration": 22.32439999999997, "net_0.0": 0.4770396046458221, "net_1.0": 0.47287914261351205, "net_2.0": 0.47287914261351205, "net_3.0": 0.47287914261351205, "net_5.0": 0.47287914261351205, "net_8.0": 0.47703960464582223}
{"file": "05_BN3-154-E_comp_mic", "duration": 24.932000000000016, "net_0.0": 0.7581078335587743, "net_1.0": 0.750702161373473, "net_2.0": 0.750702161373473, "net_3.0": 0.7656034638913783, "net_5.0": 0.7974856896265985, "net_8.0": 0.7974407105529471}
{"file": "05_Funk3-112-C#_comp_mic", "duration": 34.284400000000005, "net_0.0": 0.5363314323874477, "net_1.0": 0.5363314323874477, "net_2.0": 0.5471678266185388, "net_3.0": 0.5471678266185388, "net_5.0": 0.5659330962184238, "net_8.0": 0.5659330962184238}
{"file": "05_Jazz2-187-F#_comp_mic", "duration": 20.53200000000004, "net_0.0": 0.4876880873761017, "net_1.0": 0.4876880873761017, "net_2.0": 0.4876880873761017, "net_3.0": 0.4876880873761017, "net_5.0": 0.4876880873761017, "net_8.0": 0.4876880873761017}
{"file": "05_Rock2-142-D_comp_mic", "duration": 27.041600000000003, "net_0.0": 0.9609759225160845, "net_1.0": 0.9587700522841995, "net_2.0": 0.9587700522841995, "net_3.0": 0.9587700522841995, "net_5.0": 0.9587700522841995, "net_8.0": 0.9587700522841995}
{"file": "05_SS1-68-E_comp_mic", "duration": 42.34640000000002, "net_0.0": 0.9955946836949253, "net_1.0": 0.9955946836949253, "net_2.0": 0.9955946836949253, "net_3.0": 0.9955946836949253, "net_5.0": 0.9955946836949253, "net_8.0": 0.9955946836949253}

ИТОГ AAM majmin: {0.0: 0.984, 1.0: 0.984, 2.0: 0.984, 3.0: 0.984, 5.0: 0.984, 8.0: 0.984}

ИТОГ majmin: {0.0: 0.852, 1.0: 0.851, 2.0: 0.854, 3.0: 0.856, 5.0: 0.857, 8.0: 0.857} | старый разбор: -

ИТОГ sevenths: {0.0: 0.835, 1.0: 0.834, 2.0: 0.838, 3.0: 0.84, 5.0: 0.84, 8.0: 0.84} | старый разбор: -

ИТОГ mirex: {0.0: 0.849, 1.0: 0.847, 2.0: 0.85, 3.0: 0.852, 5.0: 0.854, 8.0: 0.854} | старый разбор: -
/home/runner/work/midi_to_tab/midi_to_tab/scripts/chordnet/train.py:312: DeprecationWarning: You are using the legacy TorchScript-based ONNX export. Starting in PyTorch 2.9, the new torch.export-based ONNX exporter has become the default. Learn more about the new export logic: https://docs.pytorch.org/docs/stable/onnx_export.html. For exporting control flow: https://pytorch.org/tutorials/beginner/onnx/export_control_flow_model_to_onnx_tutorial.html
  torch.onnx.export(model, torch.zeros(1, 200, common.WINDOW), args.export,
/opt/hostedtoolcache/Python/3.11.17/x64/lib/python3.11/site-packages/torch/onnx/_internal/torchscript_exporter/symbolic_opset9.py:4604: UserWarning: Exporting a model to ONNX with a batch_size other than 1, with a variable length with GRU can cause an error when running the ONNX model with a different batch size. Make sure to save the model with a batch size of 1, or define the initial states (h0/c0) as inputs of the model. 
  return _generic_rnn(
модель: results/chordnet.onnx 2.11 МБ
