проверочные песни: ['BN1-129-Eb', 'BN3-154-E', 'Funk3-112-C#', 'Jazz2-187-F#', 'Rock2-142-D', 'SS1-68-E']
обучение: GuitarSet 288, синтетика 2400, AAM 1940; проверка: GuitarSet 36, AAM 60
доли качеств: {'maj': np.float64(0.517), 'min': np.float64(0.348), '7': np.float64(0.04), 'maj7': np.float64(0.005), 'min7': np.float64(0.012), 'sus4': np.float64(0.009), 'sus2': np.float64(0.007), 'dim': np.float64(0.019), 'aug': np.float64(0.003), 'maj6': np.float64(0.002), 'N': np.float64(0.037)} | веса: {'maj': np.float64(0.5), 'min': np.float64(0.51), '7': np.float64(1.5), 'maj7': np.float64(3.0), 'min7': np.float64(2.75), 'sus4': np.float64(3.0), 'sus2': np.float64(3.0), 'dim': np.float64(2.18), 'aug': np.float64(3.0), 'maj6': np.float64(3.0), 'N': np.float64(1.57)}
шаг 250/20000: потери 4.594, 125 с
шаг 500/20000: потери 3.343, 248 с
шаг 750/20000: потери 2.012, 370 с
шаг 1000/20000: потери 2.937, 492 с
шаг 1250/20000: потери 3.025, 616 с
шаг 1500/20000: потери 3.597, 740 с
шаг 1750/20000: потери 2.346, 862 с
шаг 2000/20000: потери 1.853, 983 с
шаг 2250/20000: потери 1.925, 1107 с
шаг 2500/20000: потери 1.877, 1229 с
шаг 2750/20000: потери 3.074, 1350 с
шаг 3000/20000: потери 1.777, 1474 с
шаг 3250/20000: потери 2.827, 1597 с
шаг 3500/20000: потери 1.791, 1721 с
шаг 3750/20000: потери 1.631, 1846 с
шаг 4000/20000: потери 1.904, 1968 с
шаг 4250/20000: потери 2.427, 2093 с
шаг 4500/20000: потери 1.718, 2218 с
шаг 4750/20000: потери 1.713, 2341 с
шаг 5000/20000: потери 1.786, 2462 с
шаг 5250/20000: потери 1.712, 2584 с
шаг 5500/20000: потери 1.769, 2704 с
шаг 5750/20000: потери 1.981, 2824 с
шаг 6000/20000: потери 1.750, 2944 с
шаг 6250/20000: потери 1.782, 3065 с
шаг 6500/20000: потери 1.696, 3185 с
шаг 6750/20000: потери 1.742, 3305 с
шаг 7000/20000: потери 1.778, 3425 с
шаг 7250/20000: потери 1.784, 3546 с
шаг 7500/20000: потери 1.538, 3666 с
шаг 7750/20000: потери 1.763, 3785 с
шаг 8000/20000: потери 1.703, 3905 с
шаг 8250/20000: потери 1.677, 4025 с
шаг 8500/20000: потери 1.811, 4146 с
шаг 8750/20000: потери 1.703, 4266 с
шаг 9000/20000: потери 1.496, 4387 с
шаг 9250/20000: потери 1.390, 4509 с
шаг 9500/20000: потери 1.668, 4631 с
шаг 9750/20000: потери 1.670, 4753 с
шаг 10000/20000: потери 1.616, 4875 с
шаг 10250/20000: потери 1.719, 4994 с
шаг 10500/20000: потери 1.682, 5116 с
шаг 10750/20000: потери 1.764, 5237 с
шаг 11000/20000: потери 1.574, 5356 с
шаг 11250/20000: потери 1.654, 5476 с
шаг 11500/20000: потери 1.727, 5596 с
шаг 11750/20000: потери 1.518, 5716 с
шаг 12000/20000: потери 1.677, 5835 с
шаг 12250/20000: потери 1.228, 5955 с
шаг 12500/20000: потери 1.648, 6074 с
шаг 12750/20000: потери 1.663, 6195 с
шаг 13000/20000: потери 1.426, 6316 с
шаг 13250/20000: потери 1.663, 6437 с
шаг 13500/20000: потери 1.314, 6559 с
шаг 13750/20000: потери 1.666, 6686 с
шаг 14000/20000: потери 1.688, 6808 с
шаг 14250/20000: потери 1.564, 6930 с
шаг 14500/20000: потери 1.364, 7052 с
шаг 14750/20000: потери 1.821, 7175 с
шаг 15000/20000: потери 1.293, 7297 с
шаг 15250/20000: потери 1.391, 7419 с
шаг 15500/20000: потери 1.293, 7539 с
шаг 15750/20000: потери 1.066, 7661 с
шаг 16000/20000: потери 1.347, 7782 с
шаг 16250/20000: потери 1.641, 7904 с
шаг 16500/20000: потери 1.247, 8024 с
шаг 16750/20000: потери 1.379, 8147 с
шаг 17000/20000: потери 0.887, 8271 с
шаг 17250/20000: потери 1.518, 8396 с
шаг 17500/20000: потери 1.271, 8521 с
шаг 17750/20000: потери 0.999, 8645 с
шаг 18000/20000: потери 1.645, 8771 с
шаг 18250/20000: потери 1.746, 8897 с
шаг 18500/20000: потери 1.585, 9023 с
шаг 18750/20000: потери 1.394, 9148 с
шаг 19000/20000: потери 1.696, 9273 с
шаг 19250/20000: потери 1.380, 9398 с
шаг 19500/20000: потери 1.220, 9522 с
шаг 19750/20000: потери 1.666, 9646 с
шаг 20000/20000: потери 0.892, 9770 с
{"file": "00_BN1-129-Eb_comp_mic", "duration": 22.32439999999997, "net_0.0": 0.8956029412641073, "net_1.0": 0.9164052514256582, "net_2.0": 0.9164052514256582, "net_3.0": 0.9288866375225886, "net_5.0": 0.9288866375225886, "net_8.0": 0.9288866375225886}
{"file": "00_BN3-154-E_comp_mic", "duration": 24.932000000000016, "net_0.0": 0.8783210224616563, "net_1.0": 0.8708703712027035, "net_2.0": 0.8804006431610657, "net_3.0": 0.8804006431610657, "net_5.0": 0.8804006431610657, "net_8.0": 0.8224411380195112}
{"file": "00_Funk3-112-C#_comp_mic", "duration": 34.284400000000005, "net_0.0": 0.8722966920081142, "net_1.0": 0.8722966920081142, "net_2.0": 0.8722966920081142, "net_3.0": 0.8722966920081142, "net_5.0": 0.8939694804702963, "net_8.0": 0.8939694804702963}
{"file": "00_Jazz2-187-F#_comp_mic", "duration": 20.53200000000004, "net_0.0": 0.8026091421862918, "net_1.0": 0.8026091421862918, "net_2.0": 0.7664191551109902, "net_3.0": 0.7664191551109902, "net_5.0": 0.7664191551109902, "net_8.0": 0.7405691643429176}
{"file": "00_Rock2-142-D_comp_mic", "duration": 27.041600000000003, "net_0.0": 0.9553310198216444, "net_1.0": 0.9553310198216444, "net_2.0": 0.9553310198216444, "net_3.0": 0.9553310198216444, "net_5.0": 0.9553310198216444, "net_8.0": 0.9553310198216444}
{"file": "00_SS1-68-E_comp_mic", "duration": 42.34640000000002, "net_0.0": 0.9802413424390278, "net_1.0": 0.9868213458344124, "net_2.0": 0.9868213458344124, "net_3.0": 0.9868213458344124, "net_5.0": 0.9977880181600535, "net_8.0": 0.9977880181600535}
{"file": "01_BN1-129-Eb_comp_mic", "duration": 22.32439999999997, "net_0.0": 0.9684352155622808, "net_1.0": 0.9684352155622808, "net_2.0": 0.9684352155622808, "net_3.0": 0.9684352155622808, "net_5.0": 0.9684352155622808, "net_8.0": 0.9684352155622808}
{"file": "01_BN3-154-E_comp_mic", "duration": 24.932000000000016, "net_0.0": 0.9527825559775317, "net_1.0": 0.9527825559775317, "net_2.0": 0.9527825559775317, "net_3.0": 0.9527825559775317, "net_5.0": 0.9527825559775317, "net_8.0": 0.9527825559775317}
{"file": "01_Funk3-112-C#_comp_mic", "duration": 34.284400000000005, "net_0.0": 0.9272141410923395, "net_1.0": 0.9272141410923395, "net_2.0": 0.9272141410923395, "net_3.0": 0.9272141410923395, "net_5.0": 0.9272141410923395, "net_8.0": 0.9272141410923395}
{"file": "01_Jazz2-187-F#_comp_mic", "duration": 20.53200000000004, "net_0.0": 0.9234047148548306, "net_1.0": 0.9234047148548306, "net_2.0": 0.9234047148548306, "net_3.0": 0.9234047148548306, "net_5.0": 0.8923847259331436, "net_8.0": 0.8923847259331436}
{"file": "01_Rock2-142-D_comp_mic", "duration": 27.041600000000003, "net_0.0": 0.9750421786295698, "net_1.0": 0.9750421786295698, "net_2.0": 0.9750421786295698, "net_3.0": 0.9750421786295698, "net_5.0": 0.9750421786295698, "net_8.0": 0.9750421786295698}
{"file": "01_SS1-68-E_comp_mic", "duration": 42.34640000000002, "net_0.0": 0.9912180944267327, "net_1.0": 0.9912180944267327, "net_2.0": 0.9912180944267327, "net_3.0": 0.9912180944267327, "net_5.0": 0.9912180944267327, "net_8.0": 0.9912180944267327}
{"file": "02_BN1-129-Eb_comp_mic", "duration": 22.32439999999997, "net_0.0": 0.8273378086816441, "net_1.0": 0.8356587327462642, "net_2.0": 0.8356587327462642, "net_3.0": 0.8537896931210716, "net_5.0": 0.8537896931210716, "net_8.0": 0.8537896931210716}
{"file": "02_BN3-154-E_comp_mic", "duration": 24.932000000000016, "net_0.0": 0.9771400472736679, "net_1.0": 0.9771400472736679, "net_2.0": 0.9771400472736679, "net_3.0": 0.9771400472736679, "net_5.0": 0.9771400472736679, "net_8.0": 0.9771400472736679}
{"file": "02_Funk3-112-C#_comp_mic", "duration": 34.284400000000005, "net_0.0": 0.9443219132923908, "net_1.0": 0.9361946176190725, "net_2.0": 0.9361946176190725, "net_3.0": 0.9361946176190725, "net_5.0": 0.9361946176190725, "net_8.0": 0.9361946176190725}
{"file": "02_Jazz2-187-F#_comp_mic", "duration": 20.53200000000004, "net_0.0": 0.9431252684737019, "net_1.0": 0.9431252684737019, "net_2.0": 0.9431252684737019, "net_3.0": 0.9431252684737019, "net_5.0": 0.9431252684737019, "net_8.0": 0.9431252684737019}
{"file": "02_Rock2-142-D_comp_mic", "duration": 27.041600000000003, "net_0.0": 0.9375652770161488, "net_1.0": 0.9375652770161488, "net_2.0": 0.9375652770161488, "net_3.0": 0.9375652770161488, "net_5.0": 0.9375652770161488, "net_8.0": 0.9375652770161488}
{"file": "02_SS1-68-E_comp_mic", "duration": 42.34640000000002, "net_0.0": 0.9824346769041562, "net_1.0": 0.9824346769041562, "net_2.0": 0.9824346769041562, "net_3.0": 0.9824346769041562, "net_5.0": 0.9824346769041562, "net_8.0": 0.9824346769041562}
{"file": "03_BN1-129-Eb_comp_mic", "duration": 22.32439999999997, "net_0.0": 0.9837920372643907, "net_1.0": 0.9837920372643907, "net_2.0": 0.9837920372643907, "net_3.0": 0.9837920372643907, "net_5.0": 0.9837920372643907, "net_8.0": 0.9837920372643907}
{"file": "03_BN3-154-E_comp_mic", "duration": 24.932000000000016, "net_0.0": 0.9260173613271184, "net_1.0": 0.9260173613271184, "net_2.0": 0.9260173613271184, "net_3.0": 0.9260173613271184, "net_5.0": 0.9260173613271184, "net_8.0": 0.9260173613271184}
{"file": "03_Funk3-112-C#_comp_mic", "duration": 34.284400000000005, "net_0.0": 0.5598071735607006, "net_1.0": 0.5598071735607006, "net_2.0": 0.5625162721184734, "net_3.0": 0.5625162721184734, "net_5.0": 0.5625162721184734, "net_8.0": 0.5625162721184734}
{"file": "03_Jazz2-187-F#_comp_mic", "duration": 20.53200000000004, "net_0.0": 0.8354862352241542, "net_1.0": 0.8354862352241542, "net_2.0": 0.8354862352241542, "net_3.0": 0.8354862352241542, "net_5.0": 0.8354862352241542, "net_8.0": 0.8354862352241542}
{"file": "03_Rock2-142-D_comp_mic", "duration": 27.041600000000003, "net_0.0": 0.9357040875058309, "net_1.0": 0.9357040875058309, "net_2.0": 0.9357040875058309, "net_3.0": 0.9357040875058309, "net_5.0": 0.9357040875058309, "net_8.0": 0.9357040875058309}
{"file": "03_SS1-68-E_comp_mic", "duration": 42.34640000000002, "net_0.0": 0.809180405516951, "net_1.0": 0.8245337467728483, "net_2.0": 0.8464691073565429, "net_3.0": 0.8662091175426967, "net_5.0": 0.8662091175426967, "net_8.0": 0.8837557932637223}
{"file": "04_BN1-129-Eb_comp_mic", "duration": 22.32439999999997, "net_0.0": 0.9869244781549962, "net_1.0": 0.9869244781549962, "net_2.0": 0.9869244781549962, "net_3.0": 0.9869244781549962, "net_5.0": 0.9869244781549962, "net_8.0": 0.9869244781549962}
{"file": "04_BN3-154-E_comp_mic", "duration": 24.932000000000016, "net_0.0": 0.8760165063939904, "net_1.0": 0.8573898782466087, "net_2.0": 0.8573898782466087, "net_3.0": 0.8573898782466087, "net_5.0": 0.8573898782466087, "net_8.0": 0.8573898782466087}
{"file": "04_Funk3-112-C#_comp_mic", "duration": 34.284400000000005, "net_0.0": 0.8612843386509709, "net_1.0": 0.8612843386509709, "net_2.0": 0.8667025357665165, "net_3.0": 0.8667025357665165, "net_5.0": 0.8667025357665165, "net_8.0": 0.8802480285553802}
{"file": "04_Jazz2-187-F#_comp_mic", "duration": 20.53200000000004, "net_0.0": 0.9154229254259925, "net_1.0": 0.9154229254259925, "net_2.0": 0.9154229254259925, "net_3.0": 0.9154229254259925, "net_5.0": 0.9154229254259925, "net_8.0": 0.9154229254259925}
{"file": "04_Rock2-142-D_comp_mic", "duration": 27.041600000000003, "net_0.0": 0.944443341941259, "net_1.0": 0.944443341941259, "net_2.0": 0.944443341941259, "net_3.0": 0.944443341941259, "net_5.0": 0.944443341941259, "net_8.0": 0.944443341941259}
{"file": "04_SS1-68-E_comp_mic", "duration": 42.34640000000002, "net_0.0": 0.8179552553267732, "net_1.0": 0.8179552553267732, "net_2.0": 0.8179552553267732, "net_3.0": 0.8179552553267732, "net_5.0": 0.8179552553267732, "net_8.0": 0.7675085626288248}
{"file": "05_BN1-129-Eb_comp_mic", "duration": 22.32439999999997, "net_0.0": 0.46455821854889173, "net_1.0": 0.4812000666781323, "net_2.0": 0.5186442249689236, "net_3.0": 0.5186442249689236, "net_5.0": 0.5186442249689236, "net_8.0": 0.5685697693566454}
{"file": "05_BN3-154-E_comp_mic", "duration": 24.932000000000016, "net_0.0": 0.7536046345379159, "net_1.0": 0.787132565203203, "net_2.0": 0.787132565203203, "net_3.0": 0.7983085420916319, "net_5.0": 0.7983085420916319, "net_8.0": 0.798308542091632}
{"file": "05_Funk3-112-C#_comp_mic", "duration": 34.284400000000005, "net_0.0": 0.5344107238396519, "net_1.0": 0.5181561324930154, "net_2.0": 0.5046106397041515, "net_3.0": 0.5059678345870983, "net_5.0": 0.5059678345870983, "net_8.0": 0.48429504612491625}
{"file": "05_Jazz2-187-F#_comp_mic", "duration": 20.53200000000004, "net_0.0": 0.7134502415257249, "net_1.0": 0.7134502415257249, "net_2.0": 0.7134502415257249, "net_3.0": 0.7134502415257249, "net_5.0": 0.7134502415257249, "net_8.0": 0.713450241525725}
{"file": "05_Rock2-142-D_comp_mic", "duration": 27.041600000000003, "net_0.0": 0.9665059316366689, "net_1.0": 0.9665059316366689, "net_2.0": 0.9665059316366689, "net_3.0": 0.9665059316366689, "net_5.0": 0.9665059316366689, "net_8.0": 0.9665059316366689}
{"file": "05_SS1-68-E_comp_mic", "duration": 42.34640000000002, "net_0.0": 0.9999813526251816, "net_1.0": 0.9999813526251816, "net_2.0": 0.9999813526251816, "net_3.0": 0.9999813526251816, "net_5.0": 0.9999813526251816, "net_8.0": 0.9999813526251816}

ИТОГ AAM majmin: {0.0: 0.98, 1.0: 0.98, 2.0: 0.98, 3.0: 0.98, 5.0: 0.98, 8.0: 0.979}

ИТОГ majmin: {0.0: 0.88, 1.0: 0.882, 2.0: 0.883, 3.0: 0.884, 5.0: 0.885, 8.0: 0.882} | старый разбор: -

ИТОГ sevenths: {0.0: 0.878, 1.0: 0.88, 2.0: 0.881, 3.0: 0.883, 5.0: 0.884, 8.0: 0.881} | старый разбор: -

ИТОГ mirex: {0.0: 0.881, 1.0: 0.882, 2.0: 0.883, 3.0: 0.885, 5.0: 0.886, 8.0: 0.883} | старый разбор: -
/home/runner/work/midi_to_tab/midi_to_tab/scripts/chordnet/train.py:309: DeprecationWarning: You are using the legacy TorchScript-based ONNX export. Starting in PyTorch 2.9, the new torch.export-based ONNX exporter has become the default. Learn more about the new export logic: https://docs.pytorch.org/docs/stable/onnx_export.html. For exporting control flow: https://pytorch.org/tutorials/beginner/onnx/export_control_flow_model_to_onnx_tutorial.html
  torch.onnx.export(model, torch.zeros(1, 200, common.WINDOW), args.export,
/opt/hostedtoolcache/Python/3.11.16/x64/lib/python3.11/site-packages/torch/onnx/_internal/torchscript_exporter/symbolic_opset9.py:4604: UserWarning: Exporting a model to ONNX with a batch_size other than 1, with a variable length with GRU can cause an error when running the ONNX model with a different batch size. Make sure to save the model with a batch size of 1, or define the initial states (h0/c0) as inputs of the model. 
  return _generic_rnn(
модель: results/chordnet.onnx 2.11 МБ
